Archive member included to satisfy reference by file (symbol)

/Applications/STM32CubeIDE.app/Contents/Eclipse/plugins/com.st.stm32cube.ide.mcu.externaltools.gnu-tools-for-stm32.9-2020-q2-update.macos64_2.0.0.202105311346/tools/bin/../lib/gcc/arm-none-eabi/9.3.1/../../../../arm-none-eabi/lib/thumb/v7e-m+fp/hard/libc_nano.a(lib_a-errno.o)
                              ./Src/syscalls.o (__errno)
/Applications/STM32CubeIDE.app/Contents/Eclipse/plugins/com.st.stm32cube.ide.mcu.externaltools.gnu-tools-for-stm32.9-2020-q2-update.macos64_2.0.0.202105311346/tools/bin/../lib/gcc/arm-none-eabi/9.3.1/../../../../arm-none-eabi/lib/thumb/v7e-m+fp/hard/libc_nano.a(lib_a-exit.o)
                              /Applications/STM32CubeIDE.app/Contents/Eclipse/plugins/com.st.stm32cube.ide.mcu.externaltools.gnu-tools-for-stm32.9-2020-q2-update.macos64_2.0.0.202105311346/tools/bin/../lib/gcc/arm-none-eabi/9.3.1/../../../../arm-none-eabi/lib/thumb/v7e-m+fp/hard/crt0.o (exit)
/Applications/STM32CubeIDE.app/Contents/Eclipse/plugins/com.st.stm32cube.ide.mcu.externaltools.gnu-tools-for-stm32.9-2020-q2-update.macos64_2.0.0.202105311346/tools/bin/../lib/gcc/arm-none-eabi/9.3.1/../../../../arm-none-eabi/lib/thumb/v7e-m+fp/hard/libc_nano.a(lib_a-impure.o)
                              /Applications/STM32CubeIDE.app/Contents/Eclipse/plugins/com.st.stm32cube.ide.mcu.externaltools.gnu-tools-for-stm32.9-2020-q2-update.macos64_2.0.0.202105311346/tools/bin/../lib/gcc/arm-none-eabi/9.3.1/../../../../arm-none-eabi/lib/thumb/v7e-m+fp/hard/libc_nano.a(lib_a-exit.o) (_global_impure_ptr)
/Applications/STM32CubeIDE.app/Contents/Eclipse/plugins/com.st.stm32cube.ide.mcu.externaltools.gnu-tools-for-stm32.9-2020-q2-update.macos64_2.0.0.202105311346/tools/bin/../lib/gcc/arm-none-eabi/9.3.1/../../../../arm-none-eabi/lib/thumb/v7e-m+fp/hard/libc_nano.a(lib_a-init.o)
                              /Applications/STM32CubeIDE.app/Contents/Eclipse/plugins/com.st.stm32cube.ide.mcu.externaltools.gnu-tools-for-stm32.9-2020-q2-update.macos64_2.0.0.202105311346/tools/bin/../lib/gcc/arm-none-eabi/9.3.1/../../../../arm-none-eabi/lib/thumb/v7e-m+fp/hard/crt0.o (__libc_init_array)
/Applications/STM32CubeIDE.app/Contents/Eclipse/plugins/com.st.stm32cube.ide.mcu.externaltools.gnu-tools-for-stm32.9-2020-q2-update.macos64_2.0.0.202105311346/tools/bin/../lib/gcc/arm-none-eabi/9.3.1/../../../../arm-none-eabi/lib/thumb/v7e-m+fp/hard/libc_nano.a(lib_a-memset.o)
                              /Applications/STM32CubeIDE.app/Contents/Eclipse/plugins/com.st.stm32cube.ide.mcu.externaltools.gnu-tools-for-stm32.9-2020-q2-update.macos64_2.0.0.202105311346/tools/bin/../lib/gcc/arm-none-eabi/9.3.1/../../../../arm-none-eabi/lib/thumb/v7e-m+fp/hard/crt0.o (memset)
/Applications/STM32CubeIDE.app/Contents/Eclipse/plugins/com.st.stm32cube.ide.mcu.externaltools.gnu-tools-for-stm32.9-2020-q2-update.macos64_2.0.0.202105311346/tools/bin/../lib/gcc/arm-none-eabi/9.3.1/thumb/v7e-m+fp/hard/libgcc.a(_aeabi_uldivmod.o)
                              ./Drivers/STM32L4xx_HAL_Driver/Src/stm32l4xx_hal_uart.o (__aeabi_uldivmod)
/Applications/STM32CubeIDE.app/Contents/Eclipse/plugins/com.st.stm32cube.ide.mcu.externaltools.gnu-tools-for-stm32.9-2020-q2-update.macos64_2.0.0.202105311346/tools/bin/../lib/gcc/arm-none-eabi/9.3.1/thumb/v7e-m+fp/hard/libgcc.a(_udivmoddi4.o)
                              /Applications/STM32CubeIDE.app/Contents/Eclipse/plugins/com.st.stm32cube.ide.mcu.externaltools.gnu-tools-for-stm32.9-2020-q2-update.macos64_2.0.0.202105311346/tools/bin/../lib/gcc/arm-none-eabi/9.3.1/thumb/v7e-m+fp/hard/libgcc.a(_aeabi_uldivmod.o) (__udivmoddi4)
/Applications/STM32CubeIDE.app/Contents/Eclipse/plugins/com.st.stm32cube.ide.mcu.externaltools.gnu-tools-for-stm32.9-2020-q2-update.macos64_2.0.0.202105311346/tools/bin/../lib/gcc/arm-none-eabi/9.3.1/thumb/v7e-m+fp/hard/libgcc.a(_dvmd_tls.o)
                              /Applications/STM32CubeIDE.app/Contents/Eclipse/plugins/com.st.stm32cube.ide.mcu.externaltools.gnu-tools-for-stm32.9-2020-q2-update.macos64_2.0.0.202105311346/tools/bin/../lib/gcc/arm-none-eabi/9.3.1/thumb/v7e-m+fp/hard/libgcc.a(_aeabi_uldivmod.o) (__aeabi_ldiv0)

Allocating common symbols
Common symbol       size              file

hUsbDeviceFS        0x2d0             ./Src/usb_device.o
acceleroResults     0x6               ./Src/main.o
hDiscoUart          0x84              ./Src/stm32l475e_iot01.o
x                   0x2               ./Src/main.o
mouseHID            0x5               ./Src/main.o
n                   0x4               ./Src/main.o
hi2c1               0x4c              ./Src/main.o
hpcd_USB_OTG_FS     0x408             ./Src/usbd_conf.o
uwTick              0x4               ./Drivers/STM32L4xx_HAL_Driver/Src/stm32l4xx_hal.o
VR                  0x8               ./Src/main.o
hadc1               0x64              ./Src/main.o
huart1              0x84              ./Src/main.o
buffer              0x64              ./Src/main.o
[...]
Memory Configuration

Name             Origin             Length             Attributes
RAM              0x0000000020000000 0x0000000000018000 xrw
RAM2             0x0000000010000000 0x0000000000008000 xrw
FLASH            0x0000000008000000 0x0000000000100000 xr
*default*        0x0000000000000000 0xffffffffffffffff

Linker script and memory map

LOAD /Applications/STM32CubeIDE.app/Contents/Eclipse/plugins/com.st.stm32cube.ide.mcu.externaltools.gnu-tools-for-stm32.9-2020-q2-update.macos64_2.0.0.202105311346/tools/bin/../lib/gcc/arm-none-eabi/9.3.1/thumb/v7e-m+fp/hard/crti.o
LOAD /Applications/STM32CubeIDE.app/Contents/Eclipse/plugins/com.st.stm32cube.ide.mcu.externaltools.gnu-tools-for-stm32.9-2020-q2-update.macos64_2.0.0.202105311346/tools/bin/../lib/gcc/arm-none-eabi/9.3.1/thumb/v7e-m+fp/hard/crtbegin.o
LOAD /Applications/STM32CubeIDE.app/Contents/Eclipse/plugins/com.st.stm32cube.ide.mcu.externaltools.gnu-tools-for-stm32.9-2020-q2-update.macos64_2.0.0.202105311346/tools/bin/../lib/gcc/arm-none-eabi/9.3.1/../../../../arm-none-eabi/lib/thumb/v7e-m+fp/hard/crt0.o
LOAD ./Drivers/STM32L4xx_HAL_Driver/Src/stm32l4xx_hal.o
LOAD ./Drivers/STM32L4xx_HAL_Driver/Src/stm32l4xx_hal_adc.o
LOAD ./Drivers/STM32L4xx_HAL_Driver/Src/stm32l4xx_hal_adc_ex.o
LOAD ./Drivers/STM32L4xx_HAL_Driver/Src/stm32l4xx_hal_cortex.o
LOAD ./Drivers/STM32L4xx_HAL_Driver/Src/stm32l4xx_hal_dma.o
LOAD ./Drivers/STM32L4xx_HAL_Driver/Src/stm32l4xx_hal_dma_ex.o
LOAD ./Drivers/STM32L4xx_HAL_Driver/Src/stm32l4xx_hal_exti.o
LOAD ./Drivers/STM32L4xx_HAL_Driver/Src/stm32l4xx_hal_flash.o
LOAD ./Drivers/STM32L4xx_HAL_Driver/Src/stm32l4xx_hal_flash_ex.o
LOAD ./Drivers/STM32L4xx_HAL_Driver/Src/stm32l4xx_hal_flash_ramfunc.o
LOAD ./Drivers/STM32L4xx_HAL_Driver/Src/stm32l4xx_hal_gpio.o
LOAD ./Drivers/STM32L4xx_HAL_Driver/Src/stm32l4xx_hal_i2c.o
LOAD ./Drivers/STM32L4xx_HAL_Driver/Src/stm32l4xx_hal_i2c_ex.o
LOAD ./Drivers/STM32L4xx_HAL_Driver/Src/stm32l4xx_hal_pcd.o
LOAD ./Drivers/STM32L4xx_HAL_Driver/Src/stm32l4xx_hal_pcd_ex.o
LOAD ./Drivers/STM32L4xx_HAL_Driver/Src/stm32l4xx_hal_pwr.o
LOAD ./Drivers/STM32L4xx_HAL_Driver/Src/stm32l4xx_hal_pwr_ex.o
LOAD ./Drivers/STM32L4xx_HAL_Driver/Src/stm32l4xx_hal_rcc.o
LOAD ./Drivers/STM32L4xx_HAL_Driver/Src/stm32l4xx_hal_rcc_ex.o
LOAD ./Drivers/STM32L4xx_HAL_Driver/Src/stm32l4xx_hal_tim.o
LOAD ./Drivers/STM32L4xx_HAL_Driver/Src/stm32l4xx_hal_tim_ex.o
LOAD ./Drivers/STM32L4xx_HAL_Driver/Src/stm32l4xx_hal_uart.o
LOAD ./Drivers/STM32L4xx_HAL_Driver/Src/stm32l4xx_hal_uart_ex.o
LOAD ./Drivers/STM32L4xx_HAL_Driver/Src/stm32l4xx_ll_usb.o
LOAD ./Middlewares/ST/STM32_USB_Device_Library/Class/HID/Src/usbd_hid.o
LOAD ./Middlewares/ST/STM32_USB_Device_Library/Core/Src/usbd_core.o
LOAD ./Middlewares/ST/STM32_USB_Device_Library/Core/Src/usbd_ctlreq.o
LOAD ./Middlewares/ST/STM32_USB_Device_Library/Core/Src/usbd_ioreq.o
LOAD ./Src/lsm6dsl.o
LOAD ./Src/main.o
LOAD ./Src/stm32l475e_iot01.o
LOAD ./Src/stm32l475e_iot01_accelero.o
LOAD ./Src/stm32l4xx_hal_msp.o
LOAD ./Src/stm32l4xx_it.o
LOAD ./Src/syscalls.o
LOAD ./Src/sysmem.o
LOAD ./Src/system_stm32l4xx.o
LOAD ./Src/usb_device.o
LOAD ./Src/usbd_conf.o
LOAD ./Src/usbd_desc.o
LOAD ./Startup/startup_stm32l475vgtx.o
START GROUP
LOAD /Applications/STM32CubeIDE.app/Contents/Eclipse/plugins/com.st.stm32cube.ide.mcu.externaltools.gnu-tools-for-stm32.9-2020-q2-update.macos64_2.0.0.202105311346/tools/bin/../lib/gcc/arm-none-eabi/9.3.1/../../../../arm-none-eabi/lib/thumb/v7e-m+fp/hard/libc_nano.a
LOAD /Applications/STM32CubeIDE.app/Contents/Eclipse/plugins/com.st.stm32cube.ide.mcu.externaltools.gnu-tools-for-stm32.9-2020-q2-update.macos64_2.0.0.202105311346/tools/bin/../lib/gcc/arm-none-eabi/9.3.1/../../../../arm-none-eabi/lib/thumb/v7e-m+fp/hard/libm.a
END GROUP
START GROUP
LOAD /Applications/STM32CubeIDE.app/Contents/Eclipse/plugins/com.st.stm32cube.ide.mcu.externaltools.gnu-tools-for-stm32.9-2020-q2-update.macos64_2.0.0.202105311346/tools/bin/../lib/gcc/arm-none-eabi/9.3.1/thumb/v7e-m+fp/hard/libgcc.a
LOAD /Applications/STM32CubeIDE.app/Contents/Eclipse/plugins/com.st.stm32cube.ide.mcu.externaltools.gnu-tools-for-stm32.9-2020-q2-update.macos64_2.0.0.202105311346/tools/bin/../lib/gcc/arm-none-eabi/9.3.1/../../../../arm-none-eabi/lib/thumb/v7e-m+fp/hard/libc_nano.a
END GROUP
START GROUP
LOAD /Applications/STM32CubeIDE.app/Contents/Eclipse/plugins/com.st.stm32cube.ide.mcu.externaltools.gnu-tools-for-stm32.9-2020-q2-update.macos64_2.0.0.202105311346/tools/bin/../lib/gcc/arm-none-eabi/9.3.1/thumb/v7e-m+fp/hard/libgcc.a
LOAD /Applications/STM32CubeIDE.app/Contents/Eclipse/plugins/com.st.stm32cube.ide.mcu.externaltools.gnu-tools-for-stm32.9-2020-q2-update.macos64_2.0.0.202105311346/tools/bin/../lib/gcc/arm-none-eabi/9.3.1/../../../../arm-none-eabi/lib/thumb/v7e-m+fp/hard/libc_nano.a
LOAD /Applications/STM32CubeIDE.app/Contents/Eclipse/plugins/com.st.stm32cube.ide.mcu.externaltools.gnu-tools-for-stm32.9-2020-q2-update.macos64_2.0.0.202105311346/tools/bin/../lib/gcc/arm-none-eabi/9.3.1/../../../../arm-none-eabi/lib/thumb/v7e-m+fp/hard/libnosys.a
END GROUP
START GROUP
LOAD /Applications/STM32CubeIDE.app/Contents/Eclipse/plugins/com.st.stm32cube.ide.mcu.externaltools.gnu-tools-for-stm32.9-2020-q2-update.macos64_2.0.0.202105311346/tools/bin/../lib/gcc/arm-none-eabi/9.3.1/thumb/v7e-m+fp/hard/libgcc.a
LOAD /Applications/STM32CubeIDE.app/Contents/Eclipse/plugins/com.st.stm32cube.ide.mcu.externaltools.gnu-tools-for-stm32.9-2020-q2-update.macos64_2.0.0.202105311346/tools/bin/../lib/gcc/arm-none-eabi/9.3.1/../../../../arm-none-eabi/lib/thumb/v7e-m+fp/hard/libc_nano.a
LOAD /Applications/STM32CubeIDE.app/Contents/Eclipse/plugins/com.st.stm32cube.ide.mcu.externaltools.gnu-tools-for-stm32.9-2020-q2-update.macos64_2.0.0.202105311346/tools/bin/../lib/gcc/arm-none-eabi/9.3.1/../../../../arm-none-eabi/lib/thumb/v7e-m+fp/hard/libnosys.a
END GROUP
LOAD /Applications/STM32CubeIDE.app/Contents/Eclipse/plugins/com.st.stm32cube.ide.mcu.externaltools.gnu-tools-for-stm32.9-2020-q2-update.macos64_2.0.0.202105311346/tools/bin/../lib/gcc/arm-none-eabi/9.3.1/thumb/v7e-m+fp/hard/crtend.o
LOAD /Applications/STM32CubeIDE.app/Contents/Eclipse/plugins/com.st.stm32cube.ide.mcu.externaltools.gnu-tools-for-stm32.9-2020-q2-update.macos64_2.0.0.202105311346/tools/bin/../lib/gcc/arm-none-eabi/9.3.1/thumb/v7e-m+fp/hard/crtn.o
                0x0000000020018000                _estack = (ORIGIN (RAM) + LENGTH (RAM))
                0x0000000000000200                _Min_Heap_Size = 0x200
                0x0000000000000400                _Min_Stack_Size = 0x400

.isr_vector     0x0000000008000000      0x188
                0x0000000008000000                . = ALIGN (0x4)
 *(.isr_vector)
 .isr_vector    0x0000000008000000      0x188 ./Startup/startup_stm32l475vgtx.o
                0x0000000008000000                g_pfnVectors
                0x0000000008000188                . = ALIGN (0x4)

.text           0x0000000008000188     0xa4d4
                0x0000000008000188                . = ALIGN (0x4)
 *(.text)
 .text          0x0000000008000188       0x40 /Applications/STM32CubeIDE.app/Contents/Eclipse/plugins/com.st.stm32cube.ide.mcu.externaltools.gnu-tools-for-stm32.9-2020-q2-update.macos64_2.0.0.202105311346/tools/bin/../lib/gcc/arm-none-eabi/9.3.1/thumb/v7e-m+fp/hard/crtbegin.o
 .text          0x00000000080001c8       0x30 /Applications/STM32CubeIDE.app/Contents/Eclipse/plugins/com.st.stm32cube.ide.mcu.externaltools.gnu-tools-for-stm32.9-2020-q2-update.macos64_2.0.0.202105311346/tools/bin/../lib/gcc/arm-none-eabi/9.3.1/thumb/v7e-m+fp/hard/libgcc.a(_aeabi_uldivmod.o)
                0x00000000080001c8                __aeabi_uldivmod
 .text          0x00000000080001f8      0x2c4 /Applications/STM32CubeIDE.app/Contents/Eclipse/plugins/com.st.stm32cube.ide.mcu.externaltools.gnu-tools-for-stm32.9-2020-q2-update.macos64_2.0.0.202105311346/tools/bin/../lib/gcc/arm-none-eabi/9.3.1/thumb/v7e-m+fp/hard/libgcc.a(_udivmoddi4.o)
                0x00000000080001f8                __udivmoddi4
 .text          0x00000000080004bc        0x4 /Applications/STM32CubeIDE.app/Contents/Eclipse/plugins/com.st.stm32cube.ide.mcu.externaltools.gnu-tools-for-stm32.9-2020-q2-update.macos64_2.0.0.202105311346/tools/bin/../lib/gcc/arm-none-eabi/9.3.1/thumb/v7e-m+fp/hard/libgcc.a(_dvmd_tls.o)
                0x00000000080004bc                __aeabi_ldiv0
                0x00000000080004bc                __aeabi_idiv0
 *(.text*)
 .text.HAL_Init
                0x00000000080004c0       0x30 ./Drivers/STM32L4xx_HAL_Driver/Src/stm32l4xx_hal.o
                0x00000000080004c0                HAL_Init
 .text.HAL_InitTick
                0x00000000080004f0       0x78 ./Drivers/STM32L4xx_HAL_Driver/Src/stm32l4xx_hal.o
                0x00000000080004f0                HAL_InitTick
 .text.HAL_IncTick
                0x0000000008000568       0x28 ./Drivers/STM32L4xx_HAL_Driver/Src/stm32l4xx_hal.o
                0x0000000008000568                HAL_IncTick
 .text.HAL_GetTick
                0x0000000008000590       0x18 ./Drivers/STM32L4xx_HAL_Driver/Src/stm32l4xx_hal.o
                0x0000000008000590                HAL_GetTick
 .text.HAL_Delay
                0x00000000080005a8       0x48 ./Drivers/STM32L4xx_HAL_Driver/Src/stm32l4xx_hal.o
                0x00000000080005a8                HAL_Delay
 .text.LL_ADC_SetCommonClock
                0x00000000080005f0       0x26 ./Drivers/STM32L4xx_HAL_Driver/Src/stm32l4xx_hal_adc.o
 .text.LL_ADC_SetCommonPathInternalCh
                0x0000000008000616       0x26 ./Drivers/STM32L4xx_HAL_Driver/Src/stm32l4xx_hal_adc.o
 .text.LL_ADC_GetCommonPathInternalCh
                0x000000000800063c       0x1c ./Drivers/STM32L4xx_HAL_Driver/Src/stm32l4xx_hal_adc.o
 .text.LL_ADC_SetOffset
                0x0000000008000658       0x48 ./Drivers/STM32L4xx_HAL_Driver/Src/stm32l4xx_hal_adc.o
 .text.LL_ADC_GetOffsetChannel
                0x00000000080006a0       0x2c ./Drivers/STM32L4xx_HAL_Driver/Src/stm32l4xx_hal_adc.o
 .text.LL_ADC_SetOffsetState
                0x00000000080006cc       0x36 ./Drivers/STM32L4xx_HAL_Driver/Src/stm32l4xx_hal_adc.o
 .text.LL_ADC_REG_IsTriggerSourceSWStart
                0x0000000008000702       0x26 ./Drivers/STM32L4xx_HAL_Driver/Src/stm32l4xx_hal_adc.o
 .text.LL_ADC_REG_SetSequencerRanks
                0x0000000008000728       0x58 ./Drivers/STM32L4xx_HAL_Driver/Src/stm32l4xx_hal_adc.o
 .text.LL_ADC_SetChannelSamplingTime
                0x0000000008000780       0x56 ./Drivers/STM32L4xx_HAL_Driver/Src/stm32l4xx_hal_adc.o
 *fill*         0x00000000080007d6        0x2 
 .text.LL_ADC_SetChannelSingleDiff
                0x00000000080007d8       0x48 ./Drivers/STM32L4xx_HAL_Driver/Src/stm32l4xx_hal_adc.o
 .text.LL_ADC_GetMultimode
                0x0000000008000820       0x1c ./Drivers/STM32L4xx_HAL_Driver/Src/stm32l4xx_hal_adc.o
 .text.LL_ADC_DisableDeepPowerDown
                0x000000000800083c       0x24 ./Drivers/STM32L4xx_HAL_Driver/Src/stm32l4xx_hal_adc.o
 .text.LL_ADC_IsDeepPowerDownEnabled
                0x0000000008000860       0x28 ./Drivers/STM32L4xx_HAL_Driver/Src/stm32l4xx_hal_adc.o
 .text.LL_ADC_EnableInternalRegulator
                0x0000000008000888       0x28 ./Drivers/STM32L4xx_HAL_Driver/Src/stm32l4xx_hal_adc.o
 .text.LL_ADC_IsInternalRegulatorEnabled
                0x00000000080008b0       0x28 ./Drivers/STM32L4xx_HAL_Driver/Src/stm32l4xx_hal_adc.o
 .text.LL_ADC_Enable
                0x00000000080008d8       0x28 ./Drivers/STM32L4xx_HAL_Driver/Src/stm32l4xx_hal_adc.o
 .text.LL_ADC_IsEnabled
                0x0000000008000900       0x26 ./Drivers/STM32L4xx_HAL_Driver/Src/stm32l4xx_hal_adc.o
 .text.LL_ADC_REG_StartConversion
                0x0000000008000926       0x28 ./Drivers/STM32L4xx_HAL_Driver/Src/stm32l4xx_hal_adc.o
 .text.LL_ADC_REG_IsConversionOngoing
                0x000000000800094e       0x26 ./Drivers/STM32L4xx_HAL_Driver/Src/stm32l4xx_hal_adc.o
 .text.LL_ADC_INJ_IsConversionOngoing
                0x0000000008000974       0x26 ./Drivers/STM32L4xx_HAL_Driver/Src/stm32l4xx_hal_adc.o
 *fill*         0x000000000800099a        0x2 
 .text.HAL_ADC_Init
                0x000000000800099c      0x2ac ./Drivers/STM32L4xx_HAL_Driver/Src/stm32l4xx_hal_adc.o
                0x000000000800099c                HAL_ADC_Init
 .text.HAL_ADC_Start_DMA
                0x0000000008000c48      0x168 ./Drivers/STM32L4xx_HAL_Driver/Src/stm32l4xx_hal_adc.o
                0x0000000008000c48                HAL_ADC_Start_DMA
 .text.HAL_ADC_ConvCpltCallback
                0x0000000008000db0       0x14 ./Drivers/STM32L4xx_HAL_Driver/Src/stm32l4xx_hal_adc.o
                0x0000000008000db0                HAL_ADC_ConvCpltCallback
 .text.HAL_ADC_ConvHalfCpltCallback
                0x0000000008000dc4       0x14 ./Drivers/STM32L4xx_HAL_Driver/Src/stm32l4xx_hal_adc.o
                0x0000000008000dc4                HAL_ADC_ConvHalfCpltCallback
 .text.HAL_ADC_ErrorCallback
                0x0000000008000dd8       0x14 ./Drivers/STM32L4xx_HAL_Driver/Src/stm32l4xx_hal_adc.o
                0x0000000008000dd8                HAL_ADC_ErrorCallback
 .text.HAL_ADC_ConfigChannel
                0x0000000008000dec      0x7e0 ./Drivers/STM32L4xx_HAL_Driver/Src/stm32l4xx_hal_adc.o
                0x0000000008000dec                HAL_ADC_ConfigChannel
 .text.ADC_Enable
                0x00000000080015cc       0xc4 ./Drivers/STM32L4xx_HAL_Driver/Src/stm32l4xx_hal_adc.o
                0x00000000080015cc                ADC_Enable
 .text.ADC_DMAConvCplt
                0x0000000008001690       0xd8 ./Drivers/STM32L4xx_HAL_Driver/Src/stm32l4xx_hal_adc.o
                0x0000000008001690                ADC_DMAConvCplt
 .text.ADC_DMAHalfConvCplt
                0x0000000008001768       0x1c ./Drivers/STM32L4xx_HAL_Driver/Src/stm32l4xx_hal_adc.o
                0x0000000008001768                ADC_DMAHalfConvCplt
 .text.ADC_DMAError
                0x0000000008001784       0x34 ./Drivers/STM32L4xx_HAL_Driver/Src/stm32l4xx_hal_adc.o
                0x0000000008001784                ADC_DMAError
 .text.LL_ADC_IsEnabled
                0x00000000080017b8       0x26 ./Drivers/STM32L4xx_HAL_Driver/Src/stm32l4xx_hal_adc_ex.o
 .text.LL_ADC_REG_IsConversionOngoing
                0x00000000080017de       0x26 ./Drivers/STM32L4xx_HAL_Driver/Src/stm32l4xx_hal_adc_ex.o
 .text.HAL_ADCEx_MultiModeConfigChannel
                0x0000000008001804      0x160 ./Drivers/STM32L4xx_HAL_Driver/Src/stm32l4xx_hal_adc_ex.o
                0x0000000008001804                HAL_ADCEx_MultiModeConfigChannel
 .text.__NVIC_SetPriorityGrouping
                0x0000000008001964       0x48 ./Drivers/STM32L4xx_HAL_Driver/Src/stm32l4xx_hal_cortex.o
 .text.__NVIC_GetPriorityGrouping
                0x00000000080019ac       0x1c ./Drivers/STM32L4xx_HAL_Driver/Src/stm32l4xx_hal_cortex.o
 .text.__NVIC_EnableIRQ
                0x00000000080019c8       0x3c ./Drivers/STM32L4xx_HAL_Driver/Src/stm32l4xx_hal_cortex.o
 .text.__NVIC_SetPriority
                0x0000000008001a04       0x54 ./Drivers/STM32L4xx_HAL_Driver/Src/stm32l4xx_hal_cortex.o
 .text.NVIC_EncodePriority
                0x0000000008001a58       0x66 ./Drivers/STM32L4xx_HAL_Driver/Src/stm32l4xx_hal_cortex.o
 *fill*         0x0000000008001abe        0x2 
 .text.SysTick_Config
                0x0000000008001ac0       0x44 ./Drivers/STM32L4xx_HAL_Driver/Src/stm32l4xx_hal_cortex.o
 .text.HAL_NVIC_SetPriorityGrouping
                0x0000000008001b04       0x16 ./Drivers/STM32L4xx_HAL_Driver/Src/stm32l4xx_hal_cortex.o
                0x0000000008001b04                HAL_NVIC_SetPriorityGrouping
 .text.HAL_NVIC_SetPriority
                0x0000000008001b1a       0x38 ./Drivers/STM32L4xx_HAL_Driver/Src/stm32l4xx_hal_cortex.o
                0x0000000008001b1a                HAL_NVIC_SetPriority
 .text.HAL_NVIC_EnableIRQ
                0x0000000008001b52       0x1c ./Drivers/STM32L4xx_HAL_Driver/Src/stm32l4xx_hal_cortex.o
                0x0000000008001b52                HAL_NVIC_EnableIRQ
 .text.HAL_SYSTICK_Config
                0x0000000008001b6e       0x18 ./Drivers/STM32L4xx_HAL_Driver/Src/stm32l4xx_hal_cortex.o
                0x0000000008001b6e                HAL_SYSTICK_Config
 *fill*         0x0000000008001b86        0x2 
 .text.HAL_DMA_Init
                0x0000000008001b88      0x170 ./Drivers/STM32L4xx_HAL_Driver/Src/stm32l4xx_hal_dma.o
                0x0000000008001b88                HAL_DMA_Init
 .text.HAL_DMA_Start_IT
                0x0000000008001cf8       0xc0 ./Drivers/STM32L4xx_HAL_Driver/Src/stm32l4xx_hal_dma.o
                0x0000000008001cf8                HAL_DMA_Start_IT
 .text.HAL_DMA_IRQHandler
                0x0000000008001db8      0x15e ./Drivers/STM32L4xx_HAL_Driver/Src/stm32l4xx_hal_dma.o
                0x0000000008001db8                HAL_DMA_IRQHandler
 .text.DMA_SetConfig
                0x0000000008001f16       0x60 ./Drivers/STM32L4xx_HAL_Driver/Src/stm32l4xx_hal_dma.o
 *fill*         0x0000000008001f76        0x2 
 .text.HAL_GPIO_Init
                0x0000000008001f78      0x354 ./Drivers/STM32L4xx_HAL_Driver/Src/stm32l4xx_hal_gpio.o
                0x0000000008001f78                HAL_GPIO_Init
 .text.HAL_GPIO_DeInit
                0x00000000080022cc      0x1e8 ./Drivers/STM32L4xx_HAL_Driver/Src/stm32l4xx_hal_gpio.o
                0x00000000080022cc                HAL_GPIO_DeInit
 .text.HAL_GPIO_ReadPin
                0x00000000080024b4       0x30 ./Drivers/STM32L4xx_HAL_Driver/Src/stm32l4xx_hal_gpio.o
                0x00000000080024b4                HAL_GPIO_ReadPin
 .text.HAL_GPIO_WritePin
                0x00000000080024e4       0x30 ./Drivers/STM32L4xx_HAL_Driver/Src/stm32l4xx_hal_gpio.o
                0x00000000080024e4                HAL_GPIO_WritePin
 .text.HAL_GPIO_EXTI_IRQHandler
                0x0000000008002514       0x30 ./Drivers/STM32L4xx_HAL_Driver/Src/stm32l4xx_hal_gpio.o
                0x0000000008002514                HAL_GPIO_EXTI_IRQHandler
 .text.HAL_I2C_Init
                0x0000000008002544      0x11e ./Drivers/STM32L4xx_HAL_Driver/Src/stm32l4xx_hal_i2c.o
                0x0000000008002544                HAL_I2C_Init
 .text.HAL_I2C_DeInit
                0x0000000008002662       0x5e ./Drivers/STM32L4xx_HAL_Driver/Src/stm32l4xx_hal_i2c.o
                0x0000000008002662                HAL_I2C_DeInit
 .text.HAL_I2C_Mem_Write
                0x00000000080026c0      0x228 ./Drivers/STM32L4xx_HAL_Driver/Src/stm32l4xx_hal_i2c.o
                0x00000000080026c0                HAL_I2C_Mem_Write
 .text.HAL_I2C_Mem_Read
                0x00000000080028e8      0x234 ./Drivers/STM32L4xx_HAL_Driver/Src/stm32l4xx_hal_i2c.o
                0x00000000080028e8                HAL_I2C_Mem_Read
 .text.I2C_RequestMemoryWrite
                0x0000000008002b1c       0xa8 ./Drivers/STM32L4xx_HAL_Driver/Src/stm32l4xx_hal_i2c.o
 .text.I2C_RequestMemoryRead
                0x0000000008002bc4       0xa8 ./Drivers/STM32L4xx_HAL_Driver/Src/stm32l4xx_hal_i2c.o
 .text.I2C_Flush_TXDR
                0x0000000008002c6c       0x48 ./Drivers/STM32L4xx_HAL_Driver/Src/stm32l4xx_hal_i2c.o
 .text.I2C_WaitOnFlagUntilTimeout
                0x0000000008002cb4       0x80 ./Drivers/STM32L4xx_HAL_Driver/Src/stm32l4xx_hal_i2c.o
 .text.I2C_WaitOnTXISFlagUntilTimeout
                0x0000000008002d34       0x80 ./Drivers/STM32L4xx_HAL_Driver/Src/stm32l4xx_hal_i2c.o
 .text.I2C_WaitOnSTOPFlagUntilTimeout
                0x0000000008002db4       0x78 ./Drivers/STM32L4xx_HAL_Driver/Src/stm32l4xx_hal_i2c.o
 .text.I2C_IsAcknowledgeFailed
                0x0000000008002e2c       0xcc ./Drivers/STM32L4xx_HAL_Driver/Src/stm32l4xx_hal_i2c.o
 .text.I2C_TransferConfig
                0x0000000008002ef8       0x5c ./Drivers/STM32L4xx_HAL_Driver/Src/stm32l4xx_hal_i2c.o
 .text.HAL_I2CEx_ConfigAnalogFilter
                0x0000000008002f54       0x96 ./Drivers/STM32L4xx_HAL_Driver/Src/stm32l4xx_hal_i2c_ex.o
                0x0000000008002f54                HAL_I2CEx_ConfigAnalogFilter
 .text.HAL_I2CEx_ConfigDigitalFilter
                0x0000000008002fea       0x98 ./Drivers/STM32L4xx_HAL_Driver/Src/stm32l4xx_hal_i2c_ex.o
                0x0000000008002fea                HAL_I2CEx_ConfigDigitalFilter
 .text.HAL_PCD_Init
                0x0000000008003082      0x248 ./Drivers/STM32L4xx_HAL_Driver/Src/stm32l4xx_hal_pcd.o
                0x0000000008003082                HAL_PCD_Init
 .text.HAL_PCD_Start
                0x00000000080032ca       0x5e ./Drivers/STM32L4xx_HAL_Driver/Src/stm32l4xx_hal_pcd.o
                0x00000000080032ca                HAL_PCD_Start
 .text.HAL_PCD_IRQHandler
                0x0000000008003328      0x748 ./Drivers/STM32L4xx_HAL_Driver/Src/stm32l4xx_hal_pcd.o
                0x0000000008003328                HAL_PCD_IRQHandler
 .text.HAL_PCD_SetAddress
                0x0000000008003a70       0x4a ./Drivers/STM32L4xx_HAL_Driver/Src/stm32l4xx_hal_pcd.o
                0x0000000008003a70                HAL_PCD_SetAddress
 .text.HAL_PCD_EP_Open
                0x0000000008003aba       0xd0 ./Drivers/STM32L4xx_HAL_Driver/Src/stm32l4xx_hal_pcd.o
                0x0000000008003aba                HAL_PCD_EP_Open
 .text.HAL_PCD_EP_Close
                0x0000000008003b8a       0x94 ./Drivers/STM32L4xx_HAL_Driver/Src/stm32l4xx_hal_pcd.o
                0x0000000008003b8a                HAL_PCD_EP_Close
 .text.HAL_PCD_EP_Receive
                0x0000000008003c1e       0x7c ./Drivers/STM32L4xx_HAL_Driver/Src/stm32l4xx_hal_pcd.o
                0x0000000008003c1e                HAL_PCD_EP_Receive
 .text.HAL_PCD_EP_Transmit
                0x0000000008003c9a       0x7a ./Drivers/STM32L4xx_HAL_Driver/Src/stm32l4xx_hal_pcd.o
                0x0000000008003c9a                HAL_PCD_EP_Transmit
 .text.HAL_PCD_EP_SetStall
                0x0000000008003d14       0xc4 ./Drivers/STM32L4xx_HAL_Driver/Src/stm32l4xx_hal_pcd.o
                0x0000000008003d14                HAL_PCD_EP_SetStall
 .text.HAL_PCD_EP_ClrStall
                0x0000000008003dd8       0xac ./Drivers/STM32L4xx_HAL_Driver/Src/stm32l4xx_hal_pcd.o
                0x0000000008003dd8                HAL_PCD_EP_ClrStall
 .text.PCD_WriteEmptyTxFifo
                0x0000000008003e84      0x110 ./Drivers/STM32L4xx_HAL_Driver/Src/stm32l4xx_hal_pcd.o
 .text.PCD_EP_OutXfrComplete_int
                0x0000000008003f94       0x9c ./Drivers/STM32L4xx_HAL_Driver/Src/stm32l4xx_hal_pcd.o
 .text.PCD_EP_OutSetupPacket_int
                0x0000000008004030       0x68 ./Drivers/STM32L4xx_HAL_Driver/Src/stm32l4xx_hal_pcd.o
 .text.HAL_PCDEx_SetTxFiFo
                0x0000000008004098       0x8e ./Drivers/STM32L4xx_HAL_Driver/Src/stm32l4xx_hal_pcd_ex.o
                0x0000000008004098                HAL_PCDEx_SetTxFiFo
 .text.HAL_PCDEx_SetRxFiFo
                0x0000000008004126       0x22 ./Drivers/STM32L4xx_HAL_Driver/Src/stm32l4xx_hal_pcd_ex.o
                0x0000000008004126                HAL_PCDEx_SetRxFiFo
 .text.HAL_PCDEx_ActivateLPM
                0x0000000008004148       0x48 ./Drivers/STM32L4xx_HAL_Driver/Src/stm32l4xx_hal_pcd_ex.o
                0x0000000008004148                HAL_PCDEx_ActivateLPM
 .text.HAL_PWREx_GetVoltageRange
                0x0000000008004190       0x1c ./Drivers/STM32L4xx_HAL_Driver/Src/stm32l4xx_hal_pwr_ex.o
                0x0000000008004190                HAL_PWREx_GetVoltageRange
 .text.HAL_PWREx_ControlVoltageScaling
                0x00000000080041ac       0xac ./Drivers/STM32L4xx_HAL_Driver/Src/stm32l4xx_hal_pwr_ex.o
                0x00000000080041ac                HAL_PWREx_ControlVoltageScaling
 .text.HAL_PWREx_EnableVddUSB
                0x0000000008004258       0x20 ./Drivers/STM32L4xx_HAL_Driver/Src/stm32l4xx_hal_pwr_ex.o
                0x0000000008004258                HAL_PWREx_EnableVddUSB
 .text.HAL_RCC_OscConfig
                0x0000000008004278      0x7cc ./Drivers/STM32L4xx_HAL_Driver/Src/stm32l4xx_hal_rcc.o
                0x0000000008004278                HAL_RCC_OscConfig
 .text.HAL_RCC_ClockConfig
                0x0000000008004a44      0x1c4 ./Drivers/STM32L4xx_HAL_Driver/Src/stm32l4xx_hal_rcc.o
                0x0000000008004a44                HAL_RCC_ClockConfig
 .text.HAL_RCC_GetSysClockFreq
                0x0000000008004c08      0x118 ./Drivers/STM32L4xx_HAL_Driver/Src/stm32l4xx_hal_rcc.o
                0x0000000008004c08                HAL_RCC_GetSysClockFreq
 .text.HAL_RCC_GetHCLKFreq
                0x0000000008004d20       0x18 ./Drivers/STM32L4xx_HAL_Driver/Src/stm32l4xx_hal_rcc.o
                0x0000000008004d20                HAL_RCC_GetHCLKFreq
 .text.HAL_RCC_GetPCLK1Freq
                0x0000000008004d38       0x2c ./Drivers/STM32L4xx_HAL_Driver/Src/stm32l4xx_hal_rcc.o
                0x0000000008004d38                HAL_RCC_GetPCLK1Freq
 .text.HAL_RCC_GetPCLK2Freq
                0x0000000008004d64       0x2c ./Drivers/STM32L4xx_HAL_Driver/Src/stm32l4xx_hal_rcc.o
                0x0000000008004d64                HAL_RCC_GetPCLK2Freq
 .text.RCC_SetFlashLatencyFromMSIRange
                0x0000000008004d90       0xc0 ./Drivers/STM32L4xx_HAL_Driver/Src/stm32l4xx_hal_rcc.o
 .text.HAL_RCCEx_PeriphCLKConfig
                0x0000000008004e50      0x5d4 ./Drivers/STM32L4xx_HAL_Driver/Src/stm32l4xx_hal_rcc_ex.o
                0x0000000008004e50                HAL_RCCEx_PeriphCLKConfig
 .text.RCCEx_PLLSAI1_Config
                0x0000000008005424      0x1e8 ./Drivers/STM32L4xx_HAL_Driver/Src/stm32l4xx_hal_rcc_ex.o
 .text.RCCEx_PLLSAI2_Config
                0x000000000800560c      0x1bc ./Drivers/STM32L4xx_HAL_Driver/Src/stm32l4xx_hal_rcc_ex.o
 .text.HAL_UART_Init
                0x00000000080057c8       0x9c ./Drivers/STM32L4xx_HAL_Driver/Src/stm32l4xx_hal_uart.o
                0x00000000080057c8                HAL_UART_Init
 .text.UART_SetConfig
                0x0000000008005864      0x514 ./Drivers/STM32L4xx_HAL_Driver/Src/stm32l4xx_hal_uart.o
                0x0000000008005864                UART_SetConfig
 .text.UART_AdvFeatureConfig
                0x0000000008005d78      0x144 ./Drivers/STM32L4xx_HAL_Driver/Src/stm32l4xx_hal_uart.o
                0x0000000008005d78                UART_AdvFeatureConfig
 .text.UART_CheckIdleState
                0x0000000008005ebc       0x92 ./Drivers/STM32L4xx_HAL_Driver/Src/stm32l4xx_hal_uart.o
                0x0000000008005ebc                UART_CheckIdleState
 .text.UART_WaitOnFlagUntilTimeout
                0x0000000008005f4e       0xf8 ./Drivers/STM32L4xx_HAL_Driver/Src/stm32l4xx_hal_uart.o
                0x0000000008005f4e                UART_WaitOnFlagUntilTimeout
 .text.USB_CoreInit
                0x0000000008006046       0x58 ./Drivers/STM32L4xx_HAL_Driver/Src/stm32l4xx_ll_usb.o
                0x0000000008006046                USB_CoreInit
 *fill*         0x000000000800609e        0x2 
 .text.USB_SetTurnaroundTime
                0x00000000080060a0      0x138 ./Drivers/STM32L4xx_HAL_Driver/Src/stm32l4xx_ll_usb.o
                0x00000000080060a0                USB_SetTurnaroundTime
 .text.USB_EnableGlobalInt
                0x00000000080061d8       0x22 ./Drivers/STM32L4xx_HAL_Driver/Src/stm32l4xx_ll_usb.o
                0x00000000080061d8                USB_EnableGlobalInt
 .text.USB_DisableGlobalInt
                0x00000000080061fa       0x22 ./Drivers/STM32L4xx_HAL_Driver/Src/stm32l4xx_ll_usb.o
                0x00000000080061fa                USB_DisableGlobalInt
 .text.USB_SetCurrentMode
                0x000000000800621c       0x54 ./Drivers/STM32L4xx_HAL_Driver/Src/stm32l4xx_ll_usb.o
                0x000000000800621c                USB_SetCurrentMode
 .text.USB_DevInit
                0x0000000008006270      0x298 ./Drivers/STM32L4xx_HAL_Driver/Src/stm32l4xx_ll_usb.o
                0x0000000008006270                USB_DevInit
 .text.USB_FlushTxFifo
                0x0000000008006508       0x4c ./Drivers/STM32L4xx_HAL_Driver/Src/stm32l4xx_ll_usb.o
                0x0000000008006508                USB_FlushTxFifo
 .text.USB_FlushRxFifo
                0x0000000008006554       0x44 ./Drivers/STM32L4xx_HAL_Driver/Src/stm32l4xx_ll_usb.o
                0x0000000008006554                USB_FlushRxFifo
 .text.USB_SetDevSpeed
                0x0000000008006598       0x32 ./Drivers/STM32L4xx_HAL_Driver/Src/stm32l4xx_ll_usb.o
                0x0000000008006598                USB_SetDevSpeed
 .text.USB_GetDevSpeed
                0x00000000080065ca       0x3e ./Drivers/STM32L4xx_HAL_Driver/Src/stm32l4xx_ll_usb.o
                0x00000000080065ca                USB_GetDevSpeed
 .text.USB_ActivateEndpoint
                0x0000000008006608      0x10e ./Drivers/STM32L4xx_HAL_Driver/Src/stm32l4xx_ll_usb.o
                0x0000000008006608                USB_ActivateEndpoint
 *fill*         0x0000000008006716        0x2 
 .text.USB_DeactivateEndpoint
                0x0000000008006718      0x1b8 ./Drivers/STM32L4xx_HAL_Driver/Src/stm32l4xx_ll_usb.o
                0x0000000008006718                USB_DeactivateEndpoint
 .text.USB_EPStartXfer
                0x00000000080068d0      0x3b8 ./Drivers/STM32L4xx_HAL_Driver/Src/stm32l4xx_ll_usb.o
                0x00000000080068d0                USB_EPStartXfer
 .text.USB_EP0StartXfer
                0x0000000008006c88      0x23c ./Drivers/STM32L4xx_HAL_Driver/Src/stm32l4xx_ll_usb.o
                0x0000000008006c88                USB_EP0StartXfer
 .text.USB_WritePacket
                0x0000000008006ec4       0x62 ./Drivers/STM32L4xx_HAL_Driver/Src/stm32l4xx_ll_usb.o
                0x0000000008006ec4                USB_WritePacket
 .text.USB_ReadPacket
                0x0000000008006f26       0x52 ./Drivers/STM32L4xx_HAL_Driver/Src/stm32l4xx_ll_usb.o
                0x0000000008006f26                USB_ReadPacket
 .text.USB_EPSetStall
                0x0000000008006f78       0xdc ./Drivers/STM32L4xx_HAL_Driver/Src/stm32l4xx_ll_usb.o
                0x0000000008006f78                USB_EPSetStall
 .text.USB_EPClearStall
                0x0000000008007054       0xcc ./Drivers/STM32L4xx_HAL_Driver/Src/stm32l4xx_ll_usb.o
                0x0000000008007054                USB_EPClearStall
 .text.USB_SetDevAddress
                0x0000000008007120       0x4c ./Drivers/STM32L4xx_HAL_Driver/Src/stm32l4xx_ll_usb.o
                0x0000000008007120                USB_SetDevAddress
 .text.USB_DevConnect
                0x000000000800716c       0x42 ./Drivers/STM32L4xx_HAL_Driver/Src/stm32l4xx_ll_usb.o
                0x000000000800716c                USB_DevConnect
 .text.USB_DevDisconnect
                0x00000000080071ae       0x42 ./Drivers/STM32L4xx_HAL_Driver/Src/stm32l4xx_ll_usb.o
                0x00000000080071ae                USB_DevDisconnect
 .text.USB_ReadInterrupts
                0x00000000080071f0       0x26 ./Drivers/STM32L4xx_HAL_Driver/Src/stm32l4xx_ll_usb.o
                0x00000000080071f0                USB_ReadInterrupts
 .text.USB_ReadDevAllOutEpInterrupt
                0x0000000008007216       0x34 ./Drivers/STM32L4xx_HAL_Driver/Src/stm32l4xx_ll_usb.o
                0x0000000008007216                USB_ReadDevAllOutEpInterrupt
 .text.USB_ReadDevAllInEpInterrupt
                0x000000000800724a       0x34 ./Drivers/STM32L4xx_HAL_Driver/Src/stm32l4xx_ll_usb.o
                0x000000000800724a                USB_ReadDevAllInEpInterrupt
 .text.USB_ReadDevOutEPInterrupt
                0x000000000800727e       0x3c ./Drivers/STM32L4xx_HAL_Driver/Src/stm32l4xx_ll_usb.o
                0x000000000800727e                USB_ReadDevOutEPInterrupt
 .text.USB_ReadDevInEPInterrupt
                0x00000000080072ba       0x5c ./Drivers/STM32L4xx_HAL_Driver/Src/stm32l4xx_ll_usb.o
                0x00000000080072ba                USB_ReadDevInEPInterrupt
 .text.USB_GetMode
                0x0000000008007316       0x1c ./Drivers/STM32L4xx_HAL_Driver/Src/stm32l4xx_ll_usb.o
                0x0000000008007316                USB_GetMode
 .text.USB_ActivateSetup
                0x0000000008007332       0x46 ./Drivers/STM32L4xx_HAL_Driver/Src/stm32l4xx_ll_usb.o
                0x0000000008007332                USB_ActivateSetup
 .text.USB_EP0_OutStart
                0x0000000008007378       0x90 ./Drivers/STM32L4xx_HAL_Driver/Src/stm32l4xx_ll_usb.o
                0x0000000008007378                USB_EP0_OutStart
 .text.USB_CoreReset
                0x0000000008007408       0x68 ./Drivers/STM32L4xx_HAL_Driver/Src/stm32l4xx_ll_usb.o
 .text.USBD_HID_Init
                0x0000000008007470       0x66 ./Middlewares/ST/STM32_USB_Device_Library/Class/HID/Src/usbd_hid.o
 .text.USBD_HID_DeInit
                0x00000000080074d6       0x48 ./Middlewares/ST/STM32_USB_Device_Library/Class/HID/Src/usbd_hid.o
 *fill*         0x000000000800751e        0x2 
 .text.USBD_HID_Setup
                0x0000000008007520      0x208 ./Middlewares/ST/STM32_USB_Device_Library/Class/HID/Src/usbd_hid.o
 .text.USBD_HID_SendReport
                0x0000000008007728       0x50 ./Middlewares/ST/STM32_USB_Device_Library/Class/HID/Src/usbd_hid.o
                0x0000000008007728                USBD_HID_SendReport
 .text.USBD_HID_GetFSCfgDesc
                0x0000000008007778       0x20 ./Middlewares/ST/STM32_USB_Device_Library/Class/HID/Src/usbd_hid.o
 .text.USBD_HID_GetHSCfgDesc
                0x0000000008007798       0x20 ./Middlewares/ST/STM32_USB_Device_Library/Class/HID/Src/usbd_hid.o
 .text.USBD_HID_GetOtherSpeedCfgDesc
                0x00000000080077b8       0x20 ./Middlewares/ST/STM32_USB_Device_Library/Class/HID/Src/usbd_hid.o
 .text.USBD_HID_DataIn
                0x00000000080077d8       0x24 ./Middlewares/ST/STM32_USB_Device_Library/Class/HID/Src/usbd_hid.o
 .text.USBD_HID_GetDeviceQualifierDesc
                0x00000000080077fc       0x20 ./Middlewares/ST/STM32_USB_Device_Library/Class/HID/Src/usbd_hid.o
 .text.USBD_Init
                0x000000000800781c       0x60 ./Middlewares/ST/STM32_USB_Device_Library/Core/Src/usbd_core.o
                0x000000000800781c                USBD_Init
 .text.USBD_RegisterClass
                0x000000000800787c       0x4e ./Middlewares/ST/STM32_USB_Device_Library/Core/Src/usbd_core.o
                0x000000000800787c                USBD_RegisterClass
 .text.USBD_Start
                0x00000000080078ca       0x18 ./Middlewares/ST/STM32_USB_Device_Library/Core/Src/usbd_core.o
                0x00000000080078ca                USBD_Start
 .text.USBD_RunTestMode
                0x00000000080078e2       0x16 ./Middlewares/ST/STM32_USB_Device_Library/Core/Src/usbd_core.o
                0x00000000080078e2                USBD_RunTestMode
 .text.USBD_SetClassConfig
                0x00000000080078f8       0x38 ./Middlewares/ST/STM32_USB_Device_Library/Core/Src/usbd_core.o
                0x00000000080078f8                USBD_SetClassConfig
 .text.USBD_ClrClassConfig
                0x0000000008007930       0x30 ./Middlewares/ST/STM32_USB_Device_Library/Core/Src/usbd_core.o
                0x0000000008007930                USBD_ClrClassConfig
 .text.USBD_LL_SetupStage
                0x0000000008007960       0xaa ./Middlewares/ST/STM32_USB_Device_Library/Core/Src/usbd_core.o
                0x0000000008007960                USBD_LL_SetupStage
 .text.USBD_LL_DataOutStage
                0x0000000008007a0a       0xc6 ./Middlewares/ST/STM32_USB_Device_Library/Core/Src/usbd_core.o
                0x0000000008007a0a                USBD_LL_DataOutStage
 .text.USBD_LL_DataInStage
                0x0000000008007ad0      0x12c ./Middlewares/ST/STM32_USB_Device_Library/Core/Src/usbd_core.o
                0x0000000008007ad0                USBD_LL_DataInStage
 .text.USBD_LL_Reset
                0x0000000008007bfc       0x9c ./Middlewares/ST/STM32_USB_Device_Library/Core/Src/usbd_core.o
                0x0000000008007bfc                USBD_LL_Reset
 .text.USBD_LL_SetSpeed
                0x0000000008007c98       0x20 ./Middlewares/ST/STM32_USB_Device_Library/Core/Src/usbd_core.o
                0x0000000008007c98                USBD_LL_SetSpeed
 .text.USBD_LL_Suspend
                0x0000000008007cb8       0x2c ./Middlewares/ST/STM32_USB_Device_Library/Core/Src/usbd_core.o
                0x0000000008007cb8                USBD_LL_Suspend
 .text.USBD_LL_Resume
                0x0000000008007ce4       0x30 ./Middlewares/ST/STM32_USB_Device_Library/Core/Src/usbd_core.o
                0x0000000008007ce4                USBD_LL_Resume
 .text.USBD_LL_SOF
                0x0000000008007d14       0x44 ./Middlewares/ST/STM32_USB_Device_Library/Core/Src/usbd_core.o
                0x0000000008007d14                USBD_LL_SOF
 .text.USBD_LL_IsoINIncomplete
                0x0000000008007d58       0x4c ./Middlewares/ST/STM32_USB_Device_Library/Core/Src/usbd_core.o
                0x0000000008007d58                USBD_LL_IsoINIncomplete
 .text.USBD_LL_IsoOUTIncomplete
                0x0000000008007da4       0x4c ./Middlewares/ST/STM32_USB_Device_Library/Core/Src/usbd_core.o
                0x0000000008007da4                USBD_LL_IsoOUTIncomplete
 .text.USBD_LL_DevConnected
                0x0000000008007df0       0x16 ./Middlewares/ST/STM32_USB_Device_Library/Core/Src/usbd_core.o
                0x0000000008007df0                USBD_LL_DevConnected
 .text.USBD_LL_DevDisconnected
                0x0000000008007e06       0x38 ./Middlewares/ST/STM32_USB_Device_Library/Core/Src/usbd_core.o
                0x0000000008007e06                USBD_LL_DevDisconnected
 .text.SWAPBYTE
                0x0000000008007e3e       0x3c ./Middlewares/ST/STM32_USB_Device_Library/Core/Src/usbd_ctlreq.o
 *fill*         0x0000000008007e7a        0x2 
 .text.USBD_StdDevReq
                0x0000000008007e7c       0xdc ./Middlewares/ST/STM32_USB_Device_Library/Core/Src/usbd_ctlreq.o
                0x0000000008007e7c                USBD_StdDevReq
 .text.USBD_StdItfReq
                0x0000000008007f58       0x92 ./Middlewares/ST/STM32_USB_Device_Library/Core/Src/usbd_ctlreq.o
                0x0000000008007f58                USBD_StdItfReq
 .text.USBD_StdEPReq
                0x0000000008007fea      0x2c4 ./Middlewares/ST/STM32_USB_Device_Library/Core/Src/usbd_ctlreq.o
                0x0000000008007fea                USBD_StdEPReq
 *fill*         0x00000000080082ae        0x2 
 .text.USBD_GetDescriptor
                0x00000000080082b0      0x328 ./Middlewares/ST/STM32_USB_Device_Library/Core/Src/usbd_ctlreq.o
 .text.USBD_SetAddress
                0x00000000080085d8       0x88 ./Middlewares/ST/STM32_USB_Device_Library/Core/Src/usbd_ctlreq.o
 .text.USBD_SetConfig
                0x0000000008008660      0x14c ./Middlewares/ST/STM32_USB_Device_Library/Core/Src/usbd_ctlreq.o
 .text.USBD_GetConfig
                0x00000000080087ac       0x6c ./Middlewares/ST/STM32_USB_Device_Library/Core/Src/usbd_ctlreq.o
 .text.USBD_GetStatus
                0x0000000008008818       0x68 ./Middlewares/ST/STM32_USB_Device_Library/Core/Src/usbd_ctlreq.o
 .text.USBD_SetFeature
                0x0000000008008880       0x28 ./Middlewares/ST/STM32_USB_Device_Library/Core/Src/usbd_ctlreq.o
 .text.USBD_ClrFeature
                0x00000000080088a8       0x44 ./Middlewares/ST/STM32_USB_Device_Library/Core/Src/usbd_ctlreq.o
 .text.USBD_ParseSetupRequest
                0x00000000080088ec       0x74 ./Middlewares/ST/STM32_USB_Device_Library/Core/Src/usbd_ctlreq.o
                0x00000000080088ec                USBD_ParseSetupRequest
 .text.USBD_CtlError
                0x0000000008008960       0x22 ./Middlewares/ST/STM32_USB_Device_Library/Core/Src/usbd_ctlreq.o
                0x0000000008008960                USBD_CtlError
 .text.USBD_GetString
                0x0000000008008982       0x8c ./Middlewares/ST/STM32_USB_Device_Library/Core/Src/usbd_ctlreq.o
                0x0000000008008982                USBD_GetString
 .text.USBD_GetLen
                0x0000000008008a0e       0x34 ./Middlewares/ST/STM32_USB_Device_Library/Core/Src/usbd_ctlreq.o
 .text.USBD_CtlSendData
                0x0000000008008a42       0x36 ./Middlewares/ST/STM32_USB_Device_Library/Core/Src/usbd_ioreq.o
                0x0000000008008a42                USBD_CtlSendData
 .text.USBD_CtlContinueSendData
                0x0000000008008a78       0x22 ./Middlewares/ST/STM32_USB_Device_Library/Core/Src/usbd_ioreq.o
                0x0000000008008a78                USBD_CtlContinueSendData
 .text.USBD_CtlContinueRx
                0x0000000008008a9a       0x22 ./Middlewares/ST/STM32_USB_Device_Library/Core/Src/usbd_ioreq.o
                0x0000000008008a9a                USBD_CtlContinueRx
 .text.USBD_CtlSendStatus
                0x0000000008008abc       0x26 ./Middlewares/ST/STM32_USB_Device_Library/Core/Src/usbd_ioreq.o
                0x0000000008008abc                USBD_CtlSendStatus
 .text.USBD_CtlReceiveStatus
                0x0000000008008ae2       0x26 ./Middlewares/ST/STM32_USB_Device_Library/Core/Src/usbd_ioreq.o
                0x0000000008008ae2                USBD_CtlReceiveStatus
 .text.LSM6DSL_AccInit
                0x0000000008008b08       0x72 ./Src/lsm6dsl.o
                0x0000000008008b08                LSM6DSL_AccInit
 .text.LSM6DSL_AccDeInit
                0x0000000008008b7a       0x32 ./Src/lsm6dsl.o
                0x0000000008008b7a                LSM6DSL_AccDeInit
 .text.LSM6DSL_AccReadID
                0x0000000008008bac       0x16 ./Src/lsm6dsl.o
                0x0000000008008bac                LSM6DSL_AccReadID
 .text.LSM6DSL_AccLowPower
                0x0000000008008bc2       0x44 ./Src/lsm6dsl.o
                0x0000000008008bc2                LSM6DSL_AccLowPower
 *fill*         0x0000000008008c06        0x2 
 .text.LSM6DSL_AccReadXYZ
                0x0000000008008c08      0x138 ./Src/lsm6dsl.o
                0x0000000008008c08                LSM6DSL_AccReadXYZ
 .text.main     0x0000000008008d40      0x180 ./Src/main.o
                0x0000000008008d40                main
 .text.SystemClock_Config
                0x0000000008008ec0       0xa4 ./Src/main.o
                0x0000000008008ec0                SystemClock_Config
 .text.PeriphCommonClock_Config
                0x0000000008008f64       0x5c ./Src/main.o
                0x0000000008008f64                PeriphCommonClock_Config
 .text.MX_ADC1_Init
                0x0000000008008fc0      0x10c ./Src/main.o
 .text.MX_I2C1_Init
                0x00000000080090cc       0x80 ./Src/main.o
 .text.MX_USART1_UART_Init
                0x000000000800914c       0x60 ./Src/main.o
 .text.MX_DMA_Init
                0x00000000080091ac       0x3c ./Src/main.o
 .text.MX_GPIO_Init
                0x00000000080091e8      0x110 ./Src/main.o
 .text.HAL_GPIO_EXTI_Callback
                0x00000000080092f8       0xb0 ./Src/main.o
                0x00000000080092f8                HAL_GPIO_EXTI_Callback
 .text.Error_Handler
                0x00000000080093a8        0xa ./Src/main.o
                0x00000000080093a8                Error_Handler
 *fill*         0x00000000080093b2        0x2 
 .text.I2Cx_MspInit
                0x00000000080093b4       0xb0 ./Src/stm32l475e_iot01.o
 .text.I2Cx_Init
                0x0000000008009464       0x5c ./Src/stm32l475e_iot01.o
 .text.I2Cx_ReadMultiple
                0x00000000080094c0       0x5a ./Src/stm32l475e_iot01.o
 .text.I2Cx_WriteMultiple
                0x000000000800951a       0x5a ./Src/stm32l475e_iot01.o
 .text.I2Cx_Error
                0x0000000008009574       0x20 ./Src/stm32l475e_iot01.o
 .text.SENSOR_IO_Init
                0x0000000008009594       0x14 ./Src/stm32l475e_iot01.o
                0x0000000008009594                SENSOR_IO_Init
 .text.SENSOR_IO_Write
                0x00000000080095a8       0x34 ./Src/stm32l475e_iot01.o
                0x00000000080095a8                SENSOR_IO_Write
 .text.SENSOR_IO_Read
                0x00000000080095dc       0x3c ./Src/stm32l475e_iot01.o
                0x00000000080095dc                SENSOR_IO_Read
 .text.SENSOR_IO_ReadMultiple
                0x0000000008009618       0x3c ./Src/stm32l475e_iot01.o
                0x0000000008009618                SENSOR_IO_ReadMultiple
 .text.BSP_ACCELERO_Init
                0x0000000008009654       0x7c ./Src/stm32l475e_iot01_accelero.o
                0x0000000008009654                BSP_ACCELERO_Init
 .text.BSP_ACCELERO_AccGetXYZ
                0x00000000080096d0       0x30 ./Src/stm32l475e_iot01_accelero.o
                0x00000000080096d0                BSP_ACCELERO_AccGetXYZ
 .text.HAL_MspInit
                0x0000000008009700       0x48 ./Src/stm32l4xx_hal_msp.o
                0x0000000008009700                HAL_MspInit
 .text.HAL_ADC_MspInit
                0x0000000008009748       0xdc ./Src/stm32l4xx_hal_msp.o
                0x0000000008009748                HAL_ADC_MspInit
 .text.HAL_I2C_MspInit
                0x0000000008009824       0xbc ./Src/stm32l4xx_hal_msp.o
                0x0000000008009824                HAL_I2C_MspInit
 .text.HAL_I2C_MspDeInit
                0x00000000080098e0       0x48 ./Src/stm32l4xx_hal_msp.o
                0x00000000080098e0                HAL_I2C_MspDeInit
 .text.HAL_UART_MspInit
                0x0000000008009928       0xbc ./Src/stm32l4xx_hal_msp.o
                0x0000000008009928                HAL_UART_MspInit
 .text.NMI_Handler
                0x00000000080099e4        0x6 ./Src/stm32l4xx_it.o
                0x00000000080099e4                NMI_Handler
 .text.HardFault_Handler
                0x00000000080099ea        0x6 ./Src/stm32l4xx_it.o
                0x00000000080099ea                HardFault_Handler
 .text.MemManage_Handler
                0x00000000080099f0        0x6 ./Src/stm32l4xx_it.o
                0x00000000080099f0                MemManage_Handler
 .text.BusFault_Handler
                0x00000000080099f6        0x6 ./Src/stm32l4xx_it.o
                0x00000000080099f6                BusFault_Handler
 .text.UsageFault_Handler
                0x00000000080099fc        0x6 ./Src/stm32l4xx_it.o
                0x00000000080099fc                UsageFault_Handler
 .text.SVC_Handler
                0x0000000008009a02        0xe ./Src/stm32l4xx_it.o
                0x0000000008009a02                SVC_Handler
 .text.DebugMon_Handler
                0x0000000008009a10        0xe ./Src/stm32l4xx_it.o
                0x0000000008009a10                DebugMon_Handler
 .text.PendSV_Handler
                0x0000000008009a1e        0xe ./Src/stm32l4xx_it.o
                0x0000000008009a1e                PendSV_Handler
 .text.SysTick_Handler
                0x0000000008009a2c        0xc ./Src/stm32l4xx_it.o
                0x0000000008009a2c                SysTick_Handler
 .text.EXTI2_IRQHandler
                0x0000000008009a38        0xe ./Src/stm32l4xx_it.o
                0x0000000008009a38                EXTI2_IRQHandler
 .text.EXTI3_IRQHandler
                0x0000000008009a46        0xe ./Src/stm32l4xx_it.o
                0x0000000008009a46                EXTI3_IRQHandler
 .text.EXTI4_IRQHandler
                0x0000000008009a54        0xe ./Src/stm32l4xx_it.o
                0x0000000008009a54                EXTI4_IRQHandler
 *fill*         0x0000000008009a62        0x2 
 .text.DMA1_Channel1_IRQHandler
                0x0000000008009a64       0x14 ./Src/stm32l4xx_it.o
                0x0000000008009a64                DMA1_Channel1_IRQHandler
 .text.EXTI9_5_IRQHandler
                0x0000000008009a78        0xe ./Src/stm32l4xx_it.o
                0x0000000008009a78                EXTI9_5_IRQHandler
 *fill*         0x0000000008009a86        0x2 
 .text.OTG_FS_IRQHandler
                0x0000000008009a88       0x14 ./Src/stm32l4xx_it.o
                0x0000000008009a88                OTG_FS_IRQHandler
 .text.SystemInit
                0x0000000008009a9c       0x64 ./Src/system_stm32l4xx.o
                0x0000000008009a9c                SystemInit
 .text.MX_USB_DEVICE_Init
                0x0000000008009b00       0x4c ./Src/usb_device.o
                0x0000000008009b00                MX_USB_DEVICE_Init
 .text.HAL_PCD_MspInit
                0x0000000008009b4c       0xcc ./Src/usbd_conf.o
                0x0000000008009b4c                HAL_PCD_MspInit
 .text.HAL_PCD_SetupStageCallback
                0x0000000008009c18       0x24 ./Src/usbd_conf.o
                0x0000000008009c18                HAL_PCD_SetupStageCallback
 .text.HAL_PCD_DataOutStageCallback
                0x0000000008009c3c       0x36 ./Src/usbd_conf.o
                0x0000000008009c3c                HAL_PCD_DataOutStageCallback
 .text.HAL_PCD_DataInStageCallback
                0x0000000008009c72       0x34 ./Src/usbd_conf.o
                0x0000000008009c72                HAL_PCD_DataInStageCallback
 .text.HAL_PCD_SOFCallback
                0x0000000008009ca6       0x1c ./Src/usbd_conf.o
                0x0000000008009ca6                HAL_PCD_SOFCallback
 .text.HAL_PCD_ResetCallback
                0x0000000008009cc2       0x3c ./Src/usbd_conf.o
                0x0000000008009cc2                HAL_PCD_ResetCallback
 *fill*         0x0000000008009cfe        0x2 
 .text.HAL_PCD_SuspendCallback
                0x0000000008009d00       0x4c ./Src/usbd_conf.o
                0x0000000008009d00                HAL_PCD_SuspendCallback
 .text.HAL_PCD_ResumeCallback
                0x0000000008009d4c       0x50 ./Src/usbd_conf.o
                0x0000000008009d4c                HAL_PCD_ResumeCallback
 .text.HAL_PCD_ISOOUTIncompleteCallback
                0x0000000008009d9c       0x24 ./Src/usbd_conf.o
                0x0000000008009d9c                HAL_PCD_ISOOUTIncompleteCallback
 .text.HAL_PCD_ISOINIncompleteCallback
                0x0000000008009dc0       0x24 ./Src/usbd_conf.o
                0x0000000008009dc0                HAL_PCD_ISOINIncompleteCallback
 .text.HAL_PCD_ConnectCallback
                0x0000000008009de4       0x1c ./Src/usbd_conf.o
                0x0000000008009de4                HAL_PCD_ConnectCallback
 .text.HAL_PCD_DisconnectCallback
                0x0000000008009e00       0x1c ./Src/usbd_conf.o
                0x0000000008009e00                HAL_PCD_DisconnectCallback
 .text.USBD_LL_Init
                0x0000000008009e1c       0x98 ./Src/usbd_conf.o
                0x0000000008009e1c                USBD_LL_Init
 .text.USBD_LL_Start
                0x0000000008009eb4       0x64 ./Src/usbd_conf.o
                0x0000000008009eb4                USBD_LL_Start
 .text.USBD_LL_OpenEP
                0x0000000008009f18       0x7c ./Src/usbd_conf.o
                0x0000000008009f18                USBD_LL_OpenEP
 .text.USBD_LL_CloseEP
                0x0000000008009f94       0x6c ./Src/usbd_conf.o
                0x0000000008009f94                USBD_LL_CloseEP
 .text.USBD_LL_StallEP
                0x000000000800a000       0x6c ./Src/usbd_conf.o
                0x000000000800a000                USBD_LL_StallEP
 .text.USBD_LL_ClearStallEP
                0x000000000800a06c       0x6c ./Src/usbd_conf.o
                0x000000000800a06c                USBD_LL_ClearStallEP
 .text.USBD_LL_IsStallEP
                0x000000000800a0d8       0x58 ./Src/usbd_conf.o
                0x000000000800a0d8                USBD_LL_IsStallEP
 .text.USBD_LL_SetUSBAddress
                0x000000000800a130       0x6c ./Src/usbd_conf.o
                0x000000000800a130                USBD_LL_SetUSBAddress
 .text.USBD_LL_Transmit
                0x000000000800a19c       0x70 ./Src/usbd_conf.o
                0x000000000800a19c                USBD_LL_Transmit
 .text.USBD_LL_PrepareReceive
                0x000000000800a20c       0x70 ./Src/usbd_conf.o
                0x000000000800a20c                USBD_LL_PrepareReceive
 .text.HAL_PCDEx_LPM_Callback
                0x000000000800a27c       0x9c ./Src/usbd_conf.o
                0x000000000800a27c                HAL_PCDEx_LPM_Callback
 .text.USBD_static_malloc
                0x000000000800a318       0x1c ./Src/usbd_conf.o
                0x000000000800a318                USBD_static_malloc
 .text.USBD_static_free
                0x000000000800a334       0x14 ./Src/usbd_conf.o
                0x000000000800a334                USBD_static_free
 .text.SystemClockConfig_Resume
                0x000000000800a348        0xc ./Src/usbd_conf.o
 .text.USBD_FS_DeviceDescriptor
                0x000000000800a354       0x24 ./Src/usbd_desc.o
                0x000000000800a354                USBD_FS_DeviceDescriptor
 .text.USBD_FS_LangIDStrDescriptor
                0x000000000800a378       0x24 ./Src/usbd_desc.o
                0x000000000800a378                USBD_FS_LangIDStrDescriptor
 .text.USBD_FS_ProductStrDescriptor
                0x000000000800a39c       0x3c ./Src/usbd_desc.o
                0x000000000800a39c                USBD_FS_ProductStrDescriptor
 .text.USBD_FS_ManufacturerStrDescriptor
                0x000000000800a3d8       0x28 ./Src/usbd_desc.o
                0x000000000800a3d8                USBD_FS_ManufacturerStrDescriptor
 .text.USBD_FS_SerialStrDescriptor
                0x000000000800a400       0x24 ./Src/usbd_desc.o
                0x000000000800a400                USBD_FS_SerialStrDescriptor
 .text.USBD_FS_ConfigStrDescriptor
                0x000000000800a424       0x3c ./Src/usbd_desc.o
                0x000000000800a424                USBD_FS_ConfigStrDescriptor
 .text.USBD_FS_InterfaceStrDescriptor
                0x000000000800a460       0x3c ./Src/usbd_desc.o
                0x000000000800a460                USBD_FS_InterfaceStrDescriptor
 .text.USBD_FS_USR_BOSDescriptor
                0x000000000800a49c       0x24 ./Src/usbd_desc.o
                0x000000000800a49c                USBD_FS_USR_BOSDescriptor
 .text.Get_SerialNum
                0x000000000800a4c0       0x58 ./Src/usbd_desc.o
 .text.IntToUnicode
                0x000000000800a518       0x7e ./Src/usbd_desc.o
 *fill*         0x000000000800a596        0x2 
 .text.Reset_Handler
                0x000000000800a598       0x50 ./Startup/startup_stm32l475vgtx.o
                0x000000000800a598                Reset_Handler
 .text.Default_Handler
                0x000000000800a5e8        0x2 ./Startup/startup_stm32l475vgtx.o
                0x000000000800a5e8                TIM1_BRK_TIM15_IRQHandler
                0x000000000800a5e8                TIM8_TRG_COM_IRQHandler
                0x000000000800a5e8                TIM8_CC_IRQHandler
                0x000000000800a5e8                TIM1_CC_IRQHandler
                0x000000000800a5e8                TSC_IRQHandler
                0x000000000800a5e8                TAMP_STAMP_IRQHandler
                0x000000000800a5e8                LPTIM2_IRQHandler
                0x000000000800a5e8                DFSDM1_FLT1_IRQHandler
                0x000000000800a5e8                I2C3_ER_IRQHandler
                0x000000000800a5e8                DFSDM1_FLT2_IRQHandler
                0x000000000800a5e8                EXTI0_IRQHandler
                0x000000000800a5e8                I2C2_EV_IRQHandler
                0x000000000800a5e8                CAN1_RX0_IRQHandler
                0x000000000800a5e8                FPU_IRQHandler
                0x000000000800a5e8                TIM1_UP_TIM16_IRQHandler
                0x000000000800a5e8                ADC1_2_IRQHandler
                0x000000000800a5e8                SPI1_IRQHandler
                0x000000000800a5e8                TIM6_DAC_IRQHandler
                0x000000000800a5e8                TIM8_UP_IRQHandler
                0x000000000800a5e8                DMA2_Channel2_IRQHandler
                0x000000000800a5e8                DMA1_Channel4_IRQHandler
                0x000000000800a5e8                SAI2_IRQHandler
                0x000000000800a5e8                DFSDM1_FLT3_IRQHandler
                0x000000000800a5e8                USART3_IRQHandler
                0x000000000800a5e8                DMA1_Channel7_IRQHandler
                0x000000000800a5e8                CAN1_RX1_IRQHandler
                0x000000000800a5e8                UART5_IRQHandler
                0x000000000800a5e8                ADC3_IRQHandler
                0x000000000800a5e8                TIM4_IRQHandler
                0x000000000800a5e8                DMA2_Channel1_IRQHandler
                0x000000000800a5e8                QUADSPI_IRQHandler
                0x000000000800a5e8                I2C1_EV_IRQHandler
                0x000000000800a5e8                DMA1_Channel6_IRQHandler
                0x000000000800a5e8                UART4_IRQHandler
                0x000000000800a5e8                DMA2_Channel4_IRQHandler
                0x000000000800a5e8                TIM3_IRQHandler
                0x000000000800a5e8                RCC_IRQHandler
                0x000000000800a5e8                Default_Handler
                0x000000000800a5e8                DMA2_Channel7_IRQHandler
                0x000000000800a5e8                EXTI15_10_IRQHandler
                0x000000000800a5e8                TIM7_IRQHandler
                0x000000000800a5e8                SDMMC1_IRQHandler
                0x000000000800a5e8                TIM5_IRQHandler
                0x000000000800a5e8                I2C3_EV_IRQHandler
                0x000000000800a5e8                RTC_WKUP_IRQHandler
                0x000000000800a5e8                PVD_PVM_IRQHandler
                0x000000000800a5e8                SPI2_IRQHandler
                0x000000000800a5e8                CAN1_TX_IRQHandler
                0x000000000800a5e8                DMA2_Channel5_IRQHandler
                0x000000000800a5e8                DMA1_Channel5_IRQHandler
                0x000000000800a5e8                RNG_IRQHandler
                0x000000000800a5e8                TIM1_TRG_COM_TIM17_IRQHandler
                0x000000000800a5e8                DMA1_Channel3_IRQHandler
                0x000000000800a5e8                COMP_IRQHandler
                0x000000000800a5e8                WWDG_IRQHandler
                0x000000000800a5e8                LPUART1_IRQHandler
                0x000000000800a5e8                DMA2_Channel6_IRQHandler
                0x000000000800a5e8                TIM2_IRQHandler
                0x000000000800a5e8                EXTI1_IRQHandler
                0x000000000800a5e8                USART2_IRQHandler
                0x000000000800a5e8                DFSDM1_FLT0_IRQHandler
                0x000000000800a5e8                I2C2_ER_IRQHandler
                0x000000000800a5e8                DMA1_Channel2_IRQHandler
                0x000000000800a5e8                TIM8_BRK_IRQHandler
                0x000000000800a5e8                CAN1_SCE_IRQHandler
                0x000000000800a5e8                FLASH_IRQHandler
                0x000000000800a5e8                USART1_IRQHandler
                0x000000000800a5e8                SPI3_IRQHandler
                0x000000000800a5e8                I2C1_ER_IRQHandler
                0x000000000800a5e8                FMC_IRQHandler
                0x000000000800a5e8                SWPMI1_IRQHandler
                0x000000000800a5e8                LPTIM1_IRQHandler
                0x000000000800a5e8                SAI1_IRQHandler
                0x000000000800a5e8                DMA2_Channel3_IRQHandler
                0x000000000800a5e8                RTC_Alarm_IRQHandler
 *fill*         0x000000000800a5ea        0x2 
 .text.__libc_init_array
                0x000000000800a5ec       0x48 /Applications/STM32CubeIDE.app/Contents/Eclipse/plugins/com.st.stm32cube.ide.mcu.externaltools.gnu-tools-for-stm32.9-2020-q2-update.macos64_2.0.0.202105311346/tools/bin/../lib/gcc/arm-none-eabi/9.3.1/../../../../arm-none-eabi/lib/thumb/v7e-m+fp/hard/libc_nano.a(lib_a-init.o)
                0x000000000800a5ec                __libc_init_array
 .text.memset   0x000000000800a634       0x10 /Applications/STM32CubeIDE.app/Contents/Eclipse/plugins/com.st.stm32cube.ide.mcu.externaltools.gnu-tools-for-stm32.9-2020-q2-update.macos64_2.0.0.202105311346/tools/bin/../lib/gcc/arm-none-eabi/9.3.1/../../../../arm-none-eabi/lib/thumb/v7e-m+fp/hard/libc_nano.a(lib_a-memset.o)
                0x000000000800a634                memset
 *(.glue_7)
 .glue_7        0x000000000800a644        0x0 linker stubs
 *(.glue_7t)
 .glue_7t       0x000000000800a644        0x0 linker stubs
 *(.eh_frame)
 .eh_frame      0x000000000800a644        0x0 /Applications/STM32CubeIDE.app/Contents/Eclipse/plugins/com.st.stm32cube.ide.mcu.externaltools.gnu-tools-for-stm32.9-2020-q2-update.macos64_2.0.0.202105311346/tools/bin/../lib/gcc/arm-none-eabi/9.3.1/thumb/v7e-m+fp/hard/crtbegin.o
 *(.init)
 .init          0x000000000800a644        0x4 /Applications/STM32CubeIDE.app/Contents/Eclipse/plugins/com.st.stm32cube.ide.mcu.externaltools.gnu-tools-for-stm32.9-2020-q2-update.macos64_2.0.0.202105311346/tools/bin/../lib/gcc/arm-none-eabi/9.3.1/thumb/v7e-m+fp/hard/crti.o
                0x000000000800a644                _init
 .init          0x000000000800a648        0x8 /Applications/STM32CubeIDE.app/Contents/Eclipse/plugins/com.st.stm32cube.ide.mcu.externaltools.gnu-tools-for-stm32.9-2020-q2-update.macos64_2.0.0.202105311346/tools/bin/../lib/gcc/arm-none-eabi/9.3.1/thumb/v7e-m+fp/hard/crtn.o
 *(.fini)
 .fini          0x000000000800a650        0x4 /Applications/STM32CubeIDE.app/Contents/Eclipse/plugins/com.st.stm32cube.ide.mcu.externaltools.gnu-tools-for-stm32.9-2020-q2-update.macos64_2.0.0.202105311346/tools/bin/../lib/gcc/arm-none-eabi/9.3.1/thumb/v7e-m+fp/hard/crti.o
                0x000000000800a650                _fini
 .fini          0x000000000800a654        0x8 /Applications/STM32CubeIDE.app/Contents/Eclipse/plugins/com.st.stm32cube.ide.mcu.externaltools.gnu-tools-for-stm32.9-2020-q2-update.macos64_2.0.0.202105311346/tools/bin/../lib/gcc/arm-none-eabi/9.3.1/thumb/v7e-m+fp/hard/crtn.o
                0x000000000800a65c                . = ALIGN (0x4)
                0x000000000800a65c                _etext = .

.vfp11_veneer   0x000000000800a65c        0x0
 .vfp11_veneer  0x000000000800a65c        0x0 linker stubs

.v4_bx          0x000000000800a65c        0x0
 .v4_bx         0x000000000800a65c        0x0 linker stubs

.iplt           0x000000000800a65c        0x0
 .iplt          0x000000000800a65c        0x0 /Applications/STM32CubeIDE.app/Contents/Eclipse/plugins/com.st.stm32cube.ide.mcu.externaltools.gnu-tools-for-stm32.9-2020-q2-update.macos64_2.0.0.202105311346/tools/bin/../lib/gcc/arm-none-eabi/9.3.1/thumb/v7e-m+fp/hard/crtbegin.o

.rodata         0x000000000800a65c       0x90
                0x000000000800a65c                . = ALIGN (0x4)
 *(.rodata)
 .rodata        0x000000000800a65c       0x46 ./Src/usbd_desc.o
 *(.rodata*)
 *fill*         0x000000000800a6a2        0x2 
 .rodata.AHBPrescTable
                0x000000000800a6a4       0x10 ./Src/system_stm32l4xx.o
                0x000000000800a6a4                AHBPrescTable
 .rodata.APBPrescTable
                0x000000000800a6b4        0x8 ./Src/system_stm32l4xx.o
                0x000000000800a6b4                APBPrescTable
 .rodata.MSIRangeTable
                0x000000000800a6bc       0x30 ./Src/system_stm32l4xx.o
                0x000000000800a6bc                MSIRangeTable
                0x000000000800a6ec                . = ALIGN (0x4)

.ARM.extab      0x000000000800a6ec        0x0
                0x000000000800a6ec                . = ALIGN (0x4)
 *(.ARM.extab* .gnu.linkonce.armextab.*)
                0x000000000800a6ec                . = ALIGN (0x4)

.ARM            0x000000000800a6ec        0x8
                0x000000000800a6ec                . = ALIGN (0x4)
                0x000000000800a6ec                __exidx_start = .
 *(.ARM.exidx*)
 .ARM.exidx     0x000000000800a6ec        0x8 /Applications/STM32CubeIDE.app/Contents/Eclipse/plugins/com.st.stm32cube.ide.mcu.externaltools.gnu-tools-for-stm32.9-2020-q2-update.macos64_2.0.0.202105311346/tools/bin/../lib/gcc/arm-none-eabi/9.3.1/thumb/v7e-m+fp/hard/libgcc.a(_udivmoddi4.o)
                0x000000000800a6f4                __exidx_end = .
                0x000000000800a6f4                . = ALIGN (0x4)

.rel.dyn        0x000000000800a6f4        0x0
 .rel.iplt      0x000000000800a6f4        0x0 /Applications/STM32CubeIDE.app/Contents/Eclipse/plugins/com.st.stm32cube.ide.mcu.externaltools.gnu-tools-for-stm32.9-2020-q2-update.macos64_2.0.0.202105311346/tools/bin/../lib/gcc/arm-none-eabi/9.3.1/thumb/v7e-m+fp/hard/crtbegin.o

.preinit_array  0x000000000800a6f4        0x0
                0x000000000800a6f4                . = ALIGN (0x4)
                0x000000000800a6f4                PROVIDE (__preinit_array_start = .)
 *(.preinit_array*)
                0x000000000800a6f4                PROVIDE (__preinit_array_end = .)
                0x000000000800a6f4                . = ALIGN (0x4)

.init_array     0x000000000800a6f4        0x4
                0x000000000800a6f4                . = ALIGN (0x4)
                0x000000000800a6f4                PROVIDE (__init_array_start = .)
 *(SORT_BY_NAME(.init_array.*))
 *(.init_array*)
 .init_array    0x000000000800a6f4        0x4 /Applications/STM32CubeIDE.app/Contents/Eclipse/plugins/com.st.stm32cube.ide.mcu.externaltools.gnu-tools-for-stm32.9-2020-q2-update.macos64_2.0.0.202105311346/tools/bin/../lib/gcc/arm-none-eabi/9.3.1/thumb/v7e-m+fp/hard/crtbegin.o
                0x000000000800a6f8                PROVIDE (__init_array_end = .)
                0x000000000800a6f8                . = ALIGN (0x4)

.fini_array     0x000000000800a6f8        0x4
                0x000000000800a6f8                . = ALIGN (0x4)
                [!provide]                        PROVIDE (__fini_array_start = .)
 *(SORT_BY_NAME(.fini_array.*))
 *(.fini_array*)
 .fini_array    0x000000000800a6f8        0x4 /Applications/STM32CubeIDE.app/Contents/Eclipse/plugins/com.st.stm32cube.ide.mcu.externaltools.gnu-tools-for-stm32.9-2020-q2-update.macos64_2.0.0.202105311346/tools/bin/../lib/gcc/arm-none-eabi/9.3.1/thumb/v7e-m+fp/hard/crtbegin.o
                [!provide]                        PROVIDE (__fini_array_end = .)
                0x000000000800a6fc                . = ALIGN (0x4)
                0x000000000800a6fc                _sidata = LOADADDR (.data)

.data           0x0000000020000000      0x1d8 load address 0x000000000800a6fc
                0x0000000020000000                . = ALIGN (0x4)
                0x0000000020000000                _sdata = .
 *(.data)
 *(.data*)
 .data.uwTickPrio
                0x0000000020000000        0x4 ./Drivers/STM32L4xx_HAL_Driver/Src/stm32l4xx_hal.o
                0x0000000020000000                uwTickPrio
 .data.uwTickFreq
                0x0000000020000004        0x1 ./Drivers/STM32L4xx_HAL_Driver/Src/stm32l4xx_hal.o
                0x0000000020000004                uwTickFreq
 *fill*         0x0000000020000005        0x3 
 .data.USBD_HID
                0x0000000020000008       0x38 ./Middlewares/ST/STM32_USB_Device_Library/Class/HID/Src/usbd_hid.o
                0x0000000020000008                USBD_HID
 .data.USBD_HID_CfgFSDesc
                0x0000000020000040       0x22 ./Middlewares/ST/STM32_USB_Device_Library/Class/HID/Src/usbd_hid.o
 *fill*         0x0000000020000062        0x2 
 .data.USBD_HID_CfgHSDesc
                0x0000000020000064       0x22 ./Middlewares/ST/STM32_USB_Device_Library/Class/HID/Src/usbd_hid.o
 *fill*         0x0000000020000086        0x2 
 .data.USBD_HID_OtherSpeedCfgDesc
                0x0000000020000088       0x22 ./Middlewares/ST/STM32_USB_Device_Library/Class/HID/Src/usbd_hid.o
 *fill*         0x00000000200000aa        0x2 
 .data.USBD_HID_Desc
                0x00000000200000ac        0x9 ./Middlewares/ST/STM32_USB_Device_Library/Class/HID/Src/usbd_hid.o
 *fill*         0x00000000200000b5        0x3 
 .data.USBD_HID_DeviceQualifierDesc
                0x00000000200000b8        0xa ./Middlewares/ST/STM32_USB_Device_Library/Class/HID/Src/usbd_hid.o
 *fill*         0x00000000200000c2        0x2 
 .data.HID_MOUSE_ReportDesc
                0x00000000200000c4       0x7b ./Middlewares/ST/STM32_USB_Device_Library/Class/HID/Src/usbd_hid.o
 *fill*         0x000000002000013f        0x1 
 .data.Lsm6dslAccDrv
                0x0000000020000140       0x34 ./Src/lsm6dsl.o
                0x0000000020000140                Lsm6dslAccDrv
 .data.SystemCoreClock
                0x0000000020000174        0x4 ./Src/system_stm32l4xx.o
                0x0000000020000174                SystemCoreClock
 .data.FS_Desc  0x0000000020000178       0x20 ./Src/usbd_desc.o
                0x0000000020000178                FS_Desc
 .data.USBD_FS_DeviceDesc
                0x0000000020000198       0x12 ./Src/usbd_desc.o
                0x0000000020000198                USBD_FS_DeviceDesc
 *fill*         0x00000000200001aa        0x2 
 .data.USBD_FS_BOSDesc
                0x00000000200001ac        0xc ./Src/usbd_desc.o
                0x00000000200001ac                USBD_FS_BOSDesc
 .data.USBD_LangIDDesc
                0x00000000200001b8        0x4 ./Src/usbd_desc.o
                0x00000000200001b8                USBD_LangIDDesc
 .data.USBD_StringSerial
                0x00000000200001bc       0x1a ./Src/usbd_desc.o
                0x00000000200001bc                USBD_StringSerial
 *(.RamFunc)
 *(.RamFunc*)
                0x00000000200001d8                . = ALIGN (0x4)
 *fill*         0x00000000200001d6        0x2 
                0x00000000200001d8                _edata = .

.igot.plt       0x00000000200001d8        0x0 load address 0x000000000800a8d4
 .igot.plt      0x00000000200001d8        0x0 /Applications/STM32CubeIDE.app/Contents/Eclipse/plugins/com.st.stm32cube.ide.mcu.externaltools.gnu-tools-for-stm32.9-2020-q2-update.macos64_2.0.0.202105311346/tools/bin/../lib/gcc/arm-none-eabi/9.3.1/thumb/v7e-m+fp/hard/crtbegin.o
                0x00000000200001d8                . = ALIGN (0x4)

.bss            0x00000000200001d8      0xbec load address 0x000000000800a8d4
                0x00000000200001d8                _sbss = .
                0x00000000200001d8                __bss_start__ = _sbss
 *(.bss)
 .bss           0x00000000200001d8       0x1c /Applications/STM32CubeIDE.app/Contents/Eclipse/plugins/com.st.stm32cube.ide.mcu.externaltools.gnu-tools-for-stm32.9-2020-q2-update.macos64_2.0.0.202105311346/tools/bin/../lib/gcc/arm-none-eabi/9.3.1/thumb/v7e-m+fp/hard/crtbegin.o
 *(.bss*)
 .bss.cfgidx.11582
                0x00000000200001f4        0x1 ./Middlewares/ST/STM32_USB_Device_Library/Core/Src/usbd_ctlreq.o
 *fill*         0x00000000200001f5        0x3 
 .bss.AccelerometerDrv
                0x00000000200001f8        0x4 ./Src/stm32l475e_iot01_accelero.o
 .bss.mem.11698
                0x00000000200001fc       0x14 ./Src/usbd_conf.o
 *(COMMON)
 COMMON         0x0000000020000210        0x4 ./Drivers/STM32L4xx_HAL_Driver/Src/stm32l4xx_hal.o
                0x0000000020000210                uwTick
 COMMON         0x0000000020000214      0x208 ./Src/main.o
                0x0000000020000214                acceleroResults
                0x000000002000021a                x
                0x000000002000021c                mouseHID
                0x0000000020000224                n
                0x0000000020000228                hi2c1
                0x0000000020000274                VR
                0x000000002000027c                hadc1
                0x00000000200002e0                huart1
                0x0000000020000364                buffer
                0x00000000200003c8                hdma_adc1
                0x0000000020000410                keyboardHID
                0x000000002000041a                y
 COMMON         0x000000002000041c       0xd0 ./Src/stm32l475e_iot01.o
                0x000000002000041c                hDiscoUart
                0x00000000200004a0                hI2cHandler
 COMMON         0x00000000200004ec      0x2d0 ./Src/usb_device.o
                0x00000000200004ec                hUsbDeviceFS
 COMMON         0x00000000200007bc      0x408 ./Src/usbd_conf.o
                0x00000000200007bc                hpcd_USB_OTG_FS
 COMMON         0x0000000020000bc4      0x200 ./Src/usbd_desc.o
                0x0000000020000bc4                USBD_StrDesc
                0x0000000020000dc4                . = ALIGN (0x4)
                0x0000000020000dc4                _ebss = .
                0x0000000020000dc4                __bss_end__ = _ebss

._user_heap_stack
                0x0000000020000dc4      0x604 load address 0x000000000800a8d4
                0x0000000020000dc8                . = ALIGN (0x8)
 *fill*         0x0000000020000dc4        0x4 
                [!provide]                        PROVIDE (end = .)
                0x0000000020000dc8                PROVIDE (_end = .)
                0x0000000020000fc8                . = (. + _Min_Heap_Size)
 *fill*         0x0000000020000dc8      0x200 
                0x00000000200013c8                . = (. + _Min_Stack_Size)
 *fill*         0x0000000020000fc8      0x400 
                0x00000000200013c8                . = ALIGN (0x8)

/DISCARD/
 libc.a(*)
 libm.a(*)
 libgcc.a(*)

.ARM.attributes
                0x0000000000000000       0x30
 *(.ARM.attributes)
 .ARM.attributes
                0x0000000000000000       0x1e /Applications/STM32CubeIDE.app/Contents/Eclipse/plugins/com.st.stm32cube.ide.mcu.externaltools.gnu-tools-for-stm32.9-2020-q2-update.macos64_2.0.0.202105311346/tools/bin/../lib/gcc/arm-none-eabi/9.3.1/thumb/v7e-m+fp/hard/crti.o
 .ARM.attributes
                0x000000000000001e       0x34 /Applications/STM32CubeIDE.app/Contents/Eclipse/plugins/com.st.stm32cube.ide.mcu.externaltools.gnu-tools-for-stm32.9-2020-q2-update.macos64_2.0.0.202105311346/tools/bin/../lib/gcc/arm-none-eabi/9.3.1/thumb/v7e-m+fp/hard/crtbegin.o
 .ARM.attributes
                0x0000000000000052       0x34 ./Drivers/STM32L4xx_HAL_Driver/Src/stm32l4xx_hal.o
 .ARM.attributes
                0x0000000000000086       0x34 ./Drivers/STM32L4xx_HAL_Driver/Src/stm32l4xx_hal_adc.o
 .ARM.attributes
                0x00000000000000ba       0x34 ./Drivers/STM32L4xx_HAL_Driver/Src/stm32l4xx_hal_adc_ex.o
 .ARM.attributes
                0x00000000000000ee       0x34 ./Drivers/STM32L4xx_HAL_Driver/Src/stm32l4xx_hal_cortex.o
 .ARM.attributes
                0x0000000000000122       0x34 ./Drivers/STM32L4xx_HAL_Driver/Src/stm32l4xx_hal_dma.o
 .ARM.attributes
                0x0000000000000156       0x34 ./Drivers/STM32L4xx_HAL_Driver/Src/stm32l4xx_hal_gpio.o
 .ARM.attributes
                0x000000000000018a       0x34 ./Drivers/STM32L4xx_HAL_Driver/Src/stm32l4xx_hal_i2c.o
 .ARM.attributes
                0x00000000000001be       0x34 ./Drivers/STM32L4xx_HAL_Driver/Src/stm32l4xx_hal_i2c_ex.o
 .ARM.attributes
                0x00000000000001f2       0x34 ./Drivers/STM32L4xx_HAL_Driver/Src/stm32l4xx_hal_pcd.o
 .ARM.attributes
                0x0000000000000226       0x34 ./Drivers/STM32L4xx_HAL_Driver/Src/stm32l4xx_hal_pcd_ex.o
 .ARM.attributes
                0x000000000000025a       0x34 ./Drivers/STM32L4xx_HAL_Driver/Src/stm32l4xx_hal_pwr_ex.o
 .ARM.attributes
                0x000000000000028e       0x34 ./Drivers/STM32L4xx_HAL_Driver/Src/stm32l4xx_hal_rcc.o
 .ARM.attributes
                0x00000000000002c2       0x34 ./Drivers/STM32L4xx_HAL_Driver/Src/stm32l4xx_hal_rcc_ex.o
 .ARM.attributes
                0x00000000000002f6       0x34 ./Drivers/STM32L4xx_HAL_Driver/Src/stm32l4xx_hal_uart.o
 .ARM.attributes
                0x000000000000032a       0x34 ./Drivers/STM32L4xx_HAL_Driver/Src/stm32l4xx_ll_usb.o
 .ARM.attributes
                0x000000000000035e       0x34 ./Middlewares/ST/STM32_USB_Device_Library/Class/HID/Src/usbd_hid.o
 .ARM.attributes
                0x0000000000000392       0x34 ./Middlewares/ST/STM32_USB_Device_Library/Core/Src/usbd_core.o
 .ARM.attributes
                0x00000000000003c6       0x34 ./Middlewares/ST/STM32_USB_Device_Library/Core/Src/usbd_ctlreq.o
 .ARM.attributes
                0x00000000000003fa       0x34 ./Middlewares/ST/STM32_USB_Device_Library/Core/Src/usbd_ioreq.o
 .ARM.attributes
                0x000000000000042e       0x34 ./Src/lsm6dsl.o
 .ARM.attributes
                0x0000000000000462       0x34 ./Src/main.o
 .ARM.attributes
                0x0000000000000496       0x34 ./Src/stm32l475e_iot01.o
 .ARM.attributes
                0x00000000000004ca       0x34 ./Src/stm32l475e_iot01_accelero.o
 .ARM.attributes
                0x00000000000004fe       0x34 ./Src/stm32l4xx_hal_msp.o
 .ARM.attributes
                0x0000000000000532       0x34 ./Src/stm32l4xx_it.o
 .ARM.attributes
                0x0000000000000566       0x34 ./Src/system_stm32l4xx.o
 .ARM.attributes
                0x000000000000059a       0x34 ./Src/usb_device.o
 .ARM.attributes
                0x00000000000005ce       0x34 ./Src/usbd_conf.o
 .ARM.attributes
                0x0000000000000602       0x34 ./Src/usbd_desc.o
 .ARM.attributes
                0x0000000000000636       0x21 ./Startup/startup_stm32l475vgtx.o
 .ARM.attributes
                0x0000000000000657       0x34 /Applications/STM32CubeIDE.app/Contents/Eclipse/plugins/com.st.stm32cube.ide.mcu.externaltools.gnu-tools-for-stm32.9-2020-q2-update.macos64_2.0.0.202105311346/tools/bin/../lib/gcc/arm-none-eabi/9.3.1/../../../../arm-none-eabi/lib/thumb/v7e-m+fp/hard/libc_nano.a(lib_a-init.o)
 .ARM.attributes
                0x000000000000068b       0x34 /Applications/STM32CubeIDE.app/Contents/Eclipse/plugins/com.st.stm32cube.ide.mcu.externaltools.gnu-tools-for-stm32.9-2020-q2-update.macos64_2.0.0.202105311346/tools/bin/../lib/gcc/arm-none-eabi/9.3.1/../../../../arm-none-eabi/lib/thumb/v7e-m+fp/hard/libc_nano.a(lib_a-memset.o)
 .ARM.attributes
                0x00000000000006bf       0x1e /Applications/STM32CubeIDE.app/Contents/Eclipse/plugins/com.st.stm32cube.ide.mcu.externaltools.gnu-tools-for-stm32.9-2020-q2-update.macos64_2.0.0.202105311346/tools/bin/../lib/gcc/arm-none-eabi/9.3.1/thumb/v7e-m+fp/hard/libgcc.a(_aeabi_uldivmod.o)
 .ARM.attributes
                0x00000000000006dd       0x34 /Applications/STM32CubeIDE.app/Contents/Eclipse/plugins/com.st.stm32cube.ide.mcu.externaltools.gnu-tools-for-stm32.9-2020-q2-update.macos64_2.0.0.202105311346/tools/bin/../lib/gcc/arm-none-eabi/9.3.1/thumb/v7e-m+fp/hard/libgcc.a(_udivmoddi4.o)
 .ARM.attributes
                0x0000000000000711       0x1e /Applications/STM32CubeIDE.app/Contents/Eclipse/plugins/com.st.stm32cube.ide.mcu.externaltools.gnu-tools-for-stm32.9-2020-q2-update.macos64_2.0.0.202105311346/tools/bin/../lib/gcc/arm-none-eabi/9.3.1/thumb/v7e-m+fp/hard/libgcc.a(_dvmd_tls.o)
 .ARM.attributes
                0x000000000000072f       0x1e /Applications/STM32CubeIDE.app/Contents/Eclipse/plugins/com.st.stm32cube.ide.mcu.externaltools.gnu-tools-for-stm32.9-2020-q2-update.macos64_2.0.0.202105311346/tools/bin/../lib/gcc/arm-none-eabi/9.3.1/thumb/v7e-m+fp/hard/crtn.o
OUTPUT(2021-11-13-Project-Game-Controller.elf elf32-littlearm)
LOAD linker stubs
LOAD /Applications/STM32CubeIDE.app/Contents/Eclipse/plugins/com.st.stm32cube.ide.mcu.externaltools.gnu-tools-for-stm32.9-2020-q2-update.macos64_2.0.0.202105311346/tools/bin/../lib/gcc/arm-none-eabi/9.3.1/../../../../arm-none-eabi/lib/thumb/v7e-m+fp/hard/libc.a
LOAD /Applications/STM32CubeIDE.app/Contents/Eclipse/plugins/com.st.stm32cube.ide.mcu.externaltools.gnu-tools-for-stm32.9-2020-q2-update.macos64_2.0.0.202105311346/tools/bin/../lib/gcc/arm-none-eabi/9.3.1/../../../../arm-none-eabi/lib/thumb/v7e-m+fp/hard/libm.a
LOAD /Applications/STM32CubeIDE.app/Contents/Eclipse/plugins/com.st.stm32cube.ide.mcu.externaltools.gnu-tools-for-stm32.9-2020-q2-update.macos64_2.0.0.202105311346/tools/bin/../lib/gcc/arm-none-eabi/9.3.1/thumb/v7e-m+fp/hard/libgcc.a

.debug_info     0x0000000000000000    0x22fb4
 .debug_info    0x0000000000000000      0xcb3 ./Drivers/STM32L4xx_HAL_Driver/Src/stm32l4xx_hal.o
 .debug_info    0x0000000000000cb3     0x1f9e ./Drivers/STM32L4xx_HAL_Driver/Src/stm32l4xx_hal_adc.o
 .debug_info    0x0000000000002c51     0x1d10 ./Drivers/STM32L4xx_HAL_Driver/Src/stm32l4xx_hal_adc_ex.o
 .debug_info    0x0000000000004961     0x1028 ./Drivers/STM32L4xx_HAL_Driver/Src/stm32l4xx_hal_cortex.o
 .debug_info    0x0000000000005989      0x973 ./Drivers/STM32L4xx_HAL_Driver/Src/stm32l4xx_hal_dma.o
 .debug_info    0x00000000000062fc      0xa5f ./Drivers/STM32L4xx_HAL_Driver/Src/stm32l4xx_hal_gpio.o
 .debug_info    0x0000000000006d5b     0x22fd ./Drivers/STM32L4xx_HAL_Driver/Src/stm32l4xx_hal_i2c.o
 .debug_info    0x0000000000009058      0xc29 ./Drivers/STM32L4xx_HAL_Driver/Src/stm32l4xx_hal_i2c_ex.o
 .debug_info    0x0000000000009c81     0x13e2 ./Drivers/STM32L4xx_HAL_Driver/Src/stm32l4xx_hal_pcd.o
 .debug_info    0x000000000000b063      0xa9f ./Drivers/STM32L4xx_HAL_Driver/Src/stm32l4xx_hal_pcd_ex.o
 .debug_info    0x000000000000bb02      0xbda ./Drivers/STM32L4xx_HAL_Driver/Src/stm32l4xx_hal_pwr_ex.o
 .debug_info    0x000000000000c6dc      0xe0b ./Drivers/STM32L4xx_HAL_Driver/Src/stm32l4xx_hal_rcc.o
 .debug_info    0x000000000000d4e7     0x103f ./Drivers/STM32L4xx_HAL_Driver/Src/stm32l4xx_hal_rcc_ex.o
 .debug_info    0x000000000000e526     0x1ac3 ./Drivers/STM32L4xx_HAL_Driver/Src/stm32l4xx_hal_uart.o
 .debug_info    0x000000000000ffe9     0x1c05 ./Drivers/STM32L4xx_HAL_Driver/Src/stm32l4xx_ll_usb.o
 .debug_info    0x0000000000011bee     0x1425 ./Middlewares/ST/STM32_USB_Device_Library/Class/HID/Src/usbd_hid.o
 .debug_info    0x0000000000013013     0x1506 ./Middlewares/ST/STM32_USB_Device_Library/Core/Src/usbd_core.o
 .debug_info    0x0000000000014519     0x14d2 ./Middlewares/ST/STM32_USB_Device_Library/Core/Src/usbd_ctlreq.o
 .debug_info    0x00000000000159eb     0x11f4 ./Middlewares/ST/STM32_USB_Device_Library/Core/Src/usbd_ioreq.o
 .debug_info    0x0000000000016bdf      0x58a ./Src/lsm6dsl.o
 .debug_info    0x0000000000017169     0x2c78 ./Src/main.o
 .debug_info    0x0000000000019de1     0x1c04 ./Src/stm32l475e_iot01.o
 .debug_info    0x000000000001b9e5      0x6ac ./Src/stm32l475e_iot01_accelero.o
 .debug_info    0x000000000001c091     0x171c ./Src/stm32l4xx_hal_msp.o
 .debug_info    0x000000000001d7ad      0xafe ./Src/stm32l4xx_it.o
 .debug_info    0x000000000001e2ab      0x779 ./Src/system_stm32l4xx.o
 .debug_info    0x000000000001ea24     0x1075 ./Src/usb_device.o
 .debug_info    0x000000000001fa99     0x2541 ./Src/usbd_conf.o
 .debug_info    0x0000000000021fda      0xfb8 ./Src/usbd_desc.o
 .debug_info    0x0000000000022f92       0x22 ./Startup/startup_stm32l475vgtx.o

.debug_abbrev   0x0000000000000000     0x4405
 .debug_abbrev  0x0000000000000000      0x227 ./Drivers/STM32L4xx_HAL_Driver/Src/stm32l4xx_hal.o
 .debug_abbrev  0x0000000000000227      0x288 ./Drivers/STM32L4xx_HAL_Driver/Src/stm32l4xx_hal_adc.o
 .debug_abbrev  0x00000000000004af      0x2ac ./Drivers/STM32L4xx_HAL_Driver/Src/stm32l4xx_hal_adc_ex.o
 .debug_abbrev  0x000000000000075b      0x33c ./Drivers/STM32L4xx_HAL_Driver/Src/stm32l4xx_hal_cortex.o
 .debug_abbrev  0x0000000000000a97      0x201 ./Drivers/STM32L4xx_HAL_Driver/Src/stm32l4xx_hal_dma.o
 .debug_abbrev  0x0000000000000c98      0x1e8 ./Drivers/STM32L4xx_HAL_Driver/Src/stm32l4xx_hal_gpio.o
 .debug_abbrev  0x0000000000000e80      0x256 ./Drivers/STM32L4xx_HAL_Driver/Src/stm32l4xx_hal_i2c.o
 .debug_abbrev  0x00000000000010d6      0x1dd ./Drivers/STM32L4xx_HAL_Driver/Src/stm32l4xx_hal_i2c_ex.o
 .debug_abbrev  0x00000000000012b3      0x2a0 ./Drivers/STM32L4xx_HAL_Driver/Src/stm32l4xx_hal_pcd.o
 .debug_abbrev  0x0000000000001553      0x246 ./Drivers/STM32L4xx_HAL_Driver/Src/stm32l4xx_hal_pcd_ex.o
 .debug_abbrev  0x0000000000001799      0x1f3 ./Drivers/STM32L4xx_HAL_Driver/Src/stm32l4xx_hal_pwr_ex.o
 .debug_abbrev  0x000000000000198c      0x275 ./Drivers/STM32L4xx_HAL_Driver/Src/stm32l4xx_hal_rcc.o
 .debug_abbrev  0x0000000000001c01      0x268 ./Drivers/STM32L4xx_HAL_Driver/Src/stm32l4xx_hal_rcc_ex.o
 .debug_abbrev  0x0000000000001e69      0x23f ./Drivers/STM32L4xx_HAL_Driver/Src/stm32l4xx_hal_uart.o
 .debug_abbrev  0x00000000000020a8      0x2a7 ./Drivers/STM32L4xx_HAL_Driver/Src/stm32l4xx_ll_usb.o
 .debug_abbrev  0x000000000000234f      0x2d7 ./Middlewares/ST/STM32_USB_Device_Library/Class/HID/Src/usbd_hid.o
 .debug_abbrev  0x0000000000002626      0x2b7 ./Middlewares/ST/STM32_USB_Device_Library/Core/Src/usbd_core.o
 .debug_abbrev  0x00000000000028dd      0x2fc ./Middlewares/ST/STM32_USB_Device_Library/Core/Src/usbd_ctlreq.o
 .debug_abbrev  0x0000000000002bd9      0x22a ./Middlewares/ST/STM32_USB_Device_Library/Core/Src/usbd_ioreq.o
 .debug_abbrev  0x0000000000002e03      0x1b4 ./Src/lsm6dsl.o
 .debug_abbrev  0x0000000000002fb7      0x311 ./Src/main.o
 .debug_abbrev  0x00000000000032c8      0x2a3 ./Src/stm32l475e_iot01.o
 .debug_abbrev  0x000000000000356b      0x177 ./Src/stm32l475e_iot01_accelero.o
 .debug_abbrev  0x00000000000036e2      0x1f5 ./Src/stm32l4xx_hal_msp.o
 .debug_abbrev  0x00000000000038d7      0x1ce ./Src/stm32l4xx_it.o
 .debug_abbrev  0x0000000000003aa5      0x165 ./Src/system_stm32l4xx.o
 .debug_abbrev  0x0000000000003c0a      0x1fb ./Src/usb_device.o
 .debug_abbrev  0x0000000000003e05      0x344 ./Src/usbd_conf.o
 .debug_abbrev  0x0000000000004149      0x2aa ./Src/usbd_desc.o
 .debug_abbrev  0x00000000000043f3       0x12 ./Startup/startup_stm32l475vgtx.o

.debug_aranges  0x0000000000000000     0x18b0
 .debug_aranges
                0x0000000000000000      0x130 ./Drivers/STM32L4xx_HAL_Driver/Src/stm32l4xx_hal.o
 .debug_aranges
                0x0000000000000130      0x220 ./Drivers/STM32L4xx_HAL_Driver/Src/stm32l4xx_hal_adc.o
 .debug_aranges
                0x0000000000000350      0x1a8 ./Drivers/STM32L4xx_HAL_Driver/Src/stm32l4xx_hal_adc_ex.o
 .debug_aranges
                0x00000000000004f8      0x118 ./Drivers/STM32L4xx_HAL_Driver/Src/stm32l4xx_hal_cortex.o
 .debug_aranges
                0x0000000000000610       0x80 ./Drivers/STM32L4xx_HAL_Driver/Src/stm32l4xx_hal_dma.o
 .debug_aranges
                0x0000000000000690       0x58 ./Drivers/STM32L4xx_HAL_Driver/Src/stm32l4xx_hal_gpio.o
 .debug_aranges
                0x00000000000006e8      0x290 ./Drivers/STM32L4xx_HAL_Driver/Src/stm32l4xx_hal_i2c.o
 .debug_aranges
                0x0000000000000978       0x48 ./Drivers/STM32L4xx_HAL_Driver/Src/stm32l4xx_hal_i2c_ex.o
 .debug_aranges
                0x00000000000009c0      0x130 ./Drivers/STM32L4xx_HAL_Driver/Src/stm32l4xx_hal_pcd.o
 .debug_aranges
                0x0000000000000af0       0x60 ./Drivers/STM32L4xx_HAL_Driver/Src/stm32l4xx_hal_pcd_ex.o
 .debug_aranges
                0x0000000000000b50      0x150 ./Drivers/STM32L4xx_HAL_Driver/Src/stm32l4xx_hal_pwr_ex.o
 .debug_aranges
                0x0000000000000ca0       0x88 ./Drivers/STM32L4xx_HAL_Driver/Src/stm32l4xx_hal_rcc.o
 .debug_aranges
                0x0000000000000d28       0xc0 ./Drivers/STM32L4xx_HAL_Driver/Src/stm32l4xx_hal_rcc_ex.o
 .debug_aranges
                0x0000000000000de8      0x228 ./Drivers/STM32L4xx_HAL_Driver/Src/stm32l4xx_hal_uart.o
 .debug_aranges
                0x0000000000001010      0x198 ./Drivers/STM32L4xx_HAL_Driver/Src/stm32l4xx_ll_usb.o
 .debug_aranges
                0x00000000000011a8       0x68 ./Middlewares/ST/STM32_USB_Device_Library/Class/HID/Src/usbd_hid.o
 .debug_aranges
                0x0000000000001210       0xb8 ./Middlewares/ST/STM32_USB_Device_Library/Core/Src/usbd_core.o
 .debug_aranges
                0x00000000000012c8       0x90 ./Middlewares/ST/STM32_USB_Device_Library/Core/Src/usbd_ctlreq.o
 .debug_aranges
                0x0000000000001358       0x50 ./Middlewares/ST/STM32_USB_Device_Library/Core/Src/usbd_ioreq.o
 .debug_aranges
                0x00000000000013a8       0x68 ./Src/lsm6dsl.o
 .debug_aranges
                0x0000000000001410       0x68 ./Src/main.o
 .debug_aranges
                0x0000000000001478      0x130 ./Src/stm32l475e_iot01.o
 .debug_aranges
                0x00000000000015a8       0x38 ./Src/stm32l475e_iot01_accelero.o
 .debug_aranges
                0x00000000000015e0       0x50 ./Src/stm32l4xx_hal_msp.o
 .debug_aranges
                0x0000000000001630       0x90 ./Src/stm32l4xx_it.o
 .debug_aranges
                0x00000000000016c0       0x28 ./Src/system_stm32l4xx.o
 .debug_aranges
                0x00000000000016e8       0x20 ./Src/usb_device.o
 .debug_aranges
                0x0000000000001708      0x118 ./Src/usbd_conf.o
 .debug_aranges
                0x0000000000001820       0x68 ./Src/usbd_desc.o
 .debug_aranges
                0x0000000000001888       0x28 ./Startup/startup_stm32l475vgtx.o

.debug_ranges   0x0000000000000000     0x1708
 .debug_ranges  0x0000000000000000      0x120 ./Drivers/STM32L4xx_HAL_Driver/Src/stm32l4xx_hal.o
 .debug_ranges  0x0000000000000120      0x210 ./Drivers/STM32L4xx_HAL_Driver/Src/stm32l4xx_hal_adc.o
 .debug_ranges  0x0000000000000330      0x198 ./Drivers/STM32L4xx_HAL_Driver/Src/stm32l4xx_hal_adc_ex.o
 .debug_ranges  0x00000000000004c8      0x108 ./Drivers/STM32L4xx_HAL_Driver/Src/stm32l4xx_hal_cortex.o
 .debug_ranges  0x00000000000005d0       0x70 ./Drivers/STM32L4xx_HAL_Driver/Src/stm32l4xx_hal_dma.o
 .debug_ranges  0x0000000000000640       0x48 ./Drivers/STM32L4xx_HAL_Driver/Src/stm32l4xx_hal_gpio.o
 .debug_ranges  0x0000000000000688      0x280 ./Drivers/STM32L4xx_HAL_Driver/Src/stm32l4xx_hal_i2c.o
 .debug_ranges  0x0000000000000908       0x38 ./Drivers/STM32L4xx_HAL_Driver/Src/stm32l4xx_hal_i2c_ex.o
 .debug_ranges  0x0000000000000940      0x120 ./Drivers/STM32L4xx_HAL_Driver/Src/stm32l4xx_hal_pcd.o
 .debug_ranges  0x0000000000000a60       0x50 ./Drivers/STM32L4xx_HAL_Driver/Src/stm32l4xx_hal_pcd_ex.o
 .debug_ranges  0x0000000000000ab0      0x140 ./Drivers/STM32L4xx_HAL_Driver/Src/stm32l4xx_hal_pwr_ex.o
 .debug_ranges  0x0000000000000bf0       0x78 ./Drivers/STM32L4xx_HAL_Driver/Src/stm32l4xx_hal_rcc.o
 .debug_ranges  0x0000000000000c68       0xb0 ./Drivers/STM32L4xx_HAL_Driver/Src/stm32l4xx_hal_rcc_ex.o
 .debug_ranges  0x0000000000000d18      0x248 ./Drivers/STM32L4xx_HAL_Driver/Src/stm32l4xx_hal_uart.o
 .debug_ranges  0x0000000000000f60      0x188 ./Drivers/STM32L4xx_HAL_Driver/Src/stm32l4xx_ll_usb.o
 .debug_ranges  0x00000000000010e8       0x58 ./Middlewares/ST/STM32_USB_Device_Library/Class/HID/Src/usbd_hid.o
 .debug_ranges  0x0000000000001140       0xa8 ./Middlewares/ST/STM32_USB_Device_Library/Core/Src/usbd_core.o
 .debug_ranges  0x00000000000011e8       0x80 ./Middlewares/ST/STM32_USB_Device_Library/Core/Src/usbd_ctlreq.o
 .debug_ranges  0x0000000000001268       0x40 ./Middlewares/ST/STM32_USB_Device_Library/Core/Src/usbd_ioreq.o
 .debug_ranges  0x00000000000012a8       0x58 ./Src/lsm6dsl.o
 .debug_ranges  0x0000000000001300       0x58 ./Src/main.o
 .debug_ranges  0x0000000000001358      0x120 ./Src/stm32l475e_iot01.o
 .debug_ranges  0x0000000000001478       0x28 ./Src/stm32l475e_iot01_accelero.o
 .debug_ranges  0x00000000000014a0       0x40 ./Src/stm32l4xx_hal_msp.o
 .debug_ranges  0x00000000000014e0       0x80 ./Src/stm32l4xx_it.o
 .debug_ranges  0x0000000000001560       0x18 ./Src/system_stm32l4xx.o
 .debug_ranges  0x0000000000001578       0x10 ./Src/usb_device.o
 .debug_ranges  0x0000000000001588      0x108 ./Src/usbd_conf.o
 .debug_ranges  0x0000000000001690       0x58 ./Src/usbd_desc.o
 .debug_ranges  0x00000000000016e8       0x20 ./Startup/startup_stm32l475vgtx.o

.debug_macro    0x0000000000000000    0x2be76
 .debug_macro   0x0000000000000000      0x25a ./Drivers/STM32L4xx_HAL_Driver/Src/stm32l4xx_hal.o
 .debug_macro   0x000000000000025a      0xaa8 ./Drivers/STM32L4xx_HAL_Driver/Src/stm32l4xx_hal.o
 .debug_macro   0x0000000000000d02      0x1b3 ./Drivers/STM32L4xx_HAL_Driver/Src/stm32l4xx_hal.o
 .debug_macro   0x0000000000000eb5       0x2e ./Drivers/STM32L4xx_HAL_Driver/Src/stm32l4xx_hal.o
 .debug_macro   0x0000000000000ee3       0x28 ./Drivers/STM32L4xx_HAL_Driver/Src/stm32l4xx_hal.o
 .debug_macro   0x0000000000000f0b       0x22 ./Drivers/STM32L4xx_HAL_Driver/Src/stm32l4xx_hal.o
 .debug_macro   0x0000000000000f2d       0x8e ./Drivers/STM32L4xx_HAL_Driver/Src/stm32l4xx_hal.o
 .debug_macro   0x0000000000000fbb       0x51 ./Drivers/STM32L4xx_HAL_Driver/Src/stm32l4xx_hal.o
 .debug_macro   0x000000000000100c      0x103 ./Drivers/STM32L4xx_HAL_Driver/Src/stm32l4xx_hal.o
 .debug_macro   0x000000000000110f       0x6a ./Drivers/STM32L4xx_HAL_Driver/Src/stm32l4xx_hal.o
 .debug_macro   0x0000000000001179      0x1df ./Drivers/STM32L4xx_HAL_Driver/Src/stm32l4xx_hal.o
 .debug_macro   0x0000000000001358       0x1c ./Drivers/STM32L4xx_HAL_Driver/Src/stm32l4xx_hal.o
 .debug_macro   0x0000000000001374       0x22 ./Drivers/STM32L4xx_HAL_Driver/Src/stm32l4xx_hal.o
 .debug_macro   0x0000000000001396      0x101 ./Drivers/STM32L4xx_HAL_Driver/Src/stm32l4xx_hal.o
 .debug_macro   0x0000000000001497     0x1011 ./Drivers/STM32L4xx_HAL_Driver/Src/stm32l4xx_hal.o
 .debug_macro   0x00000000000024a8      0x11f ./Drivers/STM32L4xx_HAL_Driver/Src/stm32l4xx_hal.o
 .debug_macro   0x00000000000025c7    0x19db6 ./Drivers/STM32L4xx_HAL_Driver/Src/stm32l4xx_hal.o
 .debug_macro   0x000000000001c37d       0x43 ./Drivers/STM32L4xx_HAL_Driver/Src/stm32l4xx_hal.o
 .debug_macro   0x000000000001c3c0     0x3897 ./Drivers/STM32L4xx_HAL_Driver/Src/stm32l4xx_hal.o
 .debug_macro   0x000000000001fc57      0x174 ./Drivers/STM32L4xx_HAL_Driver/Src/stm32l4xx_hal.o
 .debug_macro   0x000000000001fdcb       0x5c ./Drivers/STM32L4xx_HAL_Driver/Src/stm32l4xx_hal.o
 .debug_macro   0x000000000001fe27     0x1519 ./Drivers/STM32L4xx_HAL_Driver/Src/stm32l4xx_hal.o
 .debug_macro   0x0000000000021340      0x59e ./Drivers/STM32L4xx_HAL_Driver/Src/stm32l4xx_hal.o
 .debug_macro   0x00000000000218de      0x13d ./Drivers/STM32L4xx_HAL_Driver/Src/stm32l4xx_hal.o
 .debug_macro   0x0000000000021a1b      0x17d ./Drivers/STM32L4xx_HAL_Driver/Src/stm32l4xx_hal.o
 .debug_macro   0x0000000000021b98      0x26b ./Drivers/STM32L4xx_HAL_Driver/Src/stm32l4xx_hal.o
 .debug_macro   0x0000000000021e03      0x23d ./Drivers/STM32L4xx_HAL_Driver/Src/stm32l4xx_hal.o
 .debug_macro   0x0000000000022040      0xf83 ./Drivers/STM32L4xx_HAL_Driver/Src/stm32l4xx_hal.o
 .debug_macro   0x0000000000022fc3      0x632 ./Drivers/STM32L4xx_HAL_Driver/Src/stm32l4xx_hal.o
 .debug_macro   0x00000000000235f5      0x30c ./Drivers/STM32L4xx_HAL_Driver/Src/stm32l4xx_hal.o
 .debug_macro   0x0000000000023901      0x241 ./Drivers/STM32L4xx_HAL_Driver/Src/stm32l4xx_hal.o
 .debug_macro   0x0000000000023b42      0x37c ./Drivers/STM32L4xx_HAL_Driver/Src/stm32l4xx_hal.o
 .debug_macro   0x0000000000023ebe       0xd6 ./Drivers/STM32L4xx_HAL_Driver/Src/stm32l4xx_hal.o
 .debug_macro   0x0000000000023f94      0x22c ./Drivers/STM32L4xx_HAL_Driver/Src/stm32l4xx_hal.o
 .debug_macro   0x00000000000241c0       0x61 ./Drivers/STM32L4xx_HAL_Driver/Src/stm32l4xx_hal.o