Archive member included to satisfy reference by file (symbol)

/Applications/STM32CubeIDE.app/Contents/Eclipse/plugins/com.st.stm32cube.ide.mcu.externaltools.gnu-tools-for-stm32.9-2020-q2-update.macos64_2.0.0.202105311346/tools/bin/../lib/gcc/arm-none-eabi/9.3.1/../../../../arm-none-eabi/lib/thumb/v7e-m+fp/hard/libc_nano.a(lib_a-errno.o)
                              ./Src/syscalls.o (__errno)
/Applications/STM32CubeIDE.app/Contents/Eclipse/plugins/com.st.stm32cube.ide.mcu.externaltools.gnu-tools-for-stm32.9-2020-q2-update.macos64_2.0.0.202105311346/tools/bin/../lib/gcc/arm-none-eabi/9.3.1/../../../../arm-none-eabi/lib/thumb/v7e-m+fp/hard/libc_nano.a(lib_a-exit.o)
                              /Applications/STM32CubeIDE.app/Contents/Eclipse/plugins/com.st.stm32cube.ide.mcu.externaltools.gnu-tools-for-stm32.9-2020-q2-update.macos64_2.0.0.202105311346/tools/bin/../lib/gcc/arm-none-eabi/9.3.1/../../../../arm-none-eabi/lib/thumb/v7e-m+fp/hard/crt0.o (exit)
/Applications/STM32CubeIDE.app/Contents/Eclipse/plugins/com.st.stm32cube.ide.mcu.externaltools.gnu-tools-for-stm32.9-2020-q2-update.macos64_2.0.0.202105311346/tools/bin/../lib/gcc/arm-none-eabi/9.3.1/../../../../arm-none-eabi/lib/thumb/v7e-m+fp/hard/libc_nano.a(lib_a-impure.o)
                              /Applications/STM32CubeIDE.app/Contents/Eclipse/plugins/com.st.stm32cube.ide.mcu.externaltools.gnu-tools-for-stm32.9-2020-q2-update.macos64_2.0.0.202105311346/tools/bin/../lib/gcc/arm-none-eabi/9.3.1/../../../../arm-none-eabi/lib/thumb/v7e-m+fp/hard/libc_nano.a(lib_a-exit.o) (_global_impure_ptr)
/Applications/STM32CubeIDE.app/Contents/Eclipse/plugins/com.st.stm32cube.ide.mcu.externaltools.gnu-tools-for-stm32.9-2020-q2-update.macos64_2.0.0.202105311346/tools/bin/../lib/gcc/arm-none-eabi/9.3.1/../../../../arm-none-eabi/lib/thumb/v7e-m+fp/hard/libc_nano.a(lib_a-init.o)
                              /Applications/STM32CubeIDE.app/Contents/Eclipse/plugins/com.st.stm32cube.ide.mcu.externaltools.gnu-tools-for-stm32.9-2020-q2-update.macos64_2.0.0.202105311346/tools/bin/../lib/gcc/arm-none-eabi/9.3.1/../../../../arm-none-eabi/lib/thumb/v7e-m+fp/hard/crt0.o (__libc_init_array)
/Applications/STM32CubeIDE.app/Contents/Eclipse/plugins/com.st.stm32cube.ide.mcu.externaltools.gnu-tools-for-stm32.9-2020-q2-update.macos64_2.0.0.202105311346/tools/bin/../lib/gcc/arm-none-eabi/9.3.1/../../../../arm-none-eabi/lib/thumb/v7e-m+fp/hard/libc_nano.a(lib_a-memset.o)
                              /Applications/STM32CubeIDE.app/Contents/Eclipse/plugins/com.st.stm32cube.ide.mcu.externaltools.gnu-tools-for-stm32.9-2020-q2-update.macos64_2.0.0.202105311346/tools/bin/../lib/gcc/arm-none-eabi/9.3.1/../../../../arm-none-eabi/lib/thumb/v7e-m+fp/hard/crt0.o (memset)

Allocating common symbols
Common symbol       size              file

hUsbDeviceFS        0x2d0             ./Src/usb_device.o
hpcd_USB_OTG_FS     0x408             ./Src/usbd_conf.o
uwTick              0x4               ./Drivers/STM32L4xx_HAL_Driver/Src/stm32l4xx_hal.o
USBD_StrDesc        0x200             ./Src/usbd_desc.o

Discarded input sections

 .text          0x0000000000000000        0x0 /Applications/STM32CubeIDE.app/Contents/Eclipse/plugins/com.st.stm32cube.ide.mcu.externaltools.gnu-tools-for-stm32.9-2020-q2-update.macos64_2.0.0.202105311346/tools/bin/../lib/gcc/arm-none-eabi/9.3.1/thumb/v7e-m+fp/hard/crti.o
 .data          0x0000000000000000        0x0 /Applications/STM32CubeIDE.app/Contents/Eclipse/plugins/com.st.stm32cube.ide.mcu.externaltools.gnu-tools-for-stm32.9-2020-q2-update.macos64_2.0.0.202105311346/tools/bin/../lib/gcc/arm-none-eabi/9.3.1/thumb/v7e-m+fp/hard/crti.o
 .bss           0x0000000000000000        0x0 /Applications/STM32CubeIDE.app/Contents/Eclipse/plugins/com.st.stm32cube.ide.mcu.externaltools.gnu-tools-for-stm32.9-2020-q2-update.macos64_2.0.0.202105311346/tools/bin/../lib/gcc/arm-none-eabi/9.3.1/thumb/v7e-m+fp/hard/crti.o
 .data          0x0000000000000000        0x4 /Applications/STM32CubeIDE.app/Contents/Eclipse/plugins/com.st.stm32cube.ide.mcu.externaltools.gnu-tools-for-stm32.9-2020-q2-update.macos64_2.0.0.202105311346/tools/bin/../lib/gcc/arm-none-eabi/9.3.1/thumb/v7e-m+fp/hard/crtbegin.o
 .text          0x0000000000000000       0x7c /Applications/STM32CubeIDE.app/Contents/Eclipse/plugins/com.st.stm32cube.ide.mcu.externaltools.gnu-tools-for-stm32.9-2020-q2-update.macos64_2.0.0.202105311346/tools/bin/../lib/gcc/arm-none-eabi/9.3.1/../../../../arm-none-eabi/lib/thumb/v7e-m+fp/hard/crt0.o
 .data          0x0000000000000000        0x0 /Applications/STM32CubeIDE.app/Contents/Eclipse/plugins/com.st.stm32cube.ide.mcu.externaltools.gnu-tools-for-stm32.9-2020-q2-update.macos64_2.0.0.202105311346/tools/bin/../lib/gcc/arm-none-eabi/9.3.1/../../../../arm-none-eabi/lib/thumb/v7e-m+fp/hard/crt0.o
[...]
Memory Configuration

Name             Origin             Length             Attributes
RAM              0x0000000020000000 0x0000000000018000 xrw
RAM2             0x0000000010000000 0x0000000000008000 xrw
FLASH            0x0000000008000000 0x0000000000100000 xr
*default*        0x0000000000000000 0xffffffffffffffff

Linker script and memory map

LOAD /Applications/STM32CubeIDE.app/Contents/Eclipse/plugins/com.st.stm32cube.ide.mcu.externaltools.gnu-tools-for-stm32.9-2020-q2-update.macos64_2.0.0.202105311346/tools/bin/../lib/gcc/arm-none-eabi/9.3.1/thumb/v7e-m+fp/hard/crti.o
LOAD /Applications/STM32CubeIDE.app/Contents/Eclipse/plugins/com.st.stm32cube.ide.mcu.externaltools.gnu-tools-for-stm32.9-2020-q2-update.macos64_2.0.0.202105311346/tools/bin/../lib/gcc/arm-none-eabi/9.3.1/thumb/v7e-m+fp/hard/crtbegin.o
LOAD /Applications/STM32CubeIDE.app/Contents/Eclipse/plugins/com.st.stm32cube.ide.mcu.externaltools.gnu-tools-for-stm32.9-2020-q2-update.macos64_2.0.0.202105311346/tools/bin/../lib/gcc/arm-none-eabi/9.3.1/../../../../arm-none-eabi/lib/thumb/v7e-m+fp/hard/crt0.o
LOAD ./Drivers/STM32L4xx_HAL_Driver/Src/stm32l4xx_hal.o
LOAD ./Drivers/STM32L4xx_HAL_Driver/Src/stm32l4xx_hal_cortex.o
LOAD ./Drivers/STM32L4xx_HAL_Driver/Src/stm32l4xx_hal_dma.o
LOAD ./Drivers/STM32L4xx_HAL_Driver/Src/stm32l4xx_hal_dma_ex.o
LOAD ./Drivers/STM32L4xx_HAL_Driver/Src/stm32l4xx_hal_exti.o
LOAD ./Drivers/STM32L4xx_HAL_Driver/Src/stm32l4xx_hal_flash.o
LOAD ./Drivers/STM32L4xx_HAL_Driver/Src/stm32l4xx_hal_flash_ex.o
LOAD ./Drivers/STM32L4xx_HAL_Driver/Src/stm32l4xx_hal_flash_ramfunc.o
LOAD ./Drivers/STM32L4xx_HAL_Driver/Src/stm32l4xx_hal_gpio.o
LOAD ./Drivers/STM32L4xx_HAL_Driver/Src/stm32l4xx_hal_i2c.o
LOAD ./Drivers/STM32L4xx_HAL_Driver/Src/stm32l4xx_hal_i2c_ex.o
LOAD ./Drivers/STM32L4xx_HAL_Driver/Src/stm32l4xx_hal_pcd.o
LOAD ./Drivers/STM32L4xx_HAL_Driver/Src/stm32l4xx_hal_pcd_ex.o
LOAD ./Drivers/STM32L4xx_HAL_Driver/Src/stm32l4xx_hal_pwr.o
LOAD ./Drivers/STM32L4xx_HAL_Driver/Src/stm32l4xx_hal_pwr_ex.o
LOAD ./Drivers/STM32L4xx_HAL_Driver/Src/stm32l4xx_hal_rcc.o
LOAD ./Drivers/STM32L4xx_HAL_Driver/Src/stm32l4xx_hal_rcc_ex.o
LOAD ./Drivers/STM32L4xx_HAL_Driver/Src/stm32l4xx_hal_tim.o
LOAD ./Drivers/STM32L4xx_HAL_Driver/Src/stm32l4xx_hal_tim_ex.o
LOAD ./Drivers/STM32L4xx_HAL_Driver/Src/stm32l4xx_ll_usb.o
LOAD ./Middlewares/ST/STM32_USB_Device_Library/Class/HID/Src/usbd_hid.o
LOAD ./Middlewares/ST/STM32_USB_Device_Library/Core/Src/usbd_core.o
LOAD ./Middlewares/ST/STM32_USB_Device_Library/Core/Src/usbd_ctlreq.o
LOAD ./Middlewares/ST/STM32_USB_Device_Library/Core/Src/usbd_ioreq.o
LOAD ./Src/main.o
LOAD ./Src/stm32l4xx_hal_msp.o
LOAD ./Src/stm32l4xx_it.o
LOAD ./Src/syscalls.o
LOAD ./Src/sysmem.o
LOAD ./Src/system_stm32l4xx.o
LOAD ./Src/usb_device.o
LOAD ./Src/usbd_conf.o
LOAD ./Src/usbd_desc.o
LOAD ./Startup/startup_stm32l475vgtx.o
START GROUP
LOAD /Applications/STM32CubeIDE.app/Contents/Eclipse/plugins/com.st.stm32cube.ide.mcu.externaltools.gnu-tools-for-stm32.9-2020-q2-update.macos64_2.0.0.202105311346/tools/bin/../lib/gcc/arm-none-eabi/9.3.1/../../../../arm-none-eabi/lib/thumb/v7e-m+fp/hard/libc_nano.a
LOAD /Applications/STM32CubeIDE.app/Contents/Eclipse/plugins/com.st.stm32cube.ide.mcu.externaltools.gnu-tools-for-stm32.9-2020-q2-update.macos64_2.0.0.202105311346/tools/bin/../lib/gcc/arm-none-eabi/9.3.1/../../../../arm-none-eabi/lib/thumb/v7e-m+fp/hard/libm.a
END GROUP
START GROUP
LOAD /Applications/STM32CubeIDE.app/Contents/Eclipse/plugins/com.st.stm32cube.ide.mcu.externaltools.gnu-tools-for-stm32.9-2020-q2-update.macos64_2.0.0.202105311346/tools/bin/../lib/gcc/arm-none-eabi/9.3.1/thumb/v7e-m+fp/hard/libgcc.a
LOAD /Applications/STM32CubeIDE.app/Contents/Eclipse/plugins/com.st.stm32cube.ide.mcu.externaltools.gnu-tools-for-stm32.9-2020-q2-update.macos64_2.0.0.202105311346/tools/bin/../lib/gcc/arm-none-eabi/9.3.1/../../../../arm-none-eabi/lib/thumb/v7e-m+fp/hard/libc_nano.a
END GROUP
START GROUP
LOAD /Applications/STM32CubeIDE.app/Contents/Eclipse/plugins/com.st.stm32cube.ide.mcu.externaltools.gnu-tools-for-stm32.9-2020-q2-update.macos64_2.0.0.202105311346/tools/bin/../lib/gcc/arm-none-eabi/9.3.1/thumb/v7e-m+fp/hard/libgcc.a
LOAD /Applications/STM32CubeIDE.app/Contents/Eclipse/plugins/com.st.stm32cube.ide.mcu.externaltools.gnu-tools-for-stm32.9-2020-q2-update.macos64_2.0.0.202105311346/tools/bin/../lib/gcc/arm-none-eabi/9.3.1/../../../../arm-none-eabi/lib/thumb/v7e-m+fp/hard/libc_nano.a
LOAD /Applications/STM32CubeIDE.app/Contents/Eclipse/plugins/com.st.stm32cube.ide.mcu.externaltools.gnu-tools-for-stm32.9-2020-q2-update.macos64_2.0.0.202105311346/tools/bin/../lib/gcc/arm-none-eabi/9.3.1/../../../../arm-none-eabi/lib/thumb/v7e-m+fp/hard/libnosys.a
END GROUP
START GROUP
LOAD /Applications/STM32CubeIDE.app/Contents/Eclipse/plugins/com.st.stm32cube.ide.mcu.externaltools.gnu-tools-for-stm32.9-2020-q2-update.macos64_2.0.0.202105311346/tools/bin/../lib/gcc/arm-none-eabi/9.3.1/thumb/v7e-m+fp/hard/libgcc.a
LOAD /Applications/STM32CubeIDE.app/Contents/Eclipse/plugins/com.st.stm32cube.ide.mcu.externaltools.gnu-tools-for-stm32.9-2020-q2-update.macos64_2.0.0.202105311346/tools/bin/../lib/gcc/arm-none-eabi/9.3.1/../../../../arm-none-eabi/lib/thumb/v7e-m+fp/hard/libc_nano.a
LOAD /Applications/STM32CubeIDE.app/Contents/Eclipse/plugins/com.st.stm32cube.ide.mcu.externaltools.gnu-tools-for-stm32.9-2020-q2-update.macos64_2.0.0.202105311346/tools/bin/../lib/gcc/arm-none-eabi/9.3.1/../../../../arm-none-eabi/lib/thumb/v7e-m+fp/hard/libnosys.a
END GROUP
LOAD /Applications/STM32CubeIDE.app/Contents/Eclipse/plugins/com.st.stm32cube.ide.mcu.externaltools.gnu-tools-for-stm32.9-2020-q2-update.macos64_2.0.0.202105311346/tools/bin/../lib/gcc/arm-none-eabi/9.3.1/thumb/v7e-m+fp/hard/crtend.o
LOAD /Applications/STM32CubeIDE.app/Contents/Eclipse/plugins/com.st.stm32cube.ide.mcu.externaltools.gnu-tools-for-stm32.9-2020-q2-update.macos64_2.0.0.202105311346/tools/bin/../lib/gcc/arm-none-eabi/9.3.1/thumb/v7e-m+fp/hard/crtn.o
                0x0000000020018000                _estack = (ORIGIN (RAM) + LENGTH (RAM))
                0x0000000000000200                _Min_Heap_Size = 0x200
                0x0000000000000400                _Min_Stack_Size = 0x400

.isr_vector     0x0000000008000000      0x188
                0x0000000008000000                . = ALIGN (0x4)
 *(.isr_vector)
 .isr_vector    0x0000000008000000      0x188 ./Startup/startup_stm32l475vgtx.o
                0x0000000008000000                g_pfnVectors
                0x0000000008000188                . = ALIGN (0x4)

.text           0x0000000008000188     0x68bc
                0x0000000008000188                . = ALIGN (0x4)
 *(.text)
 .text          0x0000000008000188       0x40 /Applications/STM32CubeIDE.app/Contents/Eclipse/plugins/com.st.stm32cube.ide.mcu.externaltools.gnu-tools-for-stm32.9-2020-q2-update.macos64_2.0.0.202105311346/tools/bin/../lib/gcc/arm-none-eabi/9.3.1/thumb/v7e-m+fp/hard/crtbegin.o
 *(.text*)
 .text.HAL_Init
                0x00000000080001c8       0x30 ./Drivers/STM32L4xx_HAL_Driver/Src/stm32l4xx_hal.o
                0x00000000080001c8                HAL_Init
 .text.HAL_InitTick
                0x00000000080001f8       0x78 ./Drivers/STM32L4xx_HAL_Driver/Src/stm32l4xx_hal.o
                0x00000000080001f8                HAL_InitTick
 .text.HAL_IncTick
                0x0000000008000270       0x28 ./Drivers/STM32L4xx_HAL_Driver/Src/stm32l4xx_hal.o
                0x0000000008000270                HAL_IncTick
 .text.HAL_GetTick
                0x0000000008000298       0x18 ./Drivers/STM32L4xx_HAL_Driver/Src/stm32l4xx_hal.o
                0x0000000008000298                HAL_GetTick
 .text.HAL_Delay
                0x00000000080002b0       0x48 ./Drivers/STM32L4xx_HAL_Driver/Src/stm32l4xx_hal.o
                0x00000000080002b0                HAL_Delay
 .text.__NVIC_SetPriorityGrouping
                0x00000000080002f8       0x48 ./Drivers/STM32L4xx_HAL_Driver/Src/stm32l4xx_hal_cortex.o
 .text.__NVIC_GetPriorityGrouping
                0x0000000008000340       0x1c ./Drivers/STM32L4xx_HAL_Driver/Src/stm32l4xx_hal_cortex.o
 .text.__NVIC_EnableIRQ
                0x000000000800035c       0x3c ./Drivers/STM32L4xx_HAL_Driver/Src/stm32l4xx_hal_cortex.o
 .text.__NVIC_SetPriority
                0x0000000008000398       0x54 ./Drivers/STM32L4xx_HAL_Driver/Src/stm32l4xx_hal_cortex.o
 .text.NVIC_EncodePriority
                0x00000000080003ec       0x66 ./Drivers/STM32L4xx_HAL_Driver/Src/stm32l4xx_hal_cortex.o
 *fill*         0x0000000008000452        0x2 
 .text.SysTick_Config
                0x0000000008000454       0x44 ./Drivers/STM32L4xx_HAL_Driver/Src/stm32l4xx_hal_cortex.o
 .text.HAL_NVIC_SetPriorityGrouping
                0x0000000008000498       0x16 ./Drivers/STM32L4xx_HAL_Driver/Src/stm32l4xx_hal_cortex.o
                0x0000000008000498                HAL_NVIC_SetPriorityGrouping
 .text.HAL_NVIC_SetPriority
                0x00000000080004ae       0x38 ./Drivers/STM32L4xx_HAL_Driver/Src/stm32l4xx_hal_cortex.o
                0x00000000080004ae                HAL_NVIC_SetPriority
 .text.HAL_NVIC_EnableIRQ
                0x00000000080004e6       0x1c ./Drivers/STM32L4xx_HAL_Driver/Src/stm32l4xx_hal_cortex.o
                0x00000000080004e6                HAL_NVIC_EnableIRQ
 .text.HAL_SYSTICK_Config
                0x0000000008000502       0x18 ./Drivers/STM32L4xx_HAL_Driver/Src/stm32l4xx_hal_cortex.o
                0x0000000008000502                HAL_SYSTICK_Config
 *fill*         0x000000000800051a        0x2 
 .text.HAL_GPIO_Init
                0x000000000800051c      0x354 ./Drivers/STM32L4xx_HAL_Driver/Src/stm32l4xx_hal_gpio.o
                0x000000000800051c                HAL_GPIO_Init
 .text.HAL_GPIO_ReadPin
                0x0000000008000870       0x30 ./Drivers/STM32L4xx_HAL_Driver/Src/stm32l4xx_hal_gpio.o
                0x0000000008000870                HAL_GPIO_ReadPin
 .text.HAL_GPIO_WritePin
                0x00000000080008a0       0x30 ./Drivers/STM32L4xx_HAL_Driver/Src/stm32l4xx_hal_gpio.o
                0x00000000080008a0                HAL_GPIO_WritePin
 .text.HAL_GPIO_EXTI_IRQHandler
                0x00000000080008d0       0x30 ./Drivers/STM32L4xx_HAL_Driver/Src/stm32l4xx_hal_gpio.o
                0x00000000080008d0                HAL_GPIO_EXTI_IRQHandler
 .text.HAL_PCD_Init
                0x0000000008000900      0x248 ./Drivers/STM32L4xx_HAL_Driver/Src/stm32l4xx_hal_pcd.o
                0x0000000008000900                HAL_PCD_Init
 .text.HAL_PCD_Start
                0x0000000008000b48       0x5e ./Drivers/STM32L4xx_HAL_Driver/Src/stm32l4xx_hal_pcd.o
                0x0000000008000b48                HAL_PCD_Start
 .text.HAL_PCD_IRQHandler
                0x0000000008000ba6      0x748 ./Drivers/STM32L4xx_HAL_Driver/Src/stm32l4xx_hal_pcd.o
                0x0000000008000ba6                HAL_PCD_IRQHandler
 .text.HAL_PCD_SetAddress
                0x00000000080012ee       0x4a ./Drivers/STM32L4xx_HAL_Driver/Src/stm32l4xx_hal_pcd.o
                0x00000000080012ee                HAL_PCD_SetAddress
 .text.HAL_PCD_EP_Open
                0x0000000008001338       0xd0 ./Drivers/STM32L4xx_HAL_Driver/Src/stm32l4xx_hal_pcd.o
                0x0000000008001338                HAL_PCD_EP_Open
 .text.HAL_PCD_EP_Close
                0x0000000008001408       0x94 ./Drivers/STM32L4xx_HAL_Driver/Src/stm32l4xx_hal_pcd.o
                0x0000000008001408                HAL_PCD_EP_Close
 .text.HAL_PCD_EP_Receive
                0x000000000800149c       0x7c ./Drivers/STM32L4xx_HAL_Driver/Src/stm32l4xx_hal_pcd.o
                0x000000000800149c                HAL_PCD_EP_Receive
 .text.HAL_PCD_EP_Transmit
                0x0000000008001518       0x7a ./Drivers/STM32L4xx_HAL_Driver/Src/stm32l4xx_hal_pcd.o
                0x0000000008001518                HAL_PCD_EP_Transmit
 .text.HAL_PCD_EP_SetStall
                0x0000000008001592       0xc4 ./Drivers/STM32L4xx_HAL_Driver/Src/stm32l4xx_hal_pcd.o
                0x0000000008001592                HAL_PCD_EP_SetStall
 .text.HAL_PCD_EP_ClrStall
                0x0000000008001656       0xac ./Drivers/STM32L4xx_HAL_Driver/Src/stm32l4xx_hal_pcd.o
                0x0000000008001656                HAL_PCD_EP_ClrStall
 .text.PCD_WriteEmptyTxFifo
                0x0000000008001702      0x110 ./Drivers/STM32L4xx_HAL_Driver/Src/stm32l4xx_hal_pcd.o
 *fill*         0x0000000008001812        0x2 
 .text.PCD_EP_OutXfrComplete_int
                0x0000000008001814       0x9c ./Drivers/STM32L4xx_HAL_Driver/Src/stm32l4xx_hal_pcd.o
 .text.PCD_EP_OutSetupPacket_int
                0x00000000080018b0       0x68 ./Drivers/STM32L4xx_HAL_Driver/Src/stm32l4xx_hal_pcd.o
 .text.HAL_PCDEx_SetTxFiFo
                0x0000000008001918       0x8e ./Drivers/STM32L4xx_HAL_Driver/Src/stm32l4xx_hal_pcd_ex.o
                0x0000000008001918                HAL_PCDEx_SetTxFiFo
 .text.HAL_PCDEx_SetRxFiFo
                0x00000000080019a6       0x22 ./Drivers/STM32L4xx_HAL_Driver/Src/stm32l4xx_hal_pcd_ex.o
                0x00000000080019a6                HAL_PCDEx_SetRxFiFo
 .text.HAL_PCDEx_ActivateLPM
                0x00000000080019c8       0x48 ./Drivers/STM32L4xx_HAL_Driver/Src/stm32l4xx_hal_pcd_ex.o
                0x00000000080019c8                HAL_PCDEx_ActivateLPM
 .text.HAL_PWREx_GetVoltageRange
                0x0000000008001a10       0x1c ./Drivers/STM32L4xx_HAL_Driver/Src/stm32l4xx_hal_pwr_ex.o
                0x0000000008001a10                HAL_PWREx_GetVoltageRange
 .text.HAL_PWREx_ControlVoltageScaling
                0x0000000008001a2c       0xac ./Drivers/STM32L4xx_HAL_Driver/Src/stm32l4xx_hal_pwr_ex.o
                0x0000000008001a2c                HAL_PWREx_ControlVoltageScaling
 .text.HAL_PWREx_EnableVddUSB
                0x0000000008001ad8       0x20 ./Drivers/STM32L4xx_HAL_Driver/Src/stm32l4xx_hal_pwr_ex.o
                0x0000000008001ad8                HAL_PWREx_EnableVddUSB
 .text.HAL_RCC_OscConfig
                0x0000000008001af8      0x7cc ./Drivers/STM32L4xx_HAL_Driver/Src/stm32l4xx_hal_rcc.o
                0x0000000008001af8                HAL_RCC_OscConfig
 .text.HAL_RCC_ClockConfig
                0x00000000080022c4      0x1c4 ./Drivers/STM32L4xx_HAL_Driver/Src/stm32l4xx_hal_rcc.o
                0x00000000080022c4                HAL_RCC_ClockConfig
 .text.HAL_RCC_GetSysClockFreq
                0x0000000008002488      0x118 ./Drivers/STM32L4xx_HAL_Driver/Src/stm32l4xx_hal_rcc.o
                0x0000000008002488                HAL_RCC_GetSysClockFreq
 .text.HAL_RCC_GetHCLKFreq
                0x00000000080025a0       0x18 ./Drivers/STM32L4xx_HAL_Driver/Src/stm32l4xx_hal_rcc.o
                0x00000000080025a0                HAL_RCC_GetHCLKFreq
 .text.RCC_SetFlashLatencyFromMSIRange
                0x00000000080025b8       0xc0 ./Drivers/STM32L4xx_HAL_Driver/Src/stm32l4xx_hal_rcc.o
 .text.HAL_RCCEx_PeriphCLKConfig
                0x0000000008002678      0x5d4 ./Drivers/STM32L4xx_HAL_Driver/Src/stm32l4xx_hal_rcc_ex.o
                0x0000000008002678                HAL_RCCEx_PeriphCLKConfig
 .text.RCCEx_PLLSAI1_Config
                0x0000000008002c4c      0x1e8 ./Drivers/STM32L4xx_HAL_Driver/Src/stm32l4xx_hal_rcc_ex.o
 .text.RCCEx_PLLSAI2_Config
                0x0000000008002e34      0x1bc ./Drivers/STM32L4xx_HAL_Driver/Src/stm32l4xx_hal_rcc_ex.o
 .text.USB_CoreInit
                0x0000000008002ff0       0x58 ./Drivers/STM32L4xx_HAL_Driver/Src/stm32l4xx_ll_usb.o
                0x0000000008002ff0                USB_CoreInit
 .text.USB_SetTurnaroundTime
                0x0000000008003048      0x138 ./Drivers/STM32L4xx_HAL_Driver/Src/stm32l4xx_ll_usb.o
                0x0000000008003048                USB_SetTurnaroundTime
 .text.USB_EnableGlobalInt
                0x0000000008003180       0x22 ./Drivers/STM32L4xx_HAL_Driver/Src/stm32l4xx_ll_usb.o
                0x0000000008003180                USB_EnableGlobalInt
 .text.USB_DisableGlobalInt
                0x00000000080031a2       0x22 ./Drivers/STM32L4xx_HAL_Driver/Src/stm32l4xx_ll_usb.o
                0x00000000080031a2                USB_DisableGlobalInt
 .text.USB_SetCurrentMode
                0x00000000080031c4       0x54 ./Drivers/STM32L4xx_HAL_Driver/Src/stm32l4xx_ll_usb.o
                0x00000000080031c4                USB_SetCurrentMode
 .text.USB_DevInit
                0x0000000008003218      0x298 ./Drivers/STM32L4xx_HAL_Driver/Src/stm32l4xx_ll_usb.o
                0x0000000008003218                USB_DevInit
 .text.USB_FlushTxFifo
                0x00000000080034b0       0x4c ./Drivers/STM32L4xx_HAL_Driver/Src/stm32l4xx_ll_usb.o
                0x00000000080034b0                USB_FlushTxFifo
 .text.USB_FlushRxFifo
                0x00000000080034fc       0x44 ./Drivers/STM32L4xx_HAL_Driver/Src/stm32l4xx_ll_usb.o
                0x00000000080034fc                USB_FlushRxFifo
 .text.USB_SetDevSpeed
                0x0000000008003540       0x32 ./Drivers/STM32L4xx_HAL_Driver/Src/stm32l4xx_ll_usb.o
                0x0000000008003540                USB_SetDevSpeed
 .text.USB_GetDevSpeed
                0x0000000008003572       0x3e ./Drivers/STM32L4xx_HAL_Driver/Src/stm32l4xx_ll_usb.o
                0x0000000008003572                USB_GetDevSpeed
 .text.USB_ActivateEndpoint
                0x00000000080035b0      0x10e ./Drivers/STM32L4xx_HAL_Driver/Src/stm32l4xx_ll_usb.o
                0x00000000080035b0                USB_ActivateEndpoint
 *fill*         0x00000000080036be        0x2 
 .text.USB_DeactivateEndpoint
                0x00000000080036c0      0x1b8 ./Drivers/STM32L4xx_HAL_Driver/Src/stm32l4xx_ll_usb.o
                0x00000000080036c0                USB_DeactivateEndpoint
 .text.USB_EPStartXfer
                0x0000000008003878      0x3b8 ./Drivers/STM32L4xx_HAL_Driver/Src/stm32l4xx_ll_usb.o
                0x0000000008003878                USB_EPStartXfer
 .text.USB_EP0StartXfer
                0x0000000008003c30      0x23c ./Drivers/STM32L4xx_HAL_Driver/Src/stm32l4xx_ll_usb.o
                0x0000000008003c30                USB_EP0StartXfer
 .text.USB_WritePacket
                0x0000000008003e6c       0x62 ./Drivers/STM32L4xx_HAL_Driver/Src/stm32l4xx_ll_usb.o
                0x0000000008003e6c                USB_WritePacket
 .text.USB_ReadPacket
                0x0000000008003ece       0x52 ./Drivers/STM32L4xx_HAL_Driver/Src/stm32l4xx_ll_usb.o
                0x0000000008003ece                USB_ReadPacket
 .text.USB_EPSetStall
                0x0000000008003f20       0xdc ./Drivers/STM32L4xx_HAL_Driver/Src/stm32l4xx_ll_usb.o
                0x0000000008003f20                USB_EPSetStall
 .text.USB_EPClearStall
                0x0000000008003ffc       0xcc ./Drivers/STM32L4xx_HAL_Driver/Src/stm32l4xx_ll_usb.o
                0x0000000008003ffc                USB_EPClearStall
 .text.USB_SetDevAddress
                0x00000000080040c8       0x4c ./Drivers/STM32L4xx_HAL_Driver/Src/stm32l4xx_ll_usb.o
                0x00000000080040c8                USB_SetDevAddress
 .text.USB_DevConnect
                0x0000000008004114       0x42 ./Drivers/STM32L4xx_HAL_Driver/Src/stm32l4xx_ll_usb.o
                0x0000000008004114                USB_DevConnect
 .text.USB_DevDisconnect
                0x0000000008004156       0x42 ./Drivers/STM32L4xx_HAL_Driver/Src/stm32l4xx_ll_usb.o
                0x0000000008004156                USB_DevDisconnect
 .text.USB_ReadInterrupts
                0x0000000008004198       0x26 ./Drivers/STM32L4xx_HAL_Driver/Src/stm32l4xx_ll_usb.o
                0x0000000008004198                USB_ReadInterrupts
 .text.USB_ReadDevAllOutEpInterrupt
                0x00000000080041be       0x34 ./Drivers/STM32L4xx_HAL_Driver/Src/stm32l4xx_ll_usb.o
                0x00000000080041be                USB_ReadDevAllOutEpInterrupt
 .text.USB_ReadDevAllInEpInterrupt
                0x00000000080041f2       0x34 ./Drivers/STM32L4xx_HAL_Driver/Src/stm32l4xx_ll_usb.o
                0x00000000080041f2                USB_ReadDevAllInEpInterrupt
 .text.USB_ReadDevOutEPInterrupt
                0x0000000008004226       0x3c ./Drivers/STM32L4xx_HAL_Driver/Src/stm32l4xx_ll_usb.o
                0x0000000008004226                USB_ReadDevOutEPInterrupt
 .text.USB_ReadDevInEPInterrupt
                0x0000000008004262       0x5c ./Drivers/STM32L4xx_HAL_Driver/Src/stm32l4xx_ll_usb.o
                0x0000000008004262                USB_ReadDevInEPInterrupt
 .text.USB_GetMode
                0x00000000080042be       0x1c ./Drivers/STM32L4xx_HAL_Driver/Src/stm32l4xx_ll_usb.o
                0x00000000080042be                USB_GetMode
 .text.USB_ActivateSetup
                0x00000000080042da       0x46 ./Drivers/STM32L4xx_HAL_Driver/Src/stm32l4xx_ll_usb.o
                0x00000000080042da                USB_ActivateSetup
 .text.USB_EP0_OutStart
                0x0000000008004320       0x90 ./Drivers/STM32L4xx_HAL_Driver/Src/stm32l4xx_ll_usb.o
                0x0000000008004320                USB_EP0_OutStart
 .text.USB_CoreReset
                0x00000000080043b0       0x68 ./Drivers/STM32L4xx_HAL_Driver/Src/stm32l4xx_ll_usb.o
 .text.USBD_HID_Init
                0x0000000008004418       0x66 ./Middlewares/ST/STM32_USB_Device_Library/Class/HID/Src/usbd_hid.o
 .text.USBD_HID_DeInit
                0x000000000800447e       0x48 ./Middlewares/ST/STM32_USB_Device_Library/Class/HID/Src/usbd_hid.o
 *fill*         0x00000000080044c6        0x2 
 .text.USBD_HID_Setup
                0x00000000080044c8      0x208 ./Middlewares/ST/STM32_USB_Device_Library/Class/HID/Src/usbd_hid.o
 .text.USBD_HID_SendReport
                0x00000000080046d0       0x50 ./Middlewares/ST/STM32_USB_Device_Library/Class/HID/Src/usbd_hid.o
                0x00000000080046d0                USBD_HID_SendReport
 .text.USBD_HID_GetFSCfgDesc
                0x0000000008004720       0x20 ./Middlewares/ST/STM32_USB_Device_Library/Class/HID/Src/usbd_hid.o
 .text.USBD_HID_GetHSCfgDesc
                0x0000000008004740       0x20 ./Middlewares/ST/STM32_USB_Device_Library/Class/HID/Src/usbd_hid.o
 .text.USBD_HID_GetOtherSpeedCfgDesc
                0x0000000008004760       0x20 ./Middlewares/ST/STM32_USB_Device_Library/Class/HID/Src/usbd_hid.o
 .text.USBD_HID_DataIn
                0x0000000008004780       0x24 ./Middlewares/ST/STM32_USB_Device_Library/Class/HID/Src/usbd_hid.o
 .text.USBD_HID_GetDeviceQualifierDesc
                0x00000000080047a4       0x20 ./Middlewares/ST/STM32_USB_Device_Library/Class/HID/Src/usbd_hid.o
 .text.USBD_Init
                0x00000000080047c4       0x60 ./Middlewares/ST/STM32_USB_Device_Library/Core/Src/usbd_core.o
                0x00000000080047c4                USBD_Init
 .text.USBD_RegisterClass
                0x0000000008004824       0x4e ./Middlewares/ST/STM32_USB_Device_Library/Core/Src/usbd_core.o
                0x0000000008004824                USBD_RegisterClass
 .text.USBD_Start
                0x0000000008004872       0x18 ./Middlewares/ST/STM32_USB_Device_Library/Core/Src/usbd_core.o
                0x0000000008004872                USBD_Start
 .text.USBD_RunTestMode
                0x000000000800488a       0x16 ./Middlewares/ST/STM32_USB_Device_Library/Core/Src/usbd_core.o
                0x000000000800488a                USBD_RunTestMode
 .text.USBD_SetClassConfig
                0x00000000080048a0       0x38 ./Middlewares/ST/STM32_USB_Device_Library/Core/Src/usbd_core.o
                0x00000000080048a0                USBD_SetClassConfig
 .text.USBD_ClrClassConfig
                0x00000000080048d8       0x30 ./Middlewares/ST/STM32_USB_Device_Library/Core/Src/usbd_core.o
                0x00000000080048d8                USBD_ClrClassConfig
 .text.USBD_LL_SetupStage
                0x0000000008004908       0xaa ./Middlewares/ST/STM32_USB_Device_Library/Core/Src/usbd_core.o
                0x0000000008004908                USBD_LL_SetupStage
 .text.USBD_LL_DataOutStage
                0x00000000080049b2       0xc6 ./Middlewares/ST/STM32_USB_Device_Library/Core/Src/usbd_core.o
                0x00000000080049b2                USBD_LL_DataOutStage
 .text.USBD_LL_DataInStage
                0x0000000008004a78      0x12c ./Middlewares/ST/STM32_USB_Device_Library/Core/Src/usbd_core.o
                0x0000000008004a78                USBD_LL_DataInStage
 .text.USBD_LL_Reset
                0x0000000008004ba4       0x9c ./Middlewares/ST/STM32_USB_Device_Library/Core/Src/usbd_core.o
                0x0000000008004ba4                USBD_LL_Reset
 .text.USBD_LL_SetSpeed
                0x0000000008004c40       0x20 ./Middlewares/ST/STM32_USB_Device_Library/Core/Src/usbd_core.o
                0x0000000008004c40                USBD_LL_SetSpeed
 .text.USBD_LL_Suspend
                0x0000000008004c60       0x2c ./Middlewares/ST/STM32_USB_Device_Library/Core/Src/usbd_core.o
                0x0000000008004c60                USBD_LL_Suspend
 .text.USBD_LL_Resume
                0x0000000008004c8c       0x30 ./Middlewares/ST/STM32_USB_Device_Library/Core/Src/usbd_core.o
                0x0000000008004c8c                USBD_LL_Resume
 .text.USBD_LL_SOF
                0x0000000008004cbc       0x44 ./Middlewares/ST/STM32_USB_Device_Library/Core/Src/usbd_core.o
                0x0000000008004cbc                USBD_LL_SOF
 .text.USBD_LL_IsoINIncomplete
                0x0000000008004d00       0x4c ./Middlewares/ST/STM32_USB_Device_Library/Core/Src/usbd_core.o
                0x0000000008004d00                USBD_LL_IsoINIncomplete
 .text.USBD_LL_IsoOUTIncomplete
                0x0000000008004d4c       0x4c ./Middlewares/ST/STM32_USB_Device_Library/Core/Src/usbd_core.o
                0x0000000008004d4c                USBD_LL_IsoOUTIncomplete
 .text.USBD_LL_DevConnected
                0x0000000008004d98       0x16 ./Middlewares/ST/STM32_USB_Device_Library/Core/Src/usbd_core.o
                0x0000000008004d98                USBD_LL_DevConnected
 .text.USBD_LL_DevDisconnected
                0x0000000008004dae       0x38 ./Middlewares/ST/STM32_USB_Device_Library/Core/Src/usbd_core.o
                0x0000000008004dae                USBD_LL_DevDisconnected
 .text.SWAPBYTE
                0x0000000008004de6       0x3c ./Middlewares/ST/STM32_USB_Device_Library/Core/Src/usbd_ctlreq.o
 *fill*         0x0000000008004e22        0x2 
 .text.USBD_StdDevReq
                0x0000000008004e24       0xdc ./Middlewares/ST/STM32_USB_Device_Library/Core/Src/usbd_ctlreq.o
                0x0000000008004e24                USBD_StdDevReq
 .text.USBD_StdItfReq
                0x0000000008004f00       0x92 ./Middlewares/ST/STM32_USB_Device_Library/Core/Src/usbd_ctlreq.o
                0x0000000008004f00                USBD_StdItfReq
 .text.USBD_StdEPReq
                0x0000000008004f92      0x2c4 ./Middlewares/ST/STM32_USB_Device_Library/Core/Src/usbd_ctlreq.o
                0x0000000008004f92                USBD_StdEPReq
 *fill*         0x0000000008005256        0x2 
 .text.USBD_GetDescriptor
                0x0000000008005258      0x328 ./Middlewares/ST/STM32_USB_Device_Library/Core/Src/usbd_ctlreq.o
 .text.USBD_SetAddress
                0x0000000008005580       0x88 ./Middlewares/ST/STM32_USB_Device_Library/Core/Src/usbd_ctlreq.o
 .text.USBD_SetConfig
                0x0000000008005608      0x14c ./Middlewares/ST/STM32_USB_Device_Library/Core/Src/usbd_ctlreq.o
 .text.USBD_GetConfig
                0x0000000008005754       0x6c ./Middlewares/ST/STM32_USB_Device_Library/Core/Src/usbd_ctlreq.o
 .text.USBD_GetStatus
                0x00000000080057c0       0x68 ./Middlewares/ST/STM32_USB_Device_Library/Core/Src/usbd_ctlreq.o
 .text.USBD_SetFeature
                0x0000000008005828       0x28 ./Middlewares/ST/STM32_USB_Device_Library/Core/Src/usbd_ctlreq.o
 .text.USBD_ClrFeature
                0x0000000008005850       0x44 ./Middlewares/ST/STM32_USB_Device_Library/Core/Src/usbd_ctlreq.o
 .text.USBD_ParseSetupRequest
                0x0000000008005894       0x74 ./Middlewares/ST/STM32_USB_Device_Library/Core/Src/usbd_ctlreq.o
                0x0000000008005894                USBD_ParseSetupRequest
 .text.USBD_CtlError
                0x0000000008005908       0x22 ./Middlewares/ST/STM32_USB_Device_Library/Core/Src/usbd_ctlreq.o
                0x0000000008005908                USBD_CtlError
 .text.USBD_GetString
                0x000000000800592a       0x8c ./Middlewares/ST/STM32_USB_Device_Library/Core/Src/usbd_ctlreq.o
                0x000000000800592a                USBD_GetString
 .text.USBD_GetLen
                0x00000000080059b6       0x34 ./Middlewares/ST/STM32_USB_Device_Library/Core/Src/usbd_ctlreq.o
 .text.USBD_CtlSendData
                0x00000000080059ea       0x36 ./Middlewares/ST/STM32_USB_Device_Library/Core/Src/usbd_ioreq.o
                0x00000000080059ea                USBD_CtlSendData
 .text.USBD_CtlContinueSendData
                0x0000000008005a20       0x22 ./Middlewares/ST/STM32_USB_Device_Library/Core/Src/usbd_ioreq.o
                0x0000000008005a20                USBD_CtlContinueSendData
 .text.USBD_CtlContinueRx
                0x0000000008005a42       0x22 ./Middlewares/ST/STM32_USB_Device_Library/Core/Src/usbd_ioreq.o
                0x0000000008005a42                USBD_CtlContinueRx
 .text.USBD_CtlSendStatus
                0x0000000008005a64       0x26 ./Middlewares/ST/STM32_USB_Device_Library/Core/Src/usbd_ioreq.o
                0x0000000008005a64                USBD_CtlSendStatus
 .text.USBD_CtlReceiveStatus
                0x0000000008005a8a       0x26 ./Middlewares/ST/STM32_USB_Device_Library/Core/Src/usbd_ioreq.o
                0x0000000008005a8a                USBD_CtlReceiveStatus
 .text.main     0x0000000008005ab0       0x40 ./Src/main.o
                0x0000000008005ab0                main
 .text.SystemClock_Config
                0x0000000008005af0       0xa4 ./Src/main.o
                0x0000000008005af0                SystemClock_Config
 .text.MX_GPIO_Init
                0x0000000008005b94       0xf8 ./Src/main.o
 .text.HAL_GPIO_EXTI_Callback
                0x0000000008005c8c       0xac ./Src/main.o
                0x0000000008005c8c                HAL_GPIO_EXTI_Callback
 .text.Error_Handler
                0x0000000008005d38        0xa ./Src/main.o
                0x0000000008005d38                Error_Handler
 *fill*         0x0000000008005d42        0x2 
 .text.HAL_MspInit
                0x0000000008005d44       0x48 ./Src/stm32l4xx_hal_msp.o
                0x0000000008005d44                HAL_MspInit
 .text.NMI_Handler
                0x0000000008005d8c        0x6 ./Src/stm32l4xx_it.o
                0x0000000008005d8c                NMI_Handler
 .text.HardFault_Handler
                0x0000000008005d92        0x6 ./Src/stm32l4xx_it.o
                0x0000000008005d92                HardFault_Handler
 .text.MemManage_Handler
                0x0000000008005d98        0x6 ./Src/stm32l4xx_it.o
                0x0000000008005d98                MemManage_Handler
 .text.BusFault_Handler
                0x0000000008005d9e        0x6 ./Src/stm32l4xx_it.o
                0x0000000008005d9e                BusFault_Handler
 .text.UsageFault_Handler
                0x0000000008005da4        0x6 ./Src/stm32l4xx_it.o
                0x0000000008005da4                UsageFault_Handler
 .text.SVC_Handler
                0x0000000008005daa        0xe ./Src/stm32l4xx_it.o
                0x0000000008005daa                SVC_Handler
 .text.DebugMon_Handler
                0x0000000008005db8        0xe ./Src/stm32l4xx_it.o
                0x0000000008005db8                DebugMon_Handler
 .text.PendSV_Handler
                0x0000000008005dc6        0xe ./Src/stm32l4xx_it.o
                0x0000000008005dc6                PendSV_Handler
 .text.SysTick_Handler
                0x0000000008005dd4        0xc ./Src/stm32l4xx_it.o
                0x0000000008005dd4                SysTick_Handler
 .text.EXTI0_IRQHandler
                0x0000000008005de0        0xe ./Src/stm32l4xx_it.o
                0x0000000008005de0                EXTI0_IRQHandler
 .text.EXTI1_IRQHandler
                0x0000000008005dee        0xe ./Src/stm32l4xx_it.o
                0x0000000008005dee                EXTI1_IRQHandler
 .text.EXTI2_IRQHandler
                0x0000000008005dfc        0xe ./Src/stm32l4xx_it.o
                0x0000000008005dfc                EXTI2_IRQHandler
 .text.EXTI3_IRQHandler
                0x0000000008005e0a        0xe ./Src/stm32l4xx_it.o
                0x0000000008005e0a                EXTI3_IRQHandler
 .text.OTG_FS_IRQHandler
                0x0000000008005e18       0x14 ./Src/stm32l4xx_it.o
                0x0000000008005e18                OTG_FS_IRQHandler
 .text.SystemInit
                0x0000000008005e2c       0x64 ./Src/system_stm32l4xx.o
                0x0000000008005e2c                SystemInit
 .text.MX_USB_DEVICE_Init
                0x0000000008005e90       0x4c ./Src/usb_device.o
                0x0000000008005e90                MX_USB_DEVICE_Init
 .text.HAL_PCD_MspInit
                0x0000000008005edc      0x124 ./Src/usbd_conf.o
                0x0000000008005edc                HAL_PCD_MspInit
 .text.HAL_PCD_SetupStageCallback
                0x0000000008006000       0x24 ./Src/usbd_conf.o
                0x0000000008006000                HAL_PCD_SetupStageCallback
 .text.HAL_PCD_DataOutStageCallback
                0x0000000008006024       0x36 ./Src/usbd_conf.o
                0x0000000008006024                HAL_PCD_DataOutStageCallback
 .text.HAL_PCD_DataInStageCallback
                0x000000000800605a       0x34 ./Src/usbd_conf.o
                0x000000000800605a                HAL_PCD_DataInStageCallback
 .text.HAL_PCD_SOFCallback
                0x000000000800608e       0x1c ./Src/usbd_conf.o
                0x000000000800608e                HAL_PCD_SOFCallback
 .text.HAL_PCD_ResetCallback
                0x00000000080060aa       0x3c ./Src/usbd_conf.o
                0x00000000080060aa                HAL_PCD_ResetCallback
 *fill*         0x00000000080060e6        0x2 
 .text.HAL_PCD_SuspendCallback
                0x00000000080060e8       0x4c ./Src/usbd_conf.o
                0x00000000080060e8                HAL_PCD_SuspendCallback
 .text.HAL_PCD_ResumeCallback
                0x0000000008006134       0x50 ./Src/usbd_conf.o
                0x0000000008006134                HAL_PCD_ResumeCallback
 .text.HAL_PCD_ISOOUTIncompleteCallback
                0x0000000008006184       0x24 ./Src/usbd_conf.o
                0x0000000008006184                HAL_PCD_ISOOUTIncompleteCallback
 .text.HAL_PCD_ISOINIncompleteCallback
                0x00000000080061a8       0x24 ./Src/usbd_conf.o
                0x00000000080061a8                HAL_PCD_ISOINIncompleteCallback
 .text.HAL_PCD_ConnectCallback
                0x00000000080061cc       0x1c ./Src/usbd_conf.o
                0x00000000080061cc                HAL_PCD_ConnectCallback
 .text.HAL_PCD_DisconnectCallback
                0x00000000080061e8       0x1c ./Src/usbd_conf.o
                0x00000000080061e8                HAL_PCD_DisconnectCallback
 .text.USBD_LL_Init
                0x0000000008006204       0x98 ./Src/usbd_conf.o
                0x0000000008006204                USBD_LL_Init
 .text.USBD_LL_Start
                0x000000000800629c       0x64 ./Src/usbd_conf.o
                0x000000000800629c                USBD_LL_Start
 .text.USBD_LL_OpenEP
                0x0000000008006300       0x7c ./Src/usbd_conf.o
                0x0000000008006300                USBD_LL_OpenEP
 .text.USBD_LL_CloseEP
                0x000000000800637c       0x6c ./Src/usbd_conf.o
                0x000000000800637c                USBD_LL_CloseEP
 .text.USBD_LL_StallEP
                0x00000000080063e8       0x6c ./Src/usbd_conf.o
                0x00000000080063e8                USBD_LL_StallEP
 .text.USBD_LL_ClearStallEP
                0x0000000008006454       0x6c ./Src/usbd_conf.o
                0x0000000008006454                USBD_LL_ClearStallEP
 .text.USBD_LL_IsStallEP
                0x00000000080064c0       0x58 ./Src/usbd_conf.o
                0x00000000080064c0                USBD_LL_IsStallEP
 .text.USBD_LL_SetUSBAddress
                0x0000000008006518       0x6c ./Src/usbd_conf.o
                0x0000000008006518                USBD_LL_SetUSBAddress
 .text.USBD_LL_Transmit
                0x0000000008006584       0x70 ./Src/usbd_conf.o
                0x0000000008006584                USBD_LL_Transmit
 .text.USBD_LL_PrepareReceive
                0x00000000080065f4       0x70 ./Src/usbd_conf.o
                0x00000000080065f4                USBD_LL_PrepareReceive
 .text.HAL_PCDEx_LPM_Callback
                0x0000000008006664       0x9c ./Src/usbd_conf.o
                0x0000000008006664                HAL_PCDEx_LPM_Callback
 .text.USBD_static_malloc
                0x0000000008006700       0x1c ./Src/usbd_conf.o
                0x0000000008006700                USBD_static_malloc
 .text.USBD_static_free
                0x000000000800671c       0x14 ./Src/usbd_conf.o
                0x000000000800671c                USBD_static_free
 .text.SystemClockConfig_Resume
                0x0000000008006730        0xc ./Src/usbd_conf.o
 .text.USBD_FS_DeviceDescriptor
                0x000000000800673c       0x24 ./Src/usbd_desc.o
                0x000000000800673c                USBD_FS_DeviceDescriptor
 .text.USBD_FS_LangIDStrDescriptor
                0x0000000008006760       0x24 ./Src/usbd_desc.o
                0x0000000008006760                USBD_FS_LangIDStrDescriptor
 .text.USBD_FS_ProductStrDescriptor
                0x0000000008006784       0x3c ./Src/usbd_desc.o
                0x0000000008006784                USBD_FS_ProductStrDescriptor
 .text.USBD_FS_ManufacturerStrDescriptor
                0x00000000080067c0       0x28 ./Src/usbd_desc.o
                0x00000000080067c0                USBD_FS_ManufacturerStrDescriptor
 .text.USBD_FS_SerialStrDescriptor
                0x00000000080067e8       0x24 ./Src/usbd_desc.o
                0x00000000080067e8                USBD_FS_SerialStrDescriptor
 .text.USBD_FS_ConfigStrDescriptor
                0x000000000800680c       0x3c ./Src/usbd_desc.o
                0x000000000800680c                USBD_FS_ConfigStrDescriptor
 .text.USBD_FS_InterfaceStrDescriptor
                0x0000000008006848       0x3c ./Src/usbd_desc.o
                0x0000000008006848                USBD_FS_InterfaceStrDescriptor
 .text.USBD_FS_USR_BOSDescriptor
                0x0000000008006884       0x24 ./Src/usbd_desc.o
                0x0000000008006884                USBD_FS_USR_BOSDescriptor
 .text.Get_SerialNum
                0x00000000080068a8       0x58 ./Src/usbd_desc.o
 .text.IntToUnicode
                0x0000000008006900       0x7e ./Src/usbd_desc.o
 *fill*         0x000000000800697e        0x2 
 .text.Reset_Handler
                0x0000000008006980       0x50 ./Startup/startup_stm32l475vgtx.o
                0x0000000008006980                Reset_Handler
 .text.Default_Handler
                0x00000000080069d0        0x2 ./Startup/startup_stm32l475vgtx.o
                0x00000000080069d0                TIM1_BRK_TIM15_IRQHandler
                0x00000000080069d0                TIM8_TRG_COM_IRQHandler
                0x00000000080069d0                TIM8_CC_IRQHandler
                0x00000000080069d0                TIM1_CC_IRQHandler
                0x00000000080069d0                TSC_IRQHandler
                0x00000000080069d0                TAMP_STAMP_IRQHandler
                0x00000000080069d0                LPTIM2_IRQHandler
                0x00000000080069d0                DFSDM1_FLT1_IRQHandler
                0x00000000080069d0                I2C3_ER_IRQHandler
                0x00000000080069d0                DFSDM1_FLT2_IRQHandler
                0x00000000080069d0                I2C2_EV_IRQHandler
                0x00000000080069d0                CAN1_RX0_IRQHandler
                0x00000000080069d0                FPU_IRQHandler
                0x00000000080069d0                TIM1_UP_TIM16_IRQHandler
                0x00000000080069d0                ADC1_2_IRQHandler
                0x00000000080069d0                SPI1_IRQHandler
                0x00000000080069d0                TIM6_DAC_IRQHandler
                0x00000000080069d0                TIM8_UP_IRQHandler
                0x00000000080069d0                DMA2_Channel2_IRQHandler
                0x00000000080069d0                DMA1_Channel4_IRQHandler
                0x00000000080069d0                SAI2_IRQHandler
                0x00000000080069d0                DFSDM1_FLT3_IRQHandler
                0x00000000080069d0                USART3_IRQHandler
                0x00000000080069d0                DMA1_Channel7_IRQHandler
                0x00000000080069d0                CAN1_RX1_IRQHandler
                0x00000000080069d0                UART5_IRQHandler
                0x00000000080069d0                ADC3_IRQHandler
                0x00000000080069d0                TIM4_IRQHandler
                0x00000000080069d0                DMA2_Channel1_IRQHandler
                0x00000000080069d0                QUADSPI_IRQHandler
                0x00000000080069d0                I2C1_EV_IRQHandler
                0x00000000080069d0                DMA1_Channel6_IRQHandler
                0x00000000080069d0                UART4_IRQHandler
                0x00000000080069d0                DMA2_Channel4_IRQHandler
                0x00000000080069d0                TIM3_IRQHandler
                0x00000000080069d0                RCC_IRQHandler
                0x00000000080069d0                DMA1_Channel1_IRQHandler
                0x00000000080069d0                Default_Handler
                0x00000000080069d0                DMA2_Channel7_IRQHandler
                0x00000000080069d0                EXTI15_10_IRQHandler
                0x00000000080069d0                TIM7_IRQHandler
                0x00000000080069d0                SDMMC1_IRQHandler
                0x00000000080069d0                TIM5_IRQHandler
                0x00000000080069d0                I2C3_EV_IRQHandler
                0x00000000080069d0                EXTI9_5_IRQHandler
                0x00000000080069d0                RTC_WKUP_IRQHandler
                0x00000000080069d0                PVD_PVM_IRQHandler
                0x00000000080069d0                SPI2_IRQHandler
                0x00000000080069d0                CAN1_TX_IRQHandler
                0x00000000080069d0                DMA2_Channel5_IRQHandler
                0x00000000080069d0                DMA1_Channel5_IRQHandler
                0x00000000080069d0                EXTI4_IRQHandler
                0x00000000080069d0                RNG_IRQHandler
                0x00000000080069d0                TIM1_TRG_COM_TIM17_IRQHandler
                0x00000000080069d0                DMA1_Channel3_IRQHandler
                0x00000000080069d0                COMP_IRQHandler
                0x00000000080069d0                WWDG_IRQHandler
                0x00000000080069d0                LPUART1_IRQHandler
                0x00000000080069d0                DMA2_Channel6_IRQHandler
                0x00000000080069d0                TIM2_IRQHandler
                0x00000000080069d0                USART2_IRQHandler
                0x00000000080069d0                DFSDM1_FLT0_IRQHandler
                0x00000000080069d0                I2C2_ER_IRQHandler
                0x00000000080069d0                DMA1_Channel2_IRQHandler
                0x00000000080069d0                TIM8_BRK_IRQHandler
                0x00000000080069d0                CAN1_SCE_IRQHandler
                0x00000000080069d0                FLASH_IRQHandler
                0x00000000080069d0                USART1_IRQHandler
                0x00000000080069d0                SPI3_IRQHandler
                0x00000000080069d0                I2C1_ER_IRQHandler
                0x00000000080069d0                FMC_IRQHandler
                0x00000000080069d0                SWPMI1_IRQHandler
                0x00000000080069d0                LPTIM1_IRQHandler
                0x00000000080069d0                SAI1_IRQHandler
                0x00000000080069d0                DMA2_Channel3_IRQHandler
                0x00000000080069d0                RTC_Alarm_IRQHandler
 *fill*         0x00000000080069d2        0x2 
 .text.__libc_init_array
                0x00000000080069d4       0x48 /Applications/STM32CubeIDE.app/Contents/Eclipse/plugins/com.st.stm32cube.ide.mcu.externaltools.gnu-tools-for-stm32.9-2020-q2-update.macos64_2.0.0.202105311346/tools/bin/../lib/gcc/arm-none-eabi/9.3.1/../../../../arm-none-eabi/lib/thumb/v7e-m+fp/hard/libc_nano.a(lib_a-init.o)
                0x00000000080069d4                __libc_init_array
 .text.memset   0x0000000008006a1c       0x10 /Applications/STM32CubeIDE.app/Contents/Eclipse/plugins/com.st.stm32cube.ide.mcu.externaltools.gnu-tools-for-stm32.9-2020-q2-update.macos64_2.0.0.202105311346/tools/bin/../lib/gcc/arm-none-eabi/9.3.1/../../../../arm-none-eabi/lib/thumb/v7e-m+fp/hard/libc_nano.a(lib_a-memset.o)
                0x0000000008006a1c                memset
 *(.glue_7)
 .glue_7        0x0000000008006a2c        0x0 linker stubs
 *(.glue_7t)
 .glue_7t       0x0000000008006a2c        0x0 linker stubs
 *(.eh_frame)
 .eh_frame      0x0000000008006a2c        0x0 /Applications/STM32CubeIDE.app/Contents/Eclipse/plugins/com.st.stm32cube.ide.mcu.externaltools.gnu-tools-for-stm32.9-2020-q2-update.macos64_2.0.0.202105311346/tools/bin/../lib/gcc/arm-none-eabi/9.3.1/thumb/v7e-m+fp/hard/crtbegin.o
 *(.init)
 .init          0x0000000008006a2c        0x4 /Applications/STM32CubeIDE.app/Contents/Eclipse/plugins/com.st.stm32cube.ide.mcu.externaltools.gnu-tools-for-stm32.9-2020-q2-update.macos64_2.0.0.202105311346/tools/bin/../lib/gcc/arm-none-eabi/9.3.1/thumb/v7e-m+fp/hard/crti.o
                0x0000000008006a2c                _init
 .init          0x0000000008006a30        0x8 /Applications/STM32CubeIDE.app/Contents/Eclipse/plugins/com.st.stm32cube.ide.mcu.externaltools.gnu-tools-for-stm32.9-2020-q2-update.macos64_2.0.0.202105311346/tools/bin/../lib/gcc/arm-none-eabi/9.3.1/thumb/v7e-m+fp/hard/crtn.o
 *(.fini)
 .fini          0x0000000008006a38        0x4 /Applications/STM32CubeIDE.app/Contents/Eclipse/plugins/com.st.stm32cube.ide.mcu.externaltools.gnu-tools-for-stm32.9-2020-q2-update.macos64_2.0.0.202105311346/tools/bin/../lib/gcc/arm-none-eabi/9.3.1/thumb/v7e-m+fp/hard/crti.o
                0x0000000008006a38                _fini
 .fini          0x0000000008006a3c        0x8 /Applications/STM32CubeIDE.app/Contents/Eclipse/plugins/com.st.stm32cube.ide.mcu.externaltools.gnu-tools-for-stm32.9-2020-q2-update.macos64_2.0.0.202105311346/tools/bin/../lib/gcc/arm-none-eabi/9.3.1/thumb/v7e-m+fp/hard/crtn.o
                0x0000000008006a44                . = ALIGN (0x4)
                0x0000000008006a44                _etext = .

.vfp11_veneer   0x0000000008006a44        0x0
 .vfp11_veneer  0x0000000008006a44        0x0 linker stubs

.v4_bx          0x0000000008006a44        0x0
 .v4_bx         0x0000000008006a44        0x0 linker stubs

.iplt           0x0000000008006a44        0x0
 .iplt          0x0000000008006a44        0x0 /Applications/STM32CubeIDE.app/Contents/Eclipse/plugins/com.st.stm32cube.ide.mcu.externaltools.gnu-tools-for-stm32.9-2020-q2-update.macos64_2.0.0.202105311346/tools/bin/../lib/gcc/arm-none-eabi/9.3.1/thumb/v7e-m+fp/hard/crtbegin.o

.rodata         0x0000000008006a44       0x88
                0x0000000008006a44                . = ALIGN (0x4)
 *(.rodata)
 .rodata        0x0000000008006a44       0x46 ./Src/usbd_desc.o
 *(.rodata*)
 *fill*         0x0000000008006a8a        0x2 
 .rodata.AHBPrescTable
                0x0000000008006a8c       0x10 ./Src/system_stm32l4xx.o
                0x0000000008006a8c                AHBPrescTable
 .rodata.MSIRangeTable
                0x0000000008006a9c       0x30 ./Src/system_stm32l4xx.o
                0x0000000008006a9c                MSIRangeTable
                0x0000000008006acc                . = ALIGN (0x4)

.rel.dyn        0x0000000008006acc        0x0
 .rel.iplt      0x0000000008006acc        0x0 /Applications/STM32CubeIDE.app/Contents/Eclipse/plugins/com.st.stm32cube.ide.mcu.externaltools.gnu-tools-for-stm32.9-2020-q2-update.macos64_2.0.0.202105311346/tools/bin/../lib/gcc/arm-none-eabi/9.3.1/thumb/v7e-m+fp/hard/crtbegin.o

.ARM.extab      0x0000000008006acc        0x0
                0x0000000008006acc                . = ALIGN (0x4)
 *(.ARM.extab* .gnu.linkonce.armextab.*)
                0x0000000008006acc                . = ALIGN (0x4)

.ARM            0x0000000008006acc        0x0
                0x0000000008006acc                . = ALIGN (0x4)
                0x0000000008006acc                __exidx_start = .
 *(.ARM.exidx*)
                0x0000000008006acc                __exidx_end = .
                0x0000000008006acc                . = ALIGN (0x4)

.preinit_array  0x0000000008006acc        0x0
                0x0000000008006acc                . = ALIGN (0x4)
                0x0000000008006acc                PROVIDE (__preinit_array_start = .)
 *(.preinit_array*)
                0x0000000008006acc                PROVIDE (__preinit_array_end = .)
                0x0000000008006acc                . = ALIGN (0x4)

.init_array     0x0000000008006acc        0x4
                0x0000000008006acc                . = ALIGN (0x4)
                0x0000000008006acc                PROVIDE (__init_array_start = .)
 *(SORT_BY_NAME(.init_array.*))
 *(.init_array*)
 .init_array    0x0000000008006acc        0x4 /Applications/STM32CubeIDE.app/Contents/Eclipse/plugins/com.st.stm32cube.ide.mcu.externaltools.gnu-tools-for-stm32.9-2020-q2-update.macos64_2.0.0.202105311346/tools/bin/../lib/gcc/arm-none-eabi/9.3.1/thumb/v7e-m+fp/hard/crtbegin.o
                0x0000000008006ad0                PROVIDE (__init_array_end = .)
                0x0000000008006ad0                . = ALIGN (0x4)

.fini_array     0x0000000008006ad0        0x4
                0x0000000008006ad0                . = ALIGN (0x4)
                [!provide]                        PROVIDE (__fini_array_start = .)
 *(SORT_BY_NAME(.fini_array.*))
 *(.fini_array*)
 .fini_array    0x0000000008006ad0        0x4 /Applications/STM32CubeIDE.app/Contents/Eclipse/plugins/com.st.stm32cube.ide.mcu.externaltools.gnu-tools-for-stm32.9-2020-q2-update.macos64_2.0.0.202105311346/tools/bin/../lib/gcc/arm-none-eabi/9.3.1/thumb/v7e-m+fp/hard/crtbegin.o
                [!provide]                        PROVIDE (__fini_array_end = .)
                0x0000000008006ad4                . = ALIGN (0x4)
                0x0000000008006ad4                _sidata = LOADADDR (.data)

.data           0x0000000020000000      0x168 load address 0x0000000008006ad4
                0x0000000020000000                . = ALIGN (0x4)
                0x0000000020000000                _sdata = .
 *(.data)
 *(.data*)
 .data.uwTickPrio
                0x0000000020000000        0x4 ./Drivers/STM32L4xx_HAL_Driver/Src/stm32l4xx_hal.o
                0x0000000020000000                uwTickPrio
 .data.uwTickFreq
                0x0000000020000004        0x1 ./Drivers/STM32L4xx_HAL_Driver/Src/stm32l4xx_hal.o
                0x0000000020000004                uwTickFreq
 *fill*         0x0000000020000005        0x3 
 .data.USBD_HID
                0x0000000020000008       0x38 ./Middlewares/ST/STM32_USB_Device_Library/Class/HID/Src/usbd_hid.o
                0x0000000020000008                USBD_HID
 .data.USBD_HID_CfgFSDesc
                0x0000000020000040       0x22 ./Middlewares/ST/STM32_USB_Device_Library/Class/HID/Src/usbd_hid.o
 *fill*         0x0000000020000062        0x2 
 .data.USBD_HID_CfgHSDesc
                0x0000000020000064       0x22 ./Middlewares/ST/STM32_USB_Device_Library/Class/HID/Src/usbd_hid.o
 *fill*         0x0000000020000086        0x2 
 .data.USBD_HID_OtherSpeedCfgDesc
                0x0000000020000088       0x22 ./Middlewares/ST/STM32_USB_Device_Library/Class/HID/Src/usbd_hid.o
 *fill*         0x00000000200000aa        0x2 
 .data.USBD_HID_Desc
                0x00000000200000ac        0x9 ./Middlewares/ST/STM32_USB_Device_Library/Class/HID/Src/usbd_hid.o
 *fill*         0x00000000200000b5        0x3 
 .data.USBD_HID_DeviceQualifierDesc
                0x00000000200000b8        0xa ./Middlewares/ST/STM32_USB_Device_Library/Class/HID/Src/usbd_hid.o
 *fill*         0x00000000200000c2        0x2 
 .data.HID_MOUSE_ReportDesc
                0x00000000200000c4       0x3f ./Middlewares/ST/STM32_USB_Device_Library/Class/HID/Src/usbd_hid.o
 *fill*         0x0000000020000103        0x1 
 .data.SystemCoreClock
                0x0000000020000104        0x4 ./Src/system_stm32l4xx.o
                0x0000000020000104                SystemCoreClock
 .data.FS_Desc  0x0000000020000108       0x20 ./Src/usbd_desc.o
                0x0000000020000108                FS_Desc
 .data.USBD_FS_DeviceDesc
                0x0000000020000128       0x12 ./Src/usbd_desc.o
                0x0000000020000128                USBD_FS_DeviceDesc
 *fill*         0x000000002000013a        0x2 
 .data.USBD_FS_BOSDesc
                0x000000002000013c        0xc ./Src/usbd_desc.o
                0x000000002000013c                USBD_FS_BOSDesc
 .data.USBD_LangIDDesc
                0x0000000020000148        0x4 ./Src/usbd_desc.o
                0x0000000020000148                USBD_LangIDDesc
 .data.USBD_StringSerial
                0x000000002000014c       0x1a ./Src/usbd_desc.o
                0x000000002000014c                USBD_StringSerial
 *(.RamFunc)
 *(.RamFunc*)
                0x0000000020000168                . = ALIGN (0x4)
 *fill*         0x0000000020000166        0x2 
                0x0000000020000168                _edata = .

.igot.plt       0x0000000020000168        0x0 load address 0x0000000008006c3c
 .igot.plt      0x0000000020000168        0x0 /Applications/STM32CubeIDE.app/Contents/Eclipse/plugins/com.st.stm32cube.ide.mcu.externaltools.gnu-tools-for-stm32.9-2020-q2-update.macos64_2.0.0.202105311346/tools/bin/../lib/gcc/arm-none-eabi/9.3.1/thumb/v7e-m+fp/hard/crtbegin.o
                0x0000000020000168                . = ALIGN (0x4)

.bss            0x0000000020000168      0x918 load address 0x0000000008006c3c
                0x0000000020000168                _sbss = .
                0x0000000020000168                __bss_start__ = _sbss
 *(.bss)
 .bss           0x0000000020000168       0x1c /Applications/STM32CubeIDE.app/Contents/Eclipse/plugins/com.st.stm32cube.ide.mcu.externaltools.gnu-tools-for-stm32.9-2020-q2-update.macos64_2.0.0.202105311346/tools/bin/../lib/gcc/arm-none-eabi/9.3.1/thumb/v7e-m+fp/hard/crtbegin.o
 *(.bss*)
 .bss.cfgidx.10497
                0x0000000020000184        0x1 ./Middlewares/ST/STM32_USB_Device_Library/Core/Src/usbd_ctlreq.o
 .bss.kb_flag   0x0000000020000185        0x1 ./Src/main.o
                0x0000000020000185                kb_flag
 *fill*         0x0000000020000186        0x2 
 .bss.HID_buffer
                0x0000000020000188        0x8 ./Src/main.o
                0x0000000020000188                HID_buffer
 .bss.mem.10614
                0x0000000020000190       0x14 ./Src/usbd_conf.o
 *(COMMON)
 COMMON         0x00000000200001a4        0x4 ./Drivers/STM32L4xx_HAL_Driver/Src/stm32l4xx_hal.o
                0x00000000200001a4                uwTick
 COMMON         0x00000000200001a8      0x2d0 ./Src/usb_device.o
                0x00000000200001a8                hUsbDeviceFS
 COMMON         0x0000000020000478      0x408 ./Src/usbd_conf.o
                0x0000000020000478                hpcd_USB_OTG_FS
 COMMON         0x0000000020000880      0x200 ./Src/usbd_desc.o
                0x0000000020000880                USBD_StrDesc
                0x0000000020000a80                . = ALIGN (0x4)
                0x0000000020000a80                _ebss = .
                0x0000000020000a80                __bss_end__ = _ebss

._user_heap_stack
                0x0000000020000a80      0x600 load address 0x0000000008006c3c
                0x0000000020000a80                . = ALIGN (0x8)
                [!provide]                        PROVIDE (end = .)
                0x0000000020000a80                PROVIDE (_end = .)
                0x0000000020000c80                . = (. + _Min_Heap_Size)
 *fill*         0x0000000020000a80      0x200 
                0x0000000020001080                . = (. + _Min_Stack_Size)
 *fill*         0x0000000020000c80      0x400 
                0x0000000020001080                . = ALIGN (0x8)

/DISCARD/
 libc.a(*)
 libm.a(*)
 libgcc.a(*)

.ARM.attributes
                0x0000000000000000       0x30
 *(.ARM.attributes)
 .ARM.attributes
                0x0000000000000000       0x1e /Applications/STM32CubeIDE.app/Contents/Eclipse/plugins/com.st.stm32cube.ide.mcu.externaltools.gnu-tools-for-stm32.9-2020-q2-update.macos64_2.0.0.202105311346/tools/bin/../lib/gcc/arm-none-eabi/9.3.1/thumb/v7e-m+fp/hard/crti.o
 .ARM.attributes
                0x000000000000001e       0x34 /Applications/STM32CubeIDE.app/Contents/Eclipse/plugins/com.st.stm32cube.ide.mcu.externaltools.gnu-tools-for-stm32.9-2020-q2-update.macos64_2.0.0.202105311346/tools/bin/../lib/gcc/arm-none-eabi/9.3.1/thumb/v7e-m+fp/hard/crtbegin.o
 .ARM.attributes
                0x0000000000000052       0x34 ./Drivers/STM32L4xx_HAL_Driver/Src/stm32l4xx_hal.o
 .ARM.attributes
                0x0000000000000086       0x34 ./Drivers/STM32L4xx_HAL_Driver/Src/stm32l4xx_hal_cortex.o
 .ARM.attributes
                0x00000000000000ba       0x34 ./Drivers/STM32L4xx_HAL_Driver/Src/stm32l4xx_hal_gpio.o
 .ARM.attributes
                0x00000000000000ee       0x34 ./Drivers/STM32L4xx_HAL_Driver/Src/stm32l4xx_hal_pcd.o
 .ARM.attributes
                0x0000000000000122       0x34 ./Drivers/STM32L4xx_HAL_Driver/Src/stm32l4xx_hal_pcd_ex.o
 .ARM.attributes
                0x0000000000000156       0x34 ./Drivers/STM32L4xx_HAL_Driver/Src/stm32l4xx_hal_pwr_ex.o
 .ARM.attributes
                0x000000000000018a       0x34 ./Drivers/STM32L4xx_HAL_Driver/Src/stm32l4xx_hal_rcc.o
 .ARM.attributes
                0x00000000000001be       0x34 ./Drivers/STM32L4xx_HAL_Driver/Src/stm32l4xx_hal_rcc_ex.o
 .ARM.attributes
                0x00000000000001f2       0x34 ./Drivers/STM32L4xx_HAL_Driver/Src/stm32l4xx_ll_usb.o
 .ARM.attributes
                0x0000000000000226       0x34 ./Middlewares/ST/STM32_USB_Device_Library/Class/HID/Src/usbd_hid.o
 .ARM.attributes
                0x000000000000025a       0x34 ./Middlewares/ST/STM32_USB_Device_Library/Core/Src/usbd_core.o
 .ARM.attributes
                0x000000000000028e       0x34 ./Middlewares/ST/STM32_USB_Device_Library/Core/Src/usbd_ctlreq.o
 .ARM.attributes
                0x00000000000002c2       0x34 ./Middlewares/ST/STM32_USB_Device_Library/Core/Src/usbd_ioreq.o
 .ARM.attributes
                0x00000000000002f6       0x34 ./Src/main.o
 .ARM.attributes
                0x000000000000032a       0x34 ./Src/stm32l4xx_hal_msp.o
 .ARM.attributes
                0x000000000000035e       0x34 ./Src/stm32l4xx_it.o
 .ARM.attributes
                0x0000000000000392       0x34 ./Src/system_stm32l4xx.o
 .ARM.attributes
                0x00000000000003c6       0x34 ./Src/usb_device.o
 .ARM.attributes
                0x00000000000003fa       0x34 ./Src/usbd_conf.o
 .ARM.attributes
                0x000000000000042e       0x34 ./Src/usbd_desc.o
 .ARM.attributes
                0x0000000000000462       0x21 ./Startup/startup_stm32l475vgtx.o
 .ARM.attributes
                0x0000000000000483       0x34 /Applications/STM32CubeIDE.app/Contents/Eclipse/plugins/com.st.stm32cube.ide.mcu.externaltools.gnu-tools-for-stm32.9-2020-q2-update.macos64_2.0.0.202105311346/tools/bin/../lib/gcc/arm-none-eabi/9.3.1/../../../../arm-none-eabi/lib/thumb/v7e-m+fp/hard/libc_nano.a(lib_a-init.o)
 .ARM.attributes
                0x00000000000004b7       0x34 /Applications/STM32CubeIDE.app/Contents/Eclipse/plugins/com.st.stm32cube.ide.mcu.externaltools.gnu-tools-for-stm32.9-2020-q2-update.macos64_2.0.0.202105311346/tools/bin/../lib/gcc/arm-none-eabi/9.3.1/../../../../arm-none-eabi/lib/thumb/v7e-m+fp/hard/libc_nano.a(lib_a-memset.o)
 .ARM.attributes
                0x00000000000004eb       0x1e /Applications/STM32CubeIDE.app/Contents/Eclipse/plugins/com.st.stm32cube.ide.mcu.externaltools.gnu-tools-for-stm32.9-2020-q2-update.macos64_2.0.0.202105311346/tools/bin/../lib/gcc/arm-none-eabi/9.3.1/thumb/v7e-m+fp/hard/crtn.o
OUTPUT(2021-11-13-Keyboard-Testing.elf elf32-littlearm)
LOAD linker stubs
LOAD /Applications/STM32CubeIDE.app/Contents/Eclipse/plugins/com.st.stm32cube.ide.mcu.externaltools.gnu-tools-for-stm32.9-2020-q2-update.macos64_2.0.0.202105311346/tools/bin/../lib/gcc/arm-none-eabi/9.3.1/../../../../arm-none-eabi/lib/thumb/v7e-m+fp/hard/libc.a
LOAD /Applications/STM32CubeIDE.app/Contents/Eclipse/plugins/com.st.stm32cube.ide.mcu.externaltools.gnu-tools-for-stm32.9-2020-q2-update.macos64_2.0.0.202105311346/tools/bin/../lib/gcc/arm-none-eabi/9.3.1/../../../../arm-none-eabi/lib/thumb/v7e-m+fp/hard/libm.a
LOAD /Applications/STM32CubeIDE.app/Contents/Eclipse/plugins/com.st.stm32cube.ide.mcu.externaltools.gnu-tools-for-stm32.9-2020-q2-update.macos64_2.0.0.202105311346/tools/bin/../lib/gcc/arm-none-eabi/9.3.1/thumb/v7e-m+fp/hard/libgcc.a

.debug_info     0x0000000000000000    0x151c6
 .debug_info    0x0000000000000000      0xcb3 ./Drivers/STM32L4xx_HAL_Driver/Src/stm32l4xx_hal.o
 .debug_info    0x0000000000000cb3     0x1028 ./Drivers/STM32L4xx_HAL_Driver/Src/stm32l4xx_hal_cortex.o
 .debug_info    0x0000000000001cdb      0xa5f ./Drivers/STM32L4xx_HAL_Driver/Src/stm32l4xx_hal_gpio.o
 .debug_info    0x000000000000273a     0x13e2 ./Drivers/STM32L4xx_HAL_Driver/Src/stm32l4xx_hal_pcd.o
 .debug_info    0x0000000000003b1c      0xa9f ./Drivers/STM32L4xx_HAL_Driver/Src/stm32l4xx_hal_pcd_ex.o
 .debug_info    0x00000000000045bb      0xbda ./Drivers/STM32L4xx_HAL_Driver/Src/stm32l4xx_hal_pwr_ex.o
 .debug_info    0x0000000000005195      0xe0b ./Drivers/STM32L4xx_HAL_Driver/Src/stm32l4xx_hal_rcc.o
 .debug_info    0x0000000000005fa0     0x103f ./Drivers/STM32L4xx_HAL_Driver/Src/stm32l4xx_hal_rcc_ex.o
 .debug_info    0x0000000000006fdf     0x1c05 ./Drivers/STM32L4xx_HAL_Driver/Src/stm32l4xx_ll_usb.o
 .debug_info    0x0000000000008be4     0x1425 ./Middlewares/ST/STM32_USB_Device_Library/Class/HID/Src/usbd_hid.o
 .debug_info    0x000000000000a009     0x1506 ./Middlewares/ST/STM32_USB_Device_Library/Core/Src/usbd_core.o
 .debug_info    0x000000000000b50f     0x14d2 ./Middlewares/ST/STM32_USB_Device_Library/Core/Src/usbd_ctlreq.o
 .debug_info    0x000000000000c9e1     0x11f4 ./Middlewares/ST/STM32_USB_Device_Library/Core/Src/usbd_ioreq.o
 .debug_info    0x000000000000dbd5     0x18a9 ./Src/main.o
 .debug_info    0x000000000000f47e      0x545 ./Src/stm32l4xx_hal_msp.o
 .debug_info    0x000000000000f9c3      0x8cc ./Src/stm32l4xx_it.o
 .debug_info    0x000000000001028f      0x779 ./Src/system_stm32l4xx.o
 .debug_info    0x0000000000010a08     0x1075 ./Src/usb_device.o
 .debug_info    0x0000000000011a7d     0x276f ./Src/usbd_conf.o
 .debug_info    0x00000000000141ec      0xfb8 ./Src/usbd_desc.o
 .debug_info    0x00000000000151a4       0x22 ./Startup/startup_stm32l475vgtx.o

.debug_abbrev   0x0000000000000000     0x2f61
 .debug_abbrev  0x0000000000000000      0x227 ./Drivers/STM32L4xx_HAL_Driver/Src/stm32l4xx_hal.o
 .debug_abbrev  0x0000000000000227      0x33c ./Drivers/STM32L4xx_HAL_Driver/Src/stm32l4xx_hal_cortex.o
 .debug_abbrev  0x0000000000000563      0x1e8 ./Drivers/STM32L4xx_HAL_Driver/Src/stm32l4xx_hal_gpio.o
 .debug_abbrev  0x000000000000074b      0x2a0 ./Drivers/STM32L4xx_HAL_Driver/Src/stm32l4xx_hal_pcd.o
 .debug_abbrev  0x00000000000009eb      0x246 ./Drivers/STM32L4xx_HAL_Driver/Src/stm32l4xx_hal_pcd_ex.o
 .debug_abbrev  0x0000000000000c31      0x1f3 ./Drivers/STM32L4xx_HAL_Driver/Src/stm32l4xx_hal_pwr_ex.o
 .debug_abbrev  0x0000000000000e24      0x275 ./Drivers/STM32L4xx_HAL_Driver/Src/stm32l4xx_hal_rcc.o
 .debug_abbrev  0x0000000000001099      0x268 ./Drivers/STM32L4xx_HAL_Driver/Src/stm32l4xx_hal_rcc_ex.o
 .debug_abbrev  0x0000000000001301      0x2a7 ./Drivers/STM32L4xx_HAL_Driver/Src/stm32l4xx_ll_usb.o
 .debug_abbrev  0x00000000000015a8      0x2d7 ./Middlewares/ST/STM32_USB_Device_Library/Class/HID/Src/usbd_hid.o
 .debug_abbrev  0x000000000000187f      0x2b7 ./Middlewares/ST/STM32_USB_Device_Library/Core/Src/usbd_core.o
 .debug_abbrev  0x0000000000001b36      0x2fc ./Middlewares/ST/STM32_USB_Device_Library/Core/Src/usbd_ctlreq.o
 .debug_abbrev  0x0000000000001e32      0x22a ./Middlewares/ST/STM32_USB_Device_Library/Core/Src/usbd_ioreq.o
 .debug_abbrev  0x000000000000205c      0x2ca ./Src/main.o
 .debug_abbrev  0x0000000000002326      0x13d ./Src/stm32l4xx_hal_msp.o
 .debug_abbrev  0x0000000000002463      0x19e ./Src/stm32l4xx_it.o
 .debug_abbrev  0x0000000000002601      0x165 ./Src/system_stm32l4xx.o
 .debug_abbrev  0x0000000000002766      0x1fb ./Src/usb_device.o
 .debug_abbrev  0x0000000000002961      0x344 ./Src/usbd_conf.o
 .debug_abbrev  0x0000000000002ca5      0x2aa ./Src/usbd_desc.o
 .debug_abbrev  0x0000000000002f4f       0x12 ./Startup/startup_stm32l475vgtx.o

.debug_aranges  0x0000000000000000      0xd38
 .debug_aranges
                0x0000000000000000      0x130 ./Drivers/STM32L4xx_HAL_Driver/Src/stm32l4xx_hal.o
 .debug_aranges
                0x0000000000000130      0x118 ./Drivers/STM32L4xx_HAL_Driver/Src/stm32l4xx_hal_cortex.o
 .debug_aranges
                0x0000000000000248       0x58 ./Drivers/STM32L4xx_HAL_Driver/Src/stm32l4xx_hal_gpio.o
 .debug_aranges
                0x00000000000002a0      0x130 ./Drivers/STM32L4xx_HAL_Driver/Src/stm32l4xx_hal_pcd.o
 .debug_aranges
                0x00000000000003d0       0x60 ./Drivers/STM32L4xx_HAL_Driver/Src/stm32l4xx_hal_pcd_ex.o
 .debug_aranges
                0x0000000000000430      0x150 ./Drivers/STM32L4xx_HAL_Driver/Src/stm32l4xx_hal_pwr_ex.o
 .debug_aranges
                0x0000000000000580       0x88 ./Drivers/STM32L4xx_HAL_Driver/Src/stm32l4xx_hal_rcc.o
 .debug_aranges
                0x0000000000000608       0xc0 ./Drivers/STM32L4xx_HAL_Driver/Src/stm32l4xx_hal_rcc_ex.o
 .debug_aranges
                0x00000000000006c8      0x198 ./Drivers/STM32L4xx_HAL_Driver/Src/stm32l4xx_ll_usb.o
 .debug_aranges
                0x0000000000000860       0x68 ./Middlewares/ST/STM32_USB_Device_Library/Class/HID/Src/usbd_hid.o
 .debug_aranges
                0x00000000000008c8       0xb8 ./Middlewares/ST/STM32_USB_Device_Library/Core/Src/usbd_core.o
 .debug_aranges
                0x0000000000000980       0x90 ./Middlewares/ST/STM32_USB_Device_Library/Core/Src/usbd_ctlreq.o
 .debug_aranges
                0x0000000000000a10       0x50 ./Middlewares/ST/STM32_USB_Device_Library/Core/Src/usbd_ioreq.o
 .debug_aranges
                0x0000000000000a60       0x40 ./Src/main.o
 .debug_aranges
                0x0000000000000aa0       0x20 ./Src/stm32l4xx_hal_msp.o
 .debug_aranges
                0x0000000000000ac0       0x88 ./Src/stm32l4xx_it.o
 .debug_aranges
                0x0000000000000b48       0x28 ./Src/system_stm32l4xx.o
 .debug_aranges
                0x0000000000000b70       0x20 ./Src/usb_device.o
 .debug_aranges
                0x0000000000000b90      0x118 ./Src/usbd_conf.o
 .debug_aranges
                0x0000000000000ca8       0x68 ./Src/usbd_desc.o
 .debug_aranges
                0x0000000000000d10       0x28 ./Startup/startup_stm32l475vgtx.o

.debug_ranges   0x0000000000000000      0xbf0
 .debug_ranges  0x0000000000000000      0x120 ./Drivers/STM32L4xx_HAL_Driver/Src/stm32l4xx_hal.o
 .debug_ranges  0x0000000000000120      0x108 ./Drivers/STM32L4xx_HAL_Driver/Src/stm32l4xx_hal_cortex.o
 .debug_ranges  0x0000000000000228       0x48 ./Drivers/STM32L4xx_HAL_Driver/Src/stm32l4xx_hal_gpio.o
 .debug_ranges  0x0000000000000270      0x120 ./Drivers/STM32L4xx_HAL_Driver/Src/stm32l4xx_hal_pcd.o
 .debug_ranges  0x0000000000000390       0x50 ./Drivers/STM32L4xx_HAL_Driver/Src/stm32l4xx_hal_pcd_ex.o
 .debug_ranges  0x00000000000003e0      0x140 ./Drivers/STM32L4xx_HAL_Driver/Src/stm32l4xx_hal_pwr_ex.o
 .debug_ranges  0x0000000000000520       0x78 ./Drivers/STM32L4xx_HAL_Driver/Src/stm32l4xx_hal_rcc.o
 .debug_ranges  0x0000000000000598       0xb0 ./Drivers/STM32L4xx_HAL_Driver/Src/stm32l4xx_hal_rcc_ex.o
 .debug_ranges  0x0000000000000648      0x188 ./Drivers/STM32L4xx_HAL_Driver/Src/stm32l4xx_ll_usb.o
 .debug_ranges  0x00000000000007d0       0x58 ./Middlewares/ST/STM32_USB_Device_Library/Class/HID/Src/usbd_hid.o
 .debug_ranges  0x0000000000000828       0xa8 ./Middlewares/ST/STM32_USB_Device_Library/Core/Src/usbd_core.o
 .debug_ranges  0x00000000000008d0       0x80 ./Middlewares/ST/STM32_USB_Device_Library/Core/Src/usbd_ctlreq.o
 .debug_ranges  0x0000000000000950       0x40 ./Middlewares/ST/STM32_USB_Device_Library/Core/Src/usbd_ioreq.o
 .debug_ranges  0x0000000000000990       0x30 ./Src/main.o
 .debug_ranges  0x00000000000009c0       0x10 ./Src/stm32l4xx_hal_msp.o
 .debug_ranges  0x00000000000009d0       0x78 ./Src/stm32l4xx_it.o
 .debug_ranges  0x0000000000000a48       0x18 ./Src/system_stm32l4xx.o
 .debug_ranges  0x0000000000000a60       0x10 ./Src/usb_device.o
 .debug_ranges  0x0000000000000a70      0x108 ./Src/usbd_conf.o
 .debug_ranges  0x0000000000000b78       0x58 ./Src/usbd_desc.o
 .debug_ranges  0x0000000000000bd0       0x20 ./Startup/startup_stm32l475vgtx.o

.debug_macro    0x0000000000000000    0x280e4
 .debug_macro   0x0000000000000000      0x223 ./Drivers/STM32L4xx_HAL_Driver/Src/stm32l4xx_hal.o
 .debug_macro   0x0000000000000223      0xaa8 ./Drivers/STM32L4xx_HAL_Driver/Src/stm32l4xx_hal.o
 .debug_macro   0x0000000000000ccb      0x1a7 ./Drivers/STM32L4xx_HAL_Driver/Src/stm32l4xx_hal.o
 .debug_macro   0x0000000000000e72       0x2e ./Drivers/STM32L4xx_HAL_Driver/Src/stm32l4xx_hal.o
 .debug_macro   0x0000000000000ea0       0x28 ./Drivers/STM32L4xx_HAL_Driver/Src/stm32l4xx_hal.o
 .debug_macro   0x0000000000000ec8       0x22 ./Drivers/STM32L4xx_HAL_Driver/Src/stm32l4xx_hal.o
 .debug_macro   0x0000000000000eea       0x8e ./Drivers/STM32L4xx_HAL_Driver/Src/stm32l4xx_hal.o
 .debug_macro   0x0000000000000f78       0x51 ./Drivers/STM32L4xx_HAL_Driver/Src/stm32l4xx_hal.o
 .debug_macro   0x0000000000000fc9      0x103 ./Drivers/STM32L4xx_HAL_Driver/Src/stm32l4xx_hal.o
 .debug_macro   0x00000000000010cc       0x6a ./Drivers/STM32L4xx_HAL_Driver/Src/stm32l4xx_hal.o
 .debug_macro   0x0000000000001136      0x1df ./Drivers/STM32L4xx_HAL_Driver/Src/stm32l4xx_hal.o
 .debug_macro   0x0000000000001315       0x1c ./Drivers/STM32L4xx_HAL_Driver/Src/stm32l4xx_hal.o
 .debug_macro   0x0000000000001331       0x22 ./Drivers/STM32L4xx_HAL_Driver/Src/stm32l4xx_hal.o
 .debug_macro   0x0000000000001353      0x101 ./Drivers/STM32L4xx_HAL_Driver/Src/stm32l4xx_hal.o
 .debug_macro   0x0000000000001454     0x1011 ./Drivers/STM32L4xx_HAL_Driver/Src/stm32l4xx_hal.o
 .debug_macro   0x0000000000002465      0x11f ./Drivers/STM32L4xx_HAL_Driver/Src/stm32l4xx_hal.o
 .debug_macro   0x0000000000002584    0x19db6 ./Drivers/STM32L4xx_HAL_Driver/Src/stm32l4xx_hal.o
 .debug_macro   0x000000000001c33a       0x43 ./Drivers/STM32L4xx_HAL_Driver/Src/stm32l4xx_hal.o
 .debug_macro   0x000000000001c37d     0x3897 ./Drivers/STM32L4xx_HAL_Driver/Src/stm32l4xx_hal.o
 .debug_macro   0x000000000001fc14      0x174 ./Drivers/STM32L4xx_HAL_Driver/Src/stm32l4xx_hal.o
 .debug_macro   0x000000000001fd88       0x5c ./Drivers/STM32L4xx_HAL_Driver/Src/stm32l4xx_hal.o
 .debug_macro   0x000000000001fde4     0x1519 ./Drivers/STM32L4xx_HAL_Driver/Src/stm32l4xx_hal.o
 .debug_macro   0x00000000000212fd      0x59e ./Drivers/STM32L4xx_HAL_Driver/Src/stm32l4xx_hal.o
 .debug_macro   0x000000000002189b      0x13d ./Drivers/STM32L4xx_HAL_Driver/Src/stm32l4xx_hal.o
 .debug_macro   0x00000000000219d8      0x17d ./Drivers/STM32L4xx_HAL_Driver/Src/stm32l4xx_hal.o
 .debug_macro   0x0000000000021b55      0x26b ./Drivers/STM32L4xx_HAL_Driver/Src/stm32l4xx_hal.o
 .debug_macro   0x0000000000021dc0      0x23d ./Drivers/STM32L4xx_HAL_Driver/Src/stm32l4xx_hal.o
 .debug_macro   0x0000000000021ffd      0x241 ./Drivers/STM32L4xx_HAL_Driver/Src/stm32l4xx_hal.o
 .debug_macro   0x000000000002223e      0x37c ./Drivers/STM32L4xx_HAL_Driver/Src/stm32l4xx_hal.o
 .debug_macro   0x00000000000225ba       0xd6 ./Drivers/STM32L4xx_HAL_Driver/Src/stm32l4xx_hal.o
 .debug_macro   0x0000000000022690      0x22c ./Drivers/STM32L4xx_HAL_Driver/Src/stm32l4xx_hal.o
 .debug_macro   0x00000000000228bc       0x61 ./Drivers/STM32L4xx_HAL_Driver/Src/stm32l4xx_hal.o
 .debug_macro   0x000000000002291d       0xa5 ./Drivers/STM32L4xx_HAL_Driver/Src/stm32l4xx_hal.o
 .debug_macro   0x00000000000229c2      0x1ed ./Drivers/STM32L4xx_HAL_Driver/Src/stm32l4xx_hal.o
 .debug_macro   0x0000000000022baf       0x97 ./Drivers/STM32L4xx_HAL_Driver/Src/stm32l4xx_hal.o
 .debug_macro   0x0000000000022c46      0x122 ./Drivers/STM32L4xx_HAL_Driver/Src/stm32l4xx_hal.o
 .debug_macro   0x0000000000022d68      0x3e9 ./Drivers/STM32L4xx_HAL_Driver/Src/stm32l4xx_hal.o
 .debug_macro   0x0000000000023151      0x331 ./Drivers/STM32L4xx_HAL_Driver/Src/stm32l4xx_hal.o
 .debug_macro   0x0000000000023482      0x1d5 ./Drivers/STM32L4xx_HAL_Driver/Src/stm32l4xx_hal_cortex.o
 .debug_macro   0x0000000000023657      0x214 ./Drivers/STM32L4xx_HAL_Driver/Src/stm32l4xx_hal_gpio.o
 .debug_macro   0x000000000002386b      0x1e1 ./Drivers/STM32L4xx_HAL_Driver/Src/stm32l4xx_hal_pcd.o
 .debug_macro   0x0000000000023a4c      0x1d5 ./Drivers/STM32L4xx_HAL_Driver/Src/stm32l4xx_hal_pcd_ex.o
 .debug_macro   0x0000000000023c21      0x1f9 ./Drivers/STM32L4xx_HAL_Driver/Src/stm32l4xx_hal_pwr_ex.o
 .debug_macro   0x0000000000023e1a      0x217 ./Drivers/STM32L4xx_HAL_Driver/Src/stm32l4xx_hal_rcc.o
 .debug_macro   0x0000000000024031      0x20b ./Drivers/STM32L4xx_HAL_Driver/Src/stm32l4xx_hal_rcc_ex.o
 .debug_macro   0x000000000002423c      0x1d5 ./Drivers/STM32L4xx_HAL_Driver/Src/stm32l4xx_ll_usb.o
 .debug_macro   0x0000000000024411      0x3fa ./Middlewares/ST/STM32_USB_Device_Library/Class/HID/Src/usbd_hid.o
 .debug_macro   0x000000000002480b       0x4c ./Middlewares/ST/STM32_USB_Device_Library/Class/HID/Src/usbd_hid.o
 .debug_macro   0x0000000000024857       0x18 ./Middlewares/ST/STM32_USB_Device_Library/Class/HID/Src/usbd_hid.o
 .debug_macro   0x000000000002486f       0x94 ./Middlewares/ST/STM32_USB_Device_Library/Class/HID/Src/usbd_hid.o
 .debug_macro   0x0000000000024903       0x3c ./Middlewares/ST/STM32_USB_Device_Library/Class/HID/Src/usbd_hid.o
 .debug_macro   0x000000000002493f       0x34 ./Middlewares/ST/STM32_USB_Device_Library/Class/HID/Src/usbd_hid.o
 .debug_macro   0x0000000000024973       0x16 ./Middlewares/ST/STM32_USB_Device_Library/Class/HID/Src/usbd_hid.o
 .debug_macro   0x0000000000024989       0x57 ./Middlewares/ST/STM32_USB_Device_Library/Class/HID/Src/usbd_hid.o
 .debug_macro   0x00000000000249e0       0x97 ./Middlewares/ST/STM32_USB_Device_Library/Class/HID/Src/usbd_hid.o
 .debug_macro   0x0000000000024a77      0x339 ./Middlewares/ST/STM32_USB_Device_Library/Class/HID/Src/usbd_hid.o
 .debug_macro   0x0000000000024db0       0xfd ./Middlewares/ST/STM32_USB_Device_Library/Class/HID/Src/usbd_hid.o
 .debug_macro   0x0000000000024ead       0x10 ./Middlewares/ST/STM32_USB_Device_Library/Class/HID/Src/usbd_hid.o
 .debug_macro   0x0000000000024ebd       0x16 ./Middlewares/ST/STM32_USB_Device_Library/Class/HID/Src/usbd_hid.o
 .debug_macro   0x0000000000024ed3       0x43 ./Middlewares/ST/STM32_USB_Device_Library/Class/HID/Src/usbd_hid.o
 .debug_macro   0x0000000000024f16       0x34 ./Middlewares/ST/STM32_USB_Device_Library/Class/HID/Src/usbd_hid.o
 .debug_macro   0x0000000000024f4a       0x10 ./Middlewares/ST/STM32_USB_Device_Library/Class/HID/Src/usbd_hid.o
 .debug_macro   0x0000000000024f5a       0x58 ./Middlewares/ST/STM32_USB_Device_Library/Class/HID/Src/usbd_hid.o
 .debug_macro   0x0000000000024fb2       0x71 ./Middlewares/ST/STM32_USB_Device_Library/Class/HID/Src/usbd_hid.o
 .debug_macro   0x0000000000025023       0x1c ./Middlewares/ST/STM32_USB_Device_Library/Class/HID/Src/usbd_hid.o
 .debug_macro   0x000000000002503f      0x12a ./Middlewares/ST/STM32_USB_Device_Library/Class/HID/Src/usbd_hid.o
 .debug_macro   0x0000000000025169       0x10 ./Middlewares/ST/STM32_USB_Device_Library/Class/HID/Src/usbd_hid.o
 .debug_macro   0x0000000000025179       0x1c ./Middlewares/ST/STM32_USB_Device_Library/Class/HID/Src/usbd_hid.o
 .debug_macro   0x0000000000025195       0x52 ./Middlewares/ST/STM32_USB_Device_Library/Class/HID/Src/usbd_hid.o
 .debug_macro   0x00000000000251e7       0x22 ./Middlewares/ST/STM32_USB_Device_Library/Class/HID/Src/usbd_hid.o
 .debug_macro   0x0000000000025209       0x10 ./Middlewares/ST/STM32_USB_Device_Library/Class/HID/Src/usbd_hid.o
 .debug_macro   0x0000000000025219       0x40 ./Middlewares/ST/STM32_USB_Device_Library/Class/HID/Src/usbd_hid.o
 .debug_macro   0x0000000000025259       0xd5 ./Middlewares/ST/STM32_USB_Device_Library/Class/HID/Src/usbd_hid.o
 .debug_macro   0x000000000002532e       0x1c ./Middlewares/ST/STM32_USB_Device_Library/Class/HID/Src/usbd_hid.o
 .debug_macro   0x000000000002534a       0x3d ./Middlewares/ST/STM32_USB_Device_Library/Class/HID/Src/usbd_hid.o
 .debug_macro   0x0000000000025387       0x16 ./Middlewares/ST/STM32_USB_Device_Library/Class/HID/Src/usbd_hid.o
 .debug_macro   0x000000000002539d      0x145 ./Middlewares/ST/STM32_USB_Device_Library/Class/HID/Src/usbd_hid.o
 .debug_macro   0x00000000000254e2       0x16 ./Middlewares/ST/STM32_USB_Device_Library/Class/HID/Src/usbd_hid.o
 .debug_macro   0x00000000000254f8       0x35 ./Middlewares/ST/STM32_USB_Device_Library/Class/HID/Src/usbd_hid.o
 .debug_macro   0x000000000002552d       0x16 ./Middlewares/ST/STM32_USB_Device_Library/Class/HID/Src/usbd_hid.o
 .debug_macro   0x0000000000025543       0x29 ./Middlewares/ST/STM32_USB_Device_Library/Class/HID/Src/usbd_hid.o
 .debug_macro   0x000000000002556c       0x16 ./Middlewares/ST/STM32_USB_Device_Library/Class/HID/Src/usbd_hid.o
 .debug_macro   0x0000000000025582       0x20 ./Middlewares/ST/STM32_USB_Device_Library/Class/HID/Src/usbd_hid.o
 .debug_macro   0x00000000000255a2       0xfb ./Middlewares/ST/STM32_USB_Device_Library/Class/HID/Src/usbd_hid.o
 .debug_macro   0x000000000002569d       0x56 ./Middlewares/ST/STM32_USB_Device_Library/Class/HID/Src/usbd_hid.o
 .debug_macro   0x00000000000256f3       0x10 ./Middlewares/ST/STM32_USB_Device_Library/Class/HID/Src/usbd_hid.o
 .debug_macro   0x0000000000025703       0x66 ./Middlewares/ST/STM32_USB_Device_Library/Class/HID/Src/usbd_hid.o
 .debug_macro   0x0000000000025769      0x1ef ./Middlewares/ST/STM32_USB_Device_Library/Class/HID/Src/usbd_hid.o
 .debug_macro   0x0000000000025958       0x5e ./Middlewares/ST/STM32_USB_Device_Library/Class/HID/Src/usbd_hid.o
 .debug_macro   0x00000000000259b6      0x3e1 ./Middlewares/ST/STM32_USB_Device_Library/Core/Src/usbd_core.o
 .debug_macro   0x0000000000025d97      0x1f5 ./Middlewares/ST/STM32_USB_Device_Library/Core/Src/usbd_core.o
 .debug_macro   0x0000000000025f8c      0x3eb ./Middlewares/ST/STM32_USB_Device_Library/Core/Src/usbd_ctlreq.o
 .debug_macro   0x0000000000026377      0x3e7 ./Middlewares/ST/STM32_USB_Device_Library/Core/Src/usbd_ioreq.o
 .debug_macro   0x000000000002675e      0x3d3 ./Src/main.o
 .debug_macro   0x0000000000026b31       0x52 ./Src/main.o
 .debug_macro   0x0000000000026b83      0x333 ./Src/main.o
 .debug_macro   0x0000000000026eb6      0x1e4 ./Src/stm32l4xx_hal_msp.o
 .debug_macro   0x000000000002709a      0x1ee ./Src/stm32l4xx_it.o
 .debug_macro   0x0000000000027288      0x1d5 ./Src/system_stm32l4xx.o
 .debug_macro   0x000000000002745d      0x411 ./Src/usb_device.o
 .debug_macro   0x000000000002786e       0x16 ./Src/usb_device.o
 .debug_macro   0x0000000000027884       0x22 ./Src/usb_device.o
 .debug_macro   0x00000000000278a6      0x3fe ./Src/usbd_conf.o
 .debug_macro   0x0000000000027ca4      0x424 ./Src/usbd_desc.o
 .debug_macro   0x00000000000280c8       0x1c ./Src/usbd_desc.o

.debug_line     0x0000000000000000    0x103a8
 .debug_line    0x0000000000000000      0xaf6 ./Drivers/STM32L4xx_HAL_Driver/Src/stm32l4xx_hal.o
 .debug_line    0x0000000000000af6      0xc9d ./Drivers/STM32L4xx_HAL_Driver/Src/stm32l4xx_hal_cortex.o
 .debug_line    0x0000000000001793      0xb70 ./Drivers/STM32L4xx_HAL_Driver/Src/stm32l4xx_hal_gpio.o
 .debug_line    0x0000000000002303     0x11ee ./Drivers/STM32L4xx_HAL_Driver/Src/stm32l4xx_hal_pcd.o
 .debug_line    0x00000000000034f1      0x8e2 ./Drivers/STM32L4xx_HAL_Driver/Src/stm32l4xx_hal_pcd_ex.o
 .debug_line    0x0000000000003dd3      0xcb2 ./Drivers/STM32L4xx_HAL_Driver/Src/stm32l4xx_hal_pwr_ex.o
 .debug_line    0x0000000000004a85      0xf3a ./Drivers/STM32L4xx_HAL_Driver/Src/stm32l4xx_hal_rcc.o
 .debug_line    0x00000000000059bf     0x14af ./Drivers/STM32L4xx_HAL_Driver/Src/stm32l4xx_hal_rcc_ex.o
 .debug_line    0x0000000000006e6e     0x175e ./Drivers/STM32L4xx_HAL_Driver/Src/stm32l4xx_ll_usb.o
 .debug_line    0x00000000000085cc      0xc60 ./Middlewares/ST/STM32_USB_Device_Library/Class/HID/Src/usbd_hid.o
 .debug_line    0x000000000000922c      0xe4e ./Middlewares/ST/STM32_USB_Device_Library/Core/Src/usbd_core.o
 .debug_line    0x000000000000a07a     0x10eb ./Middlewares/ST/STM32_USB_Device_Library/Core/Src/usbd_ctlreq.o
 .debug_line    0x000000000000b165      0xaa5 ./Middlewares/ST/STM32_USB_Device_Library/Core/Src/usbd_ioreq.o
 .debug_line    0x000000000000bc0a      0xab9 ./Src/main.o
 .debug_line    0x000000000000c6c3      0x702 ./Src/stm32l4xx_hal_msp.o
 .debug_line    0x000000000000cdc5      0x83c ./Src/stm32l4xx_it.o
 .debug_line    0x000000000000d601      0x7b2 ./Src/system_stm32l4xx.o
 .debug_line    0x000000000000ddb3      0xa3c ./Src/usb_device.o
 .debug_line    0x000000000000e7ef      0xffd ./Src/usbd_conf.o
 .debug_line    0x000000000000f7ec      0xb3a ./Src/usbd_desc.o
 .debug_line    0x0000000000010326       0x82 ./Startup/startup_stm32l475vgtx.o

.debug_str      0x0000000000000000    0xe6595
 .debug_str     0x0000000000000000    0xde0a1 ./Drivers/STM32L4xx_HAL_Driver/Src/stm32l4xx_hal.o
                                      0xde4f3 (size before relaxing)
 .debug_str     0x00000000000de0a1      0x3e9 ./Drivers/STM32L4xx_HAL_Driver/Src/stm32l4xx_hal_cortex.o
                                      0xde263 (size before relaxing)
 .debug_str     0x00000000000de48a      0x2c0 ./Drivers/STM32L4xx_HAL_Driver/Src/stm32l4xx_hal_gpio.o
                                      0xddc97 (size before relaxing)
 .debug_str     0x00000000000de74a      0x8c9 ./Drivers/STM32L4xx_HAL_Driver/Src/stm32l4xx_hal_pcd.o
                                      0xde17c (size before relaxing)
 .debug_str     0x00000000000df013      0x1b4 ./Drivers/STM32L4xx_HAL_Driver/Src/stm32l4xx_hal_pcd_ex.o
                                      0xdddf4 (size before relaxing)
 .debug_str     0x00000000000df1c7      0x4b4 ./Drivers/STM32L4xx_HAL_Driver/Src/stm32l4xx_hal_pwr_ex.o
                                      0xddf33 (size before relaxing)
 .debug_str     0x00000000000df67b      0x52d ./Drivers/STM32L4xx_HAL_Driver/Src/stm32l4xx_hal_rcc.o
                                      0xddfda (size before relaxing)
 .debug_str     0x00000000000dfba8      0x600 ./Drivers/STM32L4xx_HAL_Driver/Src/stm32l4xx_hal_rcc_ex.o
                                      0xde16b (size before relaxing)
 .debug_str     0x00000000000e01a8      0x698 ./Drivers/STM32L4xx_HAL_Driver/Src/stm32l4xx_ll_usb.o
                                      0xde305 (size before relaxing)
 .debug_str     0x00000000000e0840     0x52f4 ./Middlewares/ST/STM32_USB_Device_Library/Class/HID/Src/usbd_hid.o
                                      0xe2c42 (size before relaxing)
 .debug_str     0x00000000000e5b34      0x1a2 ./Middlewares/ST/STM32_USB_Device_Library/Core/Src/usbd_core.o
                                      0xe2a4b (size before relaxing)
 .debug_str     0x00000000000e5cd6      0x14d ./Middlewares/ST/STM32_USB_Device_Library/Core/Src/usbd_ctlreq.o
                                      0xe2a09 (size before relaxing)
 .debug_str     0x00000000000e5e23       0xc9 ./Middlewares/ST/STM32_USB_Device_Library/Core/Src/usbd_ioreq.o
                                      0xe2959 (size before relaxing)
 .debug_str     0x00000000000e5eec       0x82 ./Src/main.o
                                      0xe30dd (size before relaxing)
 .debug_str     0x00000000000e5f6e       0x1b ./Src/stm32l4xx_hal_msp.o
                                      0xdd9a5 (size before relaxing)
 .debug_str     0x00000000000e5f89      0x11e ./Src/stm32l4xx_it.o
                                      0xddcf3 (size before relaxing)
 .debug_str     0x00000000000e60a7       0x3b ./Src/system_stm32l4xx.o
                                      0xdd9f8 (size before relaxing)
 .debug_str     0x00000000000e60e2       0xaa ./Src/usb_device.o
                                      0xe2aba (size before relaxing)
 .debug_str     0x00000000000e618c      0x14b ./Src/usbd_conf.o
                                      0xe3a94 (size before relaxing)
 .debug_str     0x00000000000e62d7      0x28d ./Src/usbd_desc.o
                                      0xe28ca (size before relaxing)
 .debug_str     0x00000000000e6564       0x31 ./Startup/startup_stm32l475vgtx.o
                                         0x68 (size before relaxing)

.comment        0x0000000000000000       0x53
 .comment       0x0000000000000000       0x53 ./Drivers/STM32L4xx_HAL_Driver/Src/stm32l4xx_hal.o
                                         0x54 (size before relaxing)
 .comment       0x0000000000000053       0x54 ./Drivers/STM32L4xx_HAL_Driver/Src/stm32l4xx_hal_cortex.o
 .comment       0x0000000000000053       0x54 ./Drivers/STM32L4xx_HAL_Driver/Src/stm32l4xx_hal_gpio.o
 .comment       0x0000000000000053       0x54 ./Drivers/STM32L4xx_HAL_Driver/Src/stm32l4xx_hal_pcd.o
 .comment       0x0000000000000053       0x54 ./Drivers/STM32L4xx_HAL_Driver/Src/stm32l4xx_hal_pcd_ex.o
 .comment       0x0000000000000053       0x54 ./Drivers/STM32L4xx_HAL_Driver/Src/stm32l4xx_hal_pwr_ex.o
 .comment       0x0000000000000053       0x54 ./Drivers/STM32L4xx_HAL_Driver/Src/stm32l4xx_hal_rcc.o
 .comment       0x0000000000000053       0x54 ./Drivers/STM32L4xx_HAL_Driver/Src/stm32l4xx_hal_rcc_ex.o
 .comment       0x0000000000000053       0x54 ./Drivers/STM32L4xx_HAL_Driver/Src/stm32l4xx_ll_usb.o
 .comment       0x0000000000000053       0x54 ./Middlewares/ST/STM32_USB_Device_Library/Class/HID/Src/usbd_hid.o
 .comment       0x0000000000000053       0x54 ./Middlewares/ST/STM32_USB_Device_Library/Core/Src/usbd_core.o
 .comment       0x0000000000000053       0x54 ./Middlewares/ST/STM32_USB_Device_Library/Core/Src/usbd_ctlreq.o
 .comment       0x0000000000000053       0x54 ./Middlewares/ST/STM32_USB_Device_Library/Core/Src/usbd_ioreq.o
 .comment       0x0000000000000053       0x54 ./Src/main.o
 .comment       0x0000000000000053       0x54 ./Src/stm32l4xx_hal_msp.o
 .comment       0x0000000000000053       0x54 ./Src/stm32l4xx_it.o
 .comment       0x0000000000000053       0x54 ./Src/system_stm32l4xx.o
 .comment       0x0000000000000053       0x54 ./Src/usb_device.o
 .comment       0x0000000000000053       0x54 ./Src/usbd_conf.o
 .comment       0x0000000000000053       0x54 ./Src/usbd_desc.o

.debug_frame    0x0000000000000000     0x342c
 .debug_frame   0x0000000000000000      0x498 ./Drivers/STM32L4xx_HAL_Driver/Src/stm32l4xx_hal.o
 .debug_frame   0x0000000000000498      0x498 ./Drivers/STM32L4xx_HAL_Driver/Src/stm32l4xx_hal_cortex.o
 .debug_frame   0x0000000000000930      0x14c ./Drivers/STM32L4xx_HAL_Driver/Src/stm32l4xx_hal_gpio.o
 .debug_frame   0x0000000000000a7c      0x544 ./Drivers/STM32L4xx_HAL_Driver/Src/stm32l4xx_hal_pcd.o
 .debug_frame   0x0000000000000fc0      0x174 ./Drivers/STM32L4xx_HAL_Driver/Src/stm32l4xx_hal_pcd_ex.o
 .debug_frame   0x0000000000001134      0x544 ./Drivers/STM32L4xx_HAL_Driver/Src/stm32l4xx_hal_pwr_ex.o
 .debug_frame   0x0000000000001678      0x1f4 ./Drivers/STM32L4xx_HAL_Driver/Src/stm32l4xx_hal_rcc.o
 .debug_frame   0x000000000000186c      0x2fc ./Drivers/STM32L4xx_HAL_Driver/Src/stm32l4xx_hal_rcc_ex.o
 .debug_frame   0x0000000000001b68      0x790 ./Drivers/STM32L4xx_HAL_Driver/Src/stm32l4xx_ll_usb.o
 .debug_frame   0x00000000000022f8      0x190 ./Middlewares/ST/STM32_USB_Device_Library/Class/HID/Src/usbd_hid.o
 .debug_frame   0x0000000000002488      0x2f4 ./Middlewares/ST/STM32_USB_Device_Library/Core/Src/usbd_core.o
 .debug_frame   0x000000000000277c      0x23c ./Middlewares/ST/STM32_USB_Device_Library/Core/Src/usbd_ctlreq.o
 .debug_frame   0x00000000000029b8      0x10c ./Middlewares/ST/STM32_USB_Device_Library/Core/Src/usbd_ioreq.o
 .debug_frame   0x0000000000002ac4       0xb0 ./Src/main.o
 .debug_frame   0x0000000000002b74       0x38 ./Src/stm32l4xx_hal_msp.o
 .debug_frame   0x0000000000002bac      0x190 ./Src/stm32l4xx_it.o
 .debug_frame   0x0000000000002d3c       0x58 ./Src/system_stm32l4xx.o
 .debug_frame   0x0000000000002d94       0x2c ./Src/usb_device.o
 .debug_frame   0x0000000000002dc0      0x498 ./Src/usbd_conf.o
 .debug_frame   0x0000000000003258      0x188 ./Src/usbd_desc.o
 .debug_frame   0x00000000000033e0       0x2c /Applications/STM32CubeIDE.app/Contents/Eclipse/plugins/com.st.stm32cube.ide.mcu.externaltools.gnu-tools-for-stm32.9-2020-q2-update.macos64_2.0.0.202105311346/tools/bin/../lib/gcc/arm-none-eabi/9.3.1/../../../../arm-none-eabi/lib/thumb/v7e-m+fp/hard/libc_nano.a(lib_a-init.o)
 .debug_frame   0x000000000000340c       0x20 /Applications/STM32CubeIDE.app/Contents/Eclipse/plugins/com.st.stm32cube.ide.mcu.externaltools.gnu-tools-for-stm32.9-2020-q2-update.macos64_2.0.0.202105311346/tools/bin/../lib/gcc/arm-none-eabi/9.3.1/../../../../arm-none-eabi/lib/thumb/v7e-m+fp/hard/libc_nano.a(lib_a-memset.o)
