main.c:115:5:main	24	static
main.c:256:6:SystemClock_Config	96	static
main.c:304:6:PeriphCommonClock_Config	144	static
main.c:331:13:MX_ADC1_Init	48	static
main.c:403:13:MX_DAC1_Init	48	static
main.c:444:13:MX_I2C1_Init	8	static
main.c:490:13:MX_TIM2_Init	40	static
main.c:535:13:MX_TIM4_Init	40	static
main.c:580:13:MX_USART1_UART_Init	8	static
main.c:613:13:MX_DMA_Init	16	static
main.c:634:13:MX_GPIO_Init	48	static
main.c:682:6:HAL_GPIO_EXTI_Callback	24	static
main.c:745:6:HAL_TIM_PeriodElapsedCallback	96	static
main.c:760:6:Error_Handler	4	static,ignoring_inline_asm
